Component: Arm Compiler for Embedded 6.21 Tool: armlink [5ec1fa00]

==============================================================================

Section Cross References

    startup.o(STACK) refers (Special) to heapauxi.o(.text) for __use_two_region_memory
    startup.o(HEAP) refers (Special) to heapauxi.o(.text) for __use_two_region_memory
    startup.o(RESET) refers (Special) to heapauxi.o(.text) for __use_two_region_memory
    startup.o(RESET) refers to startup.o(STACK) for StackMem
    startup.o(RESET) refers to uartb2brxint.o(.text.SysTick_Handler) for SysTick_Handler
    startup.o(RESET) refers to uartb2brxint.o(.text.UART0_Handler) for UART0_Handler
    startup.o(RESET) refers to uartb2brxint.o(.text.GPIOPortF_Handler) for GPIOPortF_Handler
    startup.o(RESET) refers to uartb2brxint.o(.text.UART2_Handler) for UART2_Handler
    startup.o(RESET) refers to __main.o(!!!main) for __main
    startup.o(.text) refers (Special) to heapauxi.o(.text) for __use_two_region_memory
    startup.o(.text) refers to startup.o(HEAP) for HeapMem
    startup.o(.text) refers to startup.o(STACK) for StackMem
    uart.o(.ARM.exidx.text.UART2_Init) refers to uart.o(.text.UART2_Init) for [Anonymous Symbol]
    uart.o(.ARM.exidx.text.UART2_InChar) refers to uart.o(.text.UART2_InChar) for [Anonymous Symbol]
    uart.o(.ARM.exidx.text.UART2_OutChar) refers to uart.o(.text.UART2_OutChar) for [Anonymous Symbol]
    uart.o(.text.UART2_OutString) refers to uart.o(.text.UART2_OutChar) for UART2_OutChar
    uart.o(.ARM.exidx.text.UART2_OutString) refers to uart.o(.text.UART2_OutString) for [Anonymous Symbol]
    uartb2brxint.o(.text.main) refers to startup.o(.text) for DisableInterrupts
    uartb2brxint.o(.text.main) refers to pll.o(.text.PLL_Init) for PLL_Init
    uartb2brxint.o(.text.main) refers to usbuart.o(.text.UART0_Init) for UART0_Init
    uartb2brxint.o(.text.main) refers to uart.o(.text.UART2_Init) for UART2_Init
    uartb2brxint.o(.text.main) refers to ledsw.o(.text.LEDSW_Init) for LEDSW_Init
    uartb2brxint.o(.text.main) refers to ledsw.o(.text.DisableSysTick) for DisableSysTick
    uartb2brxint.o(.text.main) refers to uartb2brxint.o(.bss.COLOR_INDEX) for COLOR_INDEX
    uartb2brxint.o(.text.main) refers to uartb2brxint.o(.rodata.color_wheel) for color_wheel
    uartb2brxint.o(.text.main) refers to uartb2brxint.o(.bss.MODE) for MODE
    uartb2brxint.o(.text.main) refers to uartb2brxint.o(.text.Main_Menu) for Main_Menu
    uartb2brxint.o(.text.main) refers to uartb2brxint.o(.bss.str_idx) for str_idx
    uartb2brxint.o(.text.main) refers to uartb2brxint.o(.bss.end_of_str) for end_of_str
    uartb2brxint.o(.text.main) refers to usbuart.o(.text.UART0_OutCRLF) for UART0_OutCRLF
    uartb2brxint.o(.text.main) refers to uartb2brxint.o(.bss.string) for string
    uartb2brxint.o(.text.main) refers to ledsw.o(.text.EnableSysTick) for EnableSysTick
    uartb2brxint.o(.text.main) refers to uartb2brxint.o(.text.Mode1) for Mode1
    uartb2brxint.o(.text.main) refers to uartb2brxint.o(.text.Mode2) for Mode2
    uartb2brxint.o(.text.main) refers to uartb2brxint.o(.bss.QUIT_CHAT) for QUIT_CHAT
    uartb2brxint.o(.text.main) refers to uartb2brxint.o(.text.Mode3) for Mode3
    uartb2brxint.o(.text.main) refers to uartb2brxint.o(.rodata.str1.1) for .L.str
    uartb2brxint.o(.text.main) refers to usbuart.o(.text.UART0_OutString) for UART0_OutString
    uartb2brxint.o(.ARM.exidx.text.main) refers to uartb2brxint.o(.text.main) for [Anonymous Symbol]
    uartb2brxint.o(.text.Mode1) refers to uartb2brxint.o(.text.Mode1_Menu) for Mode1_Menu
    uartb2brxint.o(.text.Mode1) refers to uartb2brxint.o(.bss.str_idx) for str_idx
    uartb2brxint.o(.text.Mode1) refers to uartb2brxint.o(.bss.end_of_str) for end_of_str
    uartb2brxint.o(.text.Mode1) refers to startup.o(.text) for WaitForInterrupt
    uartb2brxint.o(.text.Mode1) refers to usbuart.o(.text.UART0_OutCRLF) for UART0_OutCRLF
    uartb2brxint.o(.text.Mode1) refers to uartb2brxint.o(.bss.string) for string
    uartb2brxint.o(.text.Mode1) refers to uartb2brxint.o(.text.Mode1_ChangeLED) for Mode1_ChangeLED
    uartb2brxint.o(.text.Mode1) refers to uartb2brxint.o(.text.Mode1_ChangeBrightness) for Mode1_ChangeBrightness
    uartb2brxint.o(.text.Mode1) refers to uartb2brxint.o(.bss.MODE) for MODE
    uartb2brxint.o(.text.Mode1) refers to uartb2brxint.o(.rodata.str1.1) for .L.str
    uartb2brxint.o(.text.Mode1) refers to usbuart.o(.text.UART0_OutString) for UART0_OutString
    uartb2brxint.o(.text.Mode1) refers to ledsw.o(.text.DisableSysTick) for DisableSysTick
    uartb2brxint.o(.ARM.exidx.text.Mode1) refers to uartb2brxint.o(.text.Mode1) for [Anonymous Symbol]
    uartb2brxint.o(.text.Mode2) refers to uart.o(.text.UART2_OutChar) for UART2_OutChar
    uartb2brxint.o(.text.Mode2) refers to uartb2brxint.o(.text.Mode2_MenuTX) for Mode2_MenuTX
    uartb2brxint.o(.text.Mode2) refers to uartb2brxint.o(.bss.end_of_str) for end_of_str
    uartb2brxint.o(.text.Mode2) refers to startup.o(.text) for WaitForInterrupt
    uartb2brxint.o(.text.Mode2) refers to uartb2brxint.o(.bss.str_idx) for str_idx
    uartb2brxint.o(.text.Mode2) refers to uartb2brxint.o(.bss.COLOR_INDEX) for COLOR_INDEX
    uartb2brxint.o(.text.Mode2) refers to uartb2brxint.o(.bss.MODE) for MODE
    uartb2brxint.o(.ARM.exidx.text.Mode2) refers to uartb2brxint.o(.text.Mode2) for [Anonymous Symbol]
    uartb2brxint.o(.text.Mode3) refers to uart.o(.text.UART2_OutChar) for UART2_OutChar
    uartb2brxint.o(.text.Mode3) refers to uartb2brxint.o(.bss.MODE) for MODE
    uartb2brxint.o(.text.Mode3) refers to usbuart.o(.text.UART0_OutCRLF) for UART0_OutCRLF
    uartb2brxint.o(.text.Mode3) refers to uartb2brxint.o(.rodata.str1.1) for .L.str.1
    uartb2brxint.o(.text.Mode3) refers to usbuart.o(.text.UART0_OutString) for UART0_OutString
    uartb2brxint.o(.text.Mode3) refers to uartb2brxint.o(.bss.QUIT_CHAT) for QUIT_CHAT
    uartb2brxint.o(.text.Mode3) refers to uartb2brxint.o(.bss.end_of_str) for end_of_str
    uartb2brxint.o(.text.Mode3) refers to uartb2brxint.o(.bss.str_idx) for str_idx
    uartb2brxint.o(.text.Mode3) refers to startup.o(.text) for WaitForInterrupt
    uartb2brxint.o(.text.Mode3) refers to uartb2brxint.o(.bss.string) for string
    uartb2brxint.o(.text.Mode3) refers to uart.o(.text.UART2_OutString) for UART2_OutString
    uartb2brxint.o(.text.Mode3) refers to uartb2brxint.o(.bss.in_end_of_str) for in_end_of_str
    uartb2brxint.o(.text.Mode3) refers to uartb2brxint.o(.bss.in_str_idx) for in_str_idx
    uartb2brxint.o(.text.Mode3) refers to uartb2brxint.o(.bss.in_string) for in_string
    uartb2brxint.o(.ARM.exidx.text.Mode3) refers to uartb2brxint.o(.text.Mode3) for [Anonymous Symbol]
    uartb2brxint.o(.text.Main_Menu) refers to usbuart.o(.text.UART0_OutCRLF) for UART0_OutCRLF
    uartb2brxint.o(.text.Main_Menu) refers to uartb2brxint.o(.rodata.str1.1) for .L.str.7
    uartb2brxint.o(.text.Main_Menu) refers to usbuart.o(.text.UART0_OutString) for UART0_OutString
    uartb2brxint.o(.ARM.exidx.text.Main_Menu) refers to uartb2brxint.o(.text.Main_Menu) for [Anonymous Symbol]
    uartb2brxint.o(.text.Mode1_Menu) refers to uartb2brxint.o(.rodata.str1.1) for .L.str.14
    uartb2brxint.o(.text.Mode1_Menu) refers to usbuart.o(.text.UART0_OutString) for UART0_OutString
    uartb2brxint.o(.text.Mode1_Menu) refers to usbuart.o(.text.UART0_OutCRLF) for UART0_OutCRLF
    uartb2brxint.o(.ARM.exidx.text.Mode1_Menu) refers to uartb2brxint.o(.text.Mode1_Menu) for [Anonymous Symbol]
    uartb2brxint.o(.text.Mode2_MenuRX) refers to usbuart.o(.text.UART0_OutCRLF) for UART0_OutCRLF
    uartb2brxint.o(.text.Mode2_MenuRX) refers to uartb2brxint.o(.rodata.str1.1) for .L.str.19
    uartb2brxint.o(.text.Mode2_MenuRX) refers to usbuart.o(.text.UART0_OutString) for UART0_OutString
    uartb2brxint.o(.ARM.exidx.text.Mode2_MenuRX) refers to uartb2brxint.o(.text.Mode2_MenuRX) for [Anonymous Symbol]
    uartb2brxint.o(.text.Mode2_MenuTX) refers to usbuart.o(.text.UART0_OutCRLF) for UART0_OutCRLF
    uartb2brxint.o(.text.Mode2_MenuTX) refers to uartb2brxint.o(.rodata.str1.1) for .L.str.21
    uartb2brxint.o(.text.Mode2_MenuTX) refers to usbuart.o(.text.UART0_OutString) for UART0_OutString
    uartb2brxint.o(.text.Mode2_MenuTX) refers to uartb2brxint.o(.text.LEDtoSTR) for LEDtoSTR
    uartb2brxint.o(.ARM.exidx.text.Mode2_MenuTX) refers to uartb2brxint.o(.text.Mode2_MenuTX) for [Anonymous Symbol]
    uartb2brxint.o(.text.LEDtoSTR) refers to uartb2brxint.o(.rodata.str1.1) for .L.str.26
    uartb2brxint.o(.ARM.exidx.text.LEDtoSTR) refers to uartb2brxint.o(.text.LEDtoSTR) for [Anonymous Symbol]
    uartb2brxint.o(.ARM.exidx.text.LEDtoINDEX) refers to uartb2brxint.o(.text.LEDtoINDEX) for [Anonymous Symbol]
    uartb2brxint.o(.text.Mode1_ChangeLED) refers to usbuart.o(.text.UART0_OutCRLF) for UART0_OutCRLF
    uartb2brxint.o(.text.Mode1_ChangeLED) refers to uartb2brxint.o(.rodata.str1.1) for .L.str.35
    uartb2brxint.o(.text.Mode1_ChangeLED) refers to usbuart.o(.text.UART0_OutString) for UART0_OutString
    uartb2brxint.o(.text.Mode1_ChangeLED) refers to uartb2brxint.o(.bss.end_of_str) for end_of_str
    uartb2brxint.o(.text.Mode1_ChangeLED) refers to startup.o(.text) for WaitForInterrupt
    uartb2brxint.o(.text.Mode1_ChangeLED) refers to uartb2brxint.o(.bss.str_idx) for str_idx
    uartb2brxint.o(.text.Mode1_ChangeLED) refers to uartb2brxint.o(.bss.string) for string
    uartb2brxint.o(.text.Mode1_ChangeLED) refers to uartb2brxint.o(.bss.COLOR_INDEX) for COLOR_INDEX
    uartb2brxint.o(.ARM.exidx.text.Mode1_ChangeLED) refers to uartb2brxint.o(.text.Mode1_ChangeLED) for [Anonymous Symbol]
    uartb2brxint.o(.text.Mode1_ChangeBrightness) refers to usbuart.o(.text.UART0_OutCRLF) for UART0_OutCRLF
    uartb2brxint.o(.text.Mode1_ChangeBrightness) refers to uartb2brxint.o(.rodata.str1.1) for .L.str.38
    uartb2brxint.o(.text.Mode1_ChangeBrightness) refers to usbuart.o(.text.UART0_OutString) for UART0_OutString
    uartb2brxint.o(.text.Mode1_ChangeBrightness) refers to uartb2brxint.o(.bss.end_of_str) for end_of_str
    uartb2brxint.o(.text.Mode1_ChangeBrightness) refers to startup.o(.text) for WaitForInterrupt
    uartb2brxint.o(.text.Mode1_ChangeBrightness) refers to uartb2brxint.o(.bss.str_idx) for str_idx
    uartb2brxint.o(.text.Mode1_ChangeBrightness) refers to uartb2brxint.o(.bss.string) for string
    uartb2brxint.o(.text.Mode1_ChangeBrightness) refers to uartb2brxint.o(.text.StringToDecimal) for StringToDecimal
    uartb2brxint.o(.text.Mode1_ChangeBrightness) refers to uartb2brxint.o(.bss.BRIGHTNESS) for BRIGHTNESS
    uartb2brxint.o(.text.Mode1_ChangeBrightness) refers to uartb2brxint.o(.bss.COLOR_INDEX) for COLOR_INDEX
    uartb2brxint.o(.text.Mode1_ChangeBrightness) refers to uartb2brxint.o(.rodata.color_wheel) for color_wheel
    uartb2brxint.o(.text.Mode1_ChangeBrightness) refers to ledsw.o(.bss.LOW) for LOW
    uartb2brxint.o(.text.Mode1_ChangeBrightness) refers to ledsw.o(.bss.HIGH) for HIGH
    uartb2brxint.o(.ARM.exidx.text.Mode1_ChangeBrightness) refers to uartb2brxint.o(.text.Mode1_ChangeBrightness) for [Anonymous Symbol]
    uartb2brxint.o(.ARM.exidx.text.StringToDecimal) refers to uartb2brxint.o(.text.StringToDecimal) for [Anonymous Symbol]
    uartb2brxint.o(.text.SysTick_Handler) refers to uartb2brxint.o(.bss.COLOR_INDEX) for COLOR_INDEX
    uartb2brxint.o(.text.SysTick_Handler) refers to uartb2brxint.o(.rodata.color_wheel) for color_wheel
    uartb2brxint.o(.text.SysTick_Handler) refers to ledsw.o(.bss.LOW) for LOW
    uartb2brxint.o(.text.SysTick_Handler) refers to ledsw.o(.bss.HIGH) for HIGH
    uartb2brxint.o(.ARM.exidx.text.SysTick_Handler) refers to uartb2brxint.o(.text.SysTick_Handler) for [Anonymous Symbol]
    uartb2brxint.o(.text.GPIOPortF_Handler) refers to uartb2brxint.o(.bss.MODE) for MODE
    uartb2brxint.o(.text.GPIOPortF_Handler) refers to uartb2brxint.o(.bss.COLOR_INDEX) for COLOR_INDEX
    uartb2brxint.o(.text.GPIOPortF_Handler) refers to uartb2brxint.o(.rodata.color_wheel) for color_wheel
    uartb2brxint.o(.text.GPIOPortF_Handler) refers to uart.o(.text.UART2_OutChar) for UART2_OutChar
    uartb2brxint.o(.text.GPIOPortF_Handler) refers to uartb2brxint.o(.text.Mode2_MenuRX) for Mode2_MenuRX
    uartb2brxint.o(.text.GPIOPortF_Handler) refers to uartb2brxint.o(.bss.QUIT_CHAT) for QUIT_CHAT
    uartb2brxint.o(.ARM.exidx.text.GPIOPortF_Handler) refers to uartb2brxint.o(.text.GPIOPortF_Handler) for [Anonymous Symbol]
    uartb2brxint.o(.text.UART2_Handler) refers to uartb2brxint.o(.bss.MODE) for MODE
    uartb2brxint.o(.text.UART2_Handler) refers to uartb2brxint.o(.text.LEDtoINDEX) for LEDtoINDEX
    uartb2brxint.o(.text.UART2_Handler) refers to uartb2brxint.o(.bss.COLOR_INDEX) for COLOR_INDEX
    uartb2brxint.o(.text.UART2_Handler) refers to uartb2brxint.o(.text.Mode2_MenuTX) for Mode2_MenuTX
    uartb2brxint.o(.text.UART2_Handler) refers to uartb2brxint.o(.bss.QUIT_CHAT) for QUIT_CHAT
    uartb2brxint.o(.text.UART2_Handler) refers to uartb2brxint.o(.bss.in_end_of_str) for in_end_of_str
    uartb2brxint.o(.text.UART2_Handler) refers to uartb2brxint.o(.bss.in_str_idx) for in_str_idx
    uartb2brxint.o(.text.UART2_Handler) refers to uartb2brxint.o(.bss.in_string) for in_string
    uartb2brxint.o(.ARM.exidx.text.UART2_Handler) refers to uartb2brxint.o(.text.UART2_Handler) for [Anonymous Symbol]
    uartb2brxint.o(.text.UART0_Handler) refers to uartb2brxint.o(.bss.end_of_str) for end_of_str
    uartb2brxint.o(.text.UART0_Handler) refers to uartb2brxint.o(.bss.str_idx) for str_idx
    uartb2brxint.o(.text.UART0_Handler) refers to uartb2brxint.o(.bss.string) for string
    uartb2brxint.o(.text.UART0_Handler) refers to usbuart.o(.text.UART0_OutChar) for UART0_OutChar
    uartb2brxint.o(.ARM.exidx.text.UART0_Handler) refers to uartb2brxint.o(.text.UART0_Handler) for [Anonymous Symbol]
    usbuart.o(.ARM.exidx.text.UART0_Init) refers to usbuart.o(.text.UART0_Init) for [Anonymous Symbol]
    usbuart.o(.text.UART0_OutCRLF) refers to usbuart.o(.text.UART0_OutChar) for UART0_OutChar
    usbuart.o(.ARM.exidx.text.UART0_OutCRLF) refers to usbuart.o(.text.UART0_OutCRLF) for [Anonymous Symbol]
    usbuart.o(.ARM.exidx.text.UART0_OutChar) refers to usbuart.o(.text.UART0_OutChar) for [Anonymous Symbol]
    usbuart.o(.ARM.exidx.text.UART0_InChar) refers to usbuart.o(.text.UART0_InChar) for [Anonymous Symbol]
    usbuart.o(.text.UART0_OutString) refers to usbuart.o(.text.UART0_OutChar) for UART0_OutChar
    usbuart.o(.ARM.exidx.text.UART0_OutString) refers to usbuart.o(.text.UART0_OutString) for [Anonymous Symbol]
    usbuart.o(.text.UART0_InUDec) refers to usbuart.o(.text.UART0_InChar) for UART0_InChar
    usbuart.o(.text.UART0_InUDec) refers to usbuart.o(.text.UART0_OutChar) for UART0_OutChar
    usbuart.o(.ARM.exidx.text.UART0_InUDec) refers to usbuart.o(.text.UART0_InUDec) for [Anonymous Symbol]
    usbuart.o(.text.UART0_OutUDec) refers to usbuart.o(.text.UART0_OutChar) for UART0_OutChar
    usbuart.o(.ARM.exidx.text.UART0_OutUDec) refers to usbuart.o(.text.UART0_OutUDec) for [Anonymous Symbol]
    usbuart.o(.text.UART0_InUHex) refers to usbuart.o(.text.UART0_InChar) for UART0_InChar
    usbuart.o(.text.UART0_InUHex) refers to usbuart.o(.text.UART0_OutChar) for UART0_OutChar
    usbuart.o(.ARM.exidx.text.UART0_InUHex) refers to usbuart.o(.text.UART0_InUHex) for [Anonymous Symbol]
    usbuart.o(.text.UART0_OutUHex) refers to usbuart.o(.text.UART0_OutChar) for UART0_OutChar
    usbuart.o(.ARM.exidx.text.UART0_OutUHex) refers to usbuart.o(.text.UART0_OutUHex) for [Anonymous Symbol]
    usbuart.o(.text.UART0_InString) refers to usbuart.o(.text.UART0_InChar) for UART0_InChar
    usbuart.o(.text.UART0_InString) refers to usbuart.o(.text.UART0_OutChar) for UART0_OutChar
    usbuart.o(.ARM.exidx.text.UART0_InString) refers to usbuart.o(.text.UART0_InString) for [Anonymous Symbol]
    pll.o(.ARM.exidx.text.PLL_Init) refers to pll.o(.text.PLL_Init) for [Anonymous Symbol]
    ledsw.o(.text.LEDSW_Init) refers to ledsw.o(.bss.HIGH) for HIGH
    ledsw.o(.text.LEDSW_Init) refers to ledsw.o(.bss.LOW) for LOW
    ledsw.o(.ARM.exidx.text.LEDSW_Init) refers to ledsw.o(.text.LEDSW_Init) for [Anonymous Symbol]
    ledsw.o(.ARM.exidx.text.DisableSysTick) refers to ledsw.o(.text.DisableSysTick) for [Anonymous Symbol]
    ledsw.o(.ARM.exidx.text.EnableSysTick) refers to ledsw.o(.text.EnableSysTick) for [Anonymous Symbol]
    __main.o(!!!main) refers to __rtentry.o(.ARM.Collect$$rtentry$$00000000) for __rt_entry
    __rtentry.o(.ARM.Collect$$rtentry$$00000000) refers (Special) to __rtentry2.o(.ARM.Collect$$rtentry$$0000000A) for __rt_entry_li
    __rtentry.o(.ARM.Collect$$rtentry$$00000000) refers (Special) to __rtentry2.o(.ARM.Collect$$rtentry$$0000000D) for __rt_entry_main
    __rtentry.o(.ARM.Collect$$rtentry$$00000000) refers (Special) to __rtentry2.o(.ARM.Collect$$rtentry$$0000000C) for __rt_entry_postli_1
    __rtentry.o(.ARM.Collect$$rtentry$$00000000) refers (Special) to __rtentry2.o(.ARM.Collect$$rtentry$$00000009) for __rt_entry_postsh_1
    __rtentry.o(.ARM.Collect$$rtentry$$00000000) refers (Special) to __rtentry2.o(.ARM.Collect$$rtentry$$00000002) for __rt_entry_presh_1
    __rtentry.o(.ARM.Collect$$rtentry$$00000000) refers (Special) to __rtentry4.o(.ARM.Collect$$rtentry$$00000004) for __rt_entry_sh
    __rtentry2.o(.ARM.Collect$$rtentry$$00000008) refers to boardinit2.o(.text) for _platform_post_stackheap_init
    __rtentry2.o(.ARM.Collect$$rtentry$$0000000A) refers to libinit.o(.ARM.Collect$$libinit$$00000000) for __rt_lib_init
    __rtentry2.o(.ARM.Collect$$rtentry$$0000000B) refers to boardinit3.o(.text) for _platform_post_lib_init
    __rtentry2.o(.ARM.Collect$$rtentry$$0000000D) refers to uartb2brxint.o(.text.main) for main
    __rtentry2.o(.ARM.Collect$$rtentry$$0000000D) refers to exit.o(.text) for exit
    __rtentry2.o(.ARM.exidx) refers to __rtentry2.o(.ARM.Collect$$rtentry$$00000001) for .ARM.Collect$$rtentry$$00000001
    __rtentry2.o(.ARM.exidx) refers to __rtentry2.o(.ARM.Collect$$rtentry$$00000008) for .ARM.Collect$$rtentry$$00000008
    __rtentry2.o(.ARM.exidx) refers to __rtentry2.o(.ARM.Collect$$rtentry$$0000000A) for .ARM.Collect$$rtentry$$0000000A
    __rtentry2.o(.ARM.exidx) refers to __rtentry2.o(.ARM.Collect$$rtentry$$0000000B) for .ARM.Collect$$rtentry$$0000000B
    __rtentry2.o(.ARM.exidx) refers to __rtentry2.o(.ARM.Collect$$rtentry$$0000000D) for .ARM.Collect$$rtentry$$0000000D
    __rtentry4.o(.ARM.Collect$$rtentry$$00000004) refers to sys_stackheap_outer.o(.text) for __user_setup_stackheap
    __rtentry4.o(.ARM.exidx) refers to __rtentry4.o(.ARM.Collect$$rtentry$$00000004) for .ARM.Collect$$rtentry$$00000004
    sys_stackheap_outer.o(.text) refers to libspace.o(.text) for __user_perproc_libspace
    sys_stackheap_outer.o(.text) refers to startup.o(.text) for __user_initial_stackheap
    exit.o(.text) refers to rtexit.o(.ARM.Collect$$rtexit$$00000000) for __rt_exit
    libinit.o(.ARM.Collect$$libinit$$00000000) refers (Special) to libinit2.o(.ARM.Collect$$libinit$$00000030) for __rt_lib_init_alloca_1
    libinit.o(.ARM.Collect$$libinit$$00000000) refers (Special) to libinit2.o(.ARM.Collect$$libinit$$0000002E) for __rt_lib_init_argv_1
    libinit.o(.ARM.Collect$$libinit$$00000000) refers (Special) to libinit2.o(.ARM.Collect$$libinit$$0000001D) for __rt_lib_init_atexit_1
    libinit.o(.ARM.Collect$$libinit$$00000000) refers (Special) to libinit2.o(.ARM.Collect$$libinit$$00000023) for __rt_lib_init_clock_1
    libinit.o(.ARM.Collect$$libinit$$00000000) refers (Special) to libinit2.o(.ARM.Collect$$libinit$$00000034) for __rt_lib_init_cpp_1
    libinit.o(.ARM.Collect$$libinit$$00000000) refers (Special) to libinit2.o(.ARM.Collect$$libinit$$00000032) for __rt_lib_init_exceptions_1
    libinit.o(.ARM.Collect$$libinit$$00000000) refers (Special) to libinit2.o(.ARM.Collect$$libinit$$00000002) for __rt_lib_init_fp_1
    libinit.o(.ARM.Collect$$libinit$$00000000) refers (Special) to libinit2.o(.ARM.Collect$$libinit$$00000021) for __rt_lib_init_fp_trap_1
    libinit.o(.ARM.Collect$$libinit$$00000000) refers (Special) to libinit2.o(.ARM.Collect$$libinit$$00000025) for __rt_lib_init_getenv_1
    libinit.o(.ARM.Collect$$libinit$$00000000) refers (Special) to libinit2.o(.ARM.Collect$$libinit$$0000000C) for __rt_lib_init_heap_1
    libinit.o(.ARM.Collect$$libinit$$00000000) refers (Special) to libinit2.o(.ARM.Collect$$libinit$$00000013) for __rt_lib_init_lc_collate_1
    libinit.o(.ARM.Collect$$libinit$$00000000) refers (Special) to libinit2.o(.ARM.Collect$$libinit$$00000015) for __rt_lib_init_lc_ctype_1
    libinit.o(.ARM.Collect$$libinit$$00000000) refers (Special) to libinit2.o(.ARM.Collect$$libinit$$00000017) for __rt_lib_init_lc_monetary_1
    libinit.o(.ARM.Collect$$libinit$$00000000) refers (Special) to libinit2.o(.ARM.Collect$$libinit$$00000019) for __rt_lib_init_lc_numeric_1
    libinit.o(.ARM.Collect$$libinit$$00000000) refers (Special) to libinit2.o(.ARM.Collect$$libinit$$0000001B) for __rt_lib_init_lc_time_1
    libinit.o(.ARM.Collect$$libinit$$00000000) refers (Special) to libinit2.o(.ARM.Collect$$libinit$$00000006) for __rt_lib_init_preinit_1
    libinit.o(.ARM.Collect$$libinit$$00000000) refers (Special) to libinit2.o(.ARM.Collect$$libinit$$00000010) for __rt_lib_init_rand_1
    libinit.o(.ARM.Collect$$libinit$$00000000) refers (Special) to libinit2.o(.ARM.Collect$$libinit$$00000004) for __rt_lib_init_relocate_pie_1
    libinit.o(.ARM.Collect$$libinit$$00000000) refers (Special) to libinit2.o(.ARM.Collect$$libinit$$00000035) for __rt_lib_init_return
    libinit.o(.ARM.Collect$$libinit$$00000000) refers (Special) to libinit2.o(.ARM.Collect$$libinit$$0000001F) for __rt_lib_init_signal_1
    libinit.o(.ARM.Collect$$libinit$$00000000) refers (Special) to libinit2.o(.ARM.Collect$$libinit$$00000027) for __rt_lib_init_stdio_1
    libinit.o(.ARM.Collect$$libinit$$00000000) refers (Special) to libinit2.o(.ARM.Collect$$libinit$$0000000E) for __rt_lib_init_user_alloc_1
    libspace.o(.text) refers to libspace.o(.bss) for __libspace_start
    rtexit.o(.ARM.Collect$$rtexit$$00000000) refers (Special) to rtexit2.o(.ARM.Collect$$rtexit$$00000004) for __rt_exit_exit
    rtexit.o(.ARM.Collect$$rtexit$$00000000) refers (Special) to rtexit2.o(.ARM.Collect$$rtexit$$00000003) for __rt_exit_ls
    rtexit.o(.ARM.Collect$$rtexit$$00000000) refers (Special) to rtexit2.o(.ARM.Collect$$rtexit$$00000002) for __rt_exit_prels_1
    rtexit.o(.ARM.exidx) refers (Special) to rtexit2.o(.ARM.Collect$$rtexit$$00000004) for __rt_exit_exit
    rtexit.o(.ARM.exidx) refers (Special) to rtexit2.o(.ARM.Collect$$rtexit$$00000003) for __rt_exit_ls
    rtexit.o(.ARM.exidx) refers (Special) to rtexit2.o(.ARM.Collect$$rtexit$$00000002) for __rt_exit_prels_1
    rtexit.o(.ARM.exidx) refers to rtexit.o(.ARM.Collect$$rtexit$$00000000) for .ARM.Collect$$rtexit$$00000000
    libinit2.o(.ARM.Collect$$libinit$$00000012) refers to libinit2.o(.ARM.Collect$$libinit$$00000011) for .ARM.Collect$$libinit$$00000011
    libinit2.o(.ARM.Collect$$libinit$$00000014) refers to libinit2.o(.ARM.Collect$$libinit$$00000011) for .ARM.Collect$$libinit$$00000011
    libinit2.o(.ARM.Collect$$libinit$$00000016) refers to libinit2.o(.ARM.Collect$$libinit$$00000011) for .ARM.Collect$$libinit$$00000011
    libinit2.o(.ARM.Collect$$libinit$$00000018) refers to libinit2.o(.ARM.Collect$$libinit$$00000011) for .ARM.Collect$$libinit$$00000011
    libinit2.o(.ARM.Collect$$libinit$$0000001A) refers to libinit2.o(.ARM.Collect$$libinit$$00000011) for .ARM.Collect$$libinit$$00000011
    libinit2.o(.ARM.Collect$$libinit$$00000028) refers to argv_veneer.o(.emb_text) for __ARM_argv_veneer
    libinit2.o(.ARM.Collect$$libinit$$00000029) refers to argv_veneer.o(.emb_text) for __ARM_argv_veneer
    rtexit2.o(.ARM.Collect$$rtexit$$00000003) refers to libshutdown.o(.ARM.Collect$$libshutdown$$00000000) for __rt_lib_shutdown
    rtexit2.o(.ARM.Collect$$rtexit$$00000004) refers to sys_exit.o(.text) for _sys_exit
    rtexit2.o(.ARM.exidx) refers to rtexit2.o(.ARM.Collect$$rtexit$$00000001) for .ARM.Collect$$rtexit$$00000001
    rtexit2.o(.ARM.exidx) refers to rtexit2.o(.ARM.Collect$$rtexit$$00000003) for .ARM.Collect$$rtexit$$00000003
    rtexit2.o(.ARM.exidx) refers to rtexit2.o(.ARM.Collect$$rtexit$$00000004) for .ARM.Collect$$rtexit$$00000004
    argv_veneer.o(.emb_text) refers to no_argv.o(.text) for __ARM_get_argv
    sys_exit.o(.text) refers (Special) to use_no_semi.o(.text) for __I$use$semihosting
    sys_exit.o(.text) refers (Special) to indicate_semi.o(.text) for __semihosting_library_function
    sys_exit_hlt.o(.text) refers (Special) to use_no_semi.o(.text) for __I$use$semihosting
    sys_exit_hlt.o(.text) refers (Special) to indicate_semi.o(.text) for __semihosting_library_function
    _get_argv_nomalloc.o(.text) refers (Special) to hrguard.o(.text) for __heap_region$guard
    _get_argv_nomalloc.o(.text) refers to defsig_rtmem_outer.o(.text) for __rt_SIGRTMEM
    _get_argv_nomalloc.o(.text) refers to sys_command.o(.text) for _sys_command_string
    libshutdown.o(.ARM.Collect$$libshutdown$$00000000) refers (Special) to libshutdown2.o(.ARM.Collect$$libshutdown$$00000002) for __rt_lib_shutdown_cpp_1
    libshutdown.o(.ARM.Collect$$libshutdown$$00000000) refers (Special) to libshutdown2.o(.ARM.Collect$$libshutdown$$00000007) for __rt_lib_shutdown_fp_trap_1
    libshutdown.o(.ARM.Collect$$libshutdown$$00000000) refers (Special) to libshutdown2.o(.ARM.Collect$$libshutdown$$0000000F) for __rt_lib_shutdown_heap_1
    libshutdown.o(.ARM.Collect$$libshutdown$$00000000) refers (Special) to libshutdown2.o(.ARM.Collect$$libshutdown$$00000010) for __rt_lib_shutdown_return
    libshutdown.o(.ARM.Collect$$libshutdown$$00000000) refers (Special) to libshutdown2.o(.ARM.Collect$$libshutdown$$0000000A) for __rt_lib_shutdown_signal_1
    libshutdown.o(.ARM.Collect$$libshutdown$$00000000) refers (Special) to libshutdown2.o(.ARM.Collect$$libshutdown$$00000004) for __rt_lib_shutdown_stdio_1
    libshutdown.o(.ARM.Collect$$libshutdown$$00000000) refers (Special) to libshutdown2.o(.ARM.Collect$$libshutdown$$0000000C) for __rt_lib_shutdown_user_alloc_1
    sys_command.o(.text) refers (Special) to use_no_semi.o(.text) for __I$use$semihosting
    sys_command.o(.text) refers (Special) to indicate_semi.o(.text) for __semihosting_library_function
    sys_command_hlt.o(.text) refers (Special) to use_no_semi.o(.text) for __I$use$semihosting
    sys_command_hlt.o(.text) refers (Special) to indicate_semi.o(.text) for __semihosting_library_function
    defsig_rtmem_outer.o(.text) refers to defsig_rtmem_inner.o(.text) for __rt_SIGRTMEM_inner
    defsig_rtmem_outer.o(.text) refers to defsig_exit.o(.text) for __sig_exit
    defsig_rtmem_formal.o(.text) refers to rt_raise.o(.text) for __rt_raise
    rt_raise.o(.text) refers to __raise.o(.text) for __raise
    rt_raise.o(.text) refers to sys_exit.o(.text) for _sys_exit
    defsig_exit.o(.text) refers to sys_exit.o(.text) for _sys_exit
    defsig_rtmem_inner.o(.text) refers to defsig_general.o(.text) for __default_signal_display
    __raise.o(.text) refers to defsig.o(CL$$defsig) for __default_signal_handler
    defsig_general.o(.text) refers to sys_wrch.o(.text) for _ttywrch
    sys_wrch.o(.text) refers (Special) to use_no_semi.o(.text) for __I$use$semihosting
    sys_wrch.o(.text) refers (Special) to indicate_semi.o(.text) for __semihosting_library_function
    sys_wrch_hlt.o(.text) refers (Special) to use_no_semi.o(.text) for __I$use$semihosting
    sys_wrch_hlt.o(.text) refers (Special) to indicate_semi.o(.text) for __semihosting_library_function
    defsig.o(CL$$defsig) refers to defsig_rtmem_inner.o(.text) for __rt_SIGRTMEM_inner
    defsig_abrt_inner.o(.text) refers to defsig_general.o(.text) for __default_signal_display
    defsig_fpe_inner.o(.text) refers to defsig_general.o(.text) for __default_signal_display
    defsig_rtred_inner.o(.text) refers to defsig_general.o(.text) for __default_signal_display
    defsig_stak_inner.o(.text) refers to defsig_general.o(.text) for __default_signal_display
    defsig_pvfn_inner.o(.text) refers to defsig_general.o(.text) for __default_signal_display
    defsig_cppl_inner.o(.text) refers to defsig_general.o(.text) for __default_signal_display
    defsig_segv_inner.o(.text) refers to defsig_general.o(.text) for __default_signal_display
    defsig_other.o(.text) refers to defsig_general.o(.text) for __default_signal_display


==============================================================================

Removing Unused input sections from the image.

    Removing uart.o(.text), (0 bytes).
    Removing uart.o(.ARM.exidx.text.UART2_Init), (8 bytes).
    Removing uart.o(.text.UART2_InChar), (36 bytes).
    Removing uart.o(.ARM.exidx.text.UART2_InChar), (8 bytes).
    Removing uart.o(.ARM.exidx.text.UART2_OutChar), (8 bytes).
    Removing uart.o(.ARM.exidx.text.UART2_OutString), (8 bytes).
    Removing uartb2brxint.o(.text), (0 bytes).
    Removing uartb2brxint.o(.ARM.exidx.text.main), (8 bytes).
    Removing uartb2brxint.o(.ARM.exidx.text.Mode1), (8 bytes).
    Removing uartb2brxint.o(.ARM.exidx.text.Mode2), (8 bytes).
    Removing uartb2brxint.o(.ARM.exidx.text.Mode3), (8 bytes).
    Removing uartb2brxint.o(.ARM.exidx.text.Main_Menu), (8 bytes).
    Removing uartb2brxint.o(.ARM.exidx.text.Mode1_Menu), (8 bytes).
    Removing uartb2brxint.o(.ARM.exidx.text.Mode2_MenuRX), (8 bytes).
    Removing uartb2brxint.o(.ARM.exidx.text.Mode2_MenuTX), (8 bytes).
    Removing uartb2brxint.o(.ARM.exidx.text.LEDtoSTR), (8 bytes).
    Removing uartb2brxint.o(.ARM.exidx.text.LEDtoINDEX), (8 bytes).
    Removing uartb2brxint.o(.ARM.exidx.text.Mode1_ChangeLED), (8 bytes).
    Removing uartb2brxint.o(.ARM.exidx.text.Mode1_ChangeBrightness), (8 bytes).
    Removing uartb2brxint.o(.ARM.exidx.text.StringToDecimal), (8 bytes).
    Removing uartb2brxint.o(.ARM.exidx.text.SysTick_Handler), (8 bytes).
    Removing uartb2brxint.o(.ARM.exidx.text.GPIOPortF_Handler), (8 bytes).
    Removing uartb2brxint.o(.ARM.exidx.text.UART2_Handler), (8 bytes).
    Removing uartb2brxint.o(.ARM.exidx.text.UART0_Handler), (8 bytes).
    Removing uartb2brxint.o(.bss.RECIEVE), (1 bytes).
    Removing uartb2brxint.o(.ARM.use_no_argv), (4 bytes).
    Removing usbuart.o(.text), (0 bytes).
    Removing usbuart.o(.ARM.exidx.text.UART0_Init), (8 bytes).
    Removing usbuart.o(.ARM.exidx.text.UART0_OutCRLF), (8 bytes).
    Removing usbuart.o(.ARM.exidx.text.UART0_OutChar), (8 bytes).
    Removing usbuart.o(.text.UART0_InChar), (36 bytes).
    Removing usbuart.o(.ARM.exidx.text.UART0_InChar), (8 bytes).
    Removing usbuart.o(.ARM.exidx.text.UART0_OutString), (8 bytes).
    Removing usbuart.o(.text.UART0_InUDec), (152 bytes).
    Removing usbuart.o(.ARM.exidx.text.UART0_InUDec), (8 bytes).
    Removing usbuart.o(.text.UART0_OutUDec), (72 bytes).
    Removing usbuart.o(.ARM.exidx.text.UART0_OutUDec), (8 bytes).
    Removing usbuart.o(.text.UART0_InUHex), (218 bytes).
    Removing usbuart.o(.ARM.exidx.text.UART0_InUHex), (8 bytes).
    Removing usbuart.o(.text.UART0_OutUHex), (72 bytes).
    Removing usbuart.o(.ARM.exidx.text.UART0_OutUHex), (8 bytes).
    Removing usbuart.o(.text.UART0_InString), (136 bytes).
    Removing usbuart.o(.ARM.exidx.text.UART0_InString), (8 bytes).
    Removing pll.o(.text), (0 bytes).
    Removing pll.o(.ARM.exidx.text.PLL_Init), (8 bytes).
    Removing ledsw.o(.text), (0 bytes).
    Removing ledsw.o(.ARM.exidx.text.LEDSW_Init), (8 bytes).
    Removing ledsw.o(.ARM.exidx.text.DisableSysTick), (8 bytes).
    Removing ledsw.o(.ARM.exidx.text.EnableSysTick), (8 bytes).

49 unused section(s) (total 1007 bytes) removed from the image.

==============================================================================

Image Symbol Table

    Local Symbols

    Symbol Name                              Value     Ov Type        Size  Object(Section)

    ../clib/angel/boardlib.s                 0x00000000   Number         0  boardinit1.o ABSOLUTE
    ../clib/angel/boardlib.s                 0x00000000   Number         0  boardinit2.o ABSOLUTE
    ../clib/angel/boardlib.s                 0x00000000   Number         0  boardinit3.o ABSOLUTE
    ../clib/angel/boardlib.s                 0x00000000   Number         0  boardshut.o ABSOLUTE
    ../clib/angel/handlers.s                 0x00000000   Number         0  __scatter_zi.o ABSOLUTE
    ../clib/angel/kernel.s                   0x00000000   Number         0  __rtentry.o ABSOLUTE
    ../clib/angel/kernel.s                   0x00000000   Number         0  __rtentry2.o ABSOLUTE
    ../clib/angel/kernel.s                   0x00000000   Number         0  __rtentry4.o ABSOLUTE
    ../clib/angel/kernel.s                   0x00000000   Number         0  rtexit.o ABSOLUTE
    ../clib/angel/kernel.s                   0x00000000   Number         0  rtexit2.o ABSOLUTE
    ../clib/angel/rt.s                       0x00000000   Number         0  rt_raise.o ABSOLUTE
    ../clib/angel/scatter.s                  0x00000000   Number         0  __scatter.o ABSOLUTE
    ../clib/angel/startup.s                  0x00000000   Number         0  __main.o ABSOLUTE
    ../clib/angel/sys.s                      0x00000000   Number         0  sys_stackheap_outer.o ABSOLUTE
    ../clib/angel/sys.s                      0x00000000   Number         0  libspace.o ABSOLUTE
    ../clib/angel/sys.s                      0x00000000   Number         0  use_no_semi.o ABSOLUTE
    ../clib/angel/sys.s                      0x00000000   Number         0  indicate_semi.o ABSOLUTE
    ../clib/angel/sysapp.c                   0x00000000   Number         0  sys_exit.o ABSOLUTE
    ../clib/angel/sysapp.c                   0x00000000   Number         0  sys_exit_hlt.o ABSOLUTE
    ../clib/angel/sysapp.c                   0x00000000   Number         0  sys_command.o ABSOLUTE
    ../clib/angel/sysapp.c                   0x00000000   Number         0  sys_command_hlt.o ABSOLUTE
    ../clib/angel/sysapp.c                   0x00000000   Number         0  sys_wrch.o ABSOLUTE
    ../clib/angel/sysapp.c                   0x00000000   Number         0  sys_wrch_hlt.o ABSOLUTE
    ../clib/armsys.c                         0x00000000   Number         0  argv_veneer.o ABSOLUTE
    ../clib/armsys.c                         0x00000000   Number         0  argv_veneer.o ABSOLUTE
    ../clib/armsys.c                         0x00000000   Number         0  _get_argv_nomalloc.o ABSOLUTE
    ../clib/armsys.c                         0x00000000   Number         0  no_argv.o ABSOLUTE
    ../clib/heapalloc.c                      0x00000000   Number         0  hrguard.o ABSOLUTE
    ../clib/heapaux.c                        0x00000000   Number         0  heapauxi.o ABSOLUTE
    ../clib/libinit.s                        0x00000000   Number         0  libinit.o ABSOLUTE
    ../clib/libinit.s                        0x00000000   Number         0  libinit2.o ABSOLUTE
    ../clib/libinit.s                        0x00000000   Number         0  libshutdown.o ABSOLUTE
    ../clib/libinit.s                        0x00000000   Number         0  libshutdown2.o ABSOLUTE
    ../clib/signal.c                         0x00000000   Number         0  defsig_rtmem_outer.o ABSOLUTE
    ../clib/signal.c                         0x00000000   Number         0  defsig_rtmem_formal.o ABSOLUTE
    ../clib/signal.c                         0x00000000   Number         0  defsig_exit.o ABSOLUTE
    ../clib/signal.c                         0x00000000   Number         0  defsig_rtmem_inner.o ABSOLUTE
    ../clib/signal.c                         0x00000000   Number         0  __raise.o ABSOLUTE
    ../clib/signal.c                         0x00000000   Number         0  defsig_general.o ABSOLUTE
    ../clib/signal.c                         0x00000000   Number         0  defsig_abrt_inner.o ABSOLUTE
    ../clib/signal.c                         0x00000000   Number         0  defsig_fpe_inner.o ABSOLUTE
    ../clib/signal.c                         0x00000000   Number         0  defsig_rtred_inner.o ABSOLUTE
    ../clib/signal.c                         0x00000000   Number         0  defsig_stak_inner.o ABSOLUTE
    ../clib/signal.c                         0x00000000   Number         0  defsig_pvfn_inner.o ABSOLUTE
    ../clib/signal.c                         0x00000000   Number         0  defsig_cppl_inner.o ABSOLUTE
    ../clib/signal.c                         0x00000000   Number         0  defsig_segv_inner.o ABSOLUTE
    ../clib/signal.c                         0x00000000   Number         0  defsig_other.o ABSOLUTE
    ../clib/signal.s                         0x00000000   Number         0  defsig.o ABSOLUTE
    ../clib/stdlib.c                         0x00000000   Number         0  exit.o ABSOLUTE
    ../fplib/fpinit.s                        0x00000000   Number         0  fpinit.o ABSOLUTE
    ../fplib/fpinit_empty.s                  0x00000000   Number         0  fpinit_empty.o ABSOLUTE
    LEDSW.c                                  0x00000000   Number         0  ledsw.o ABSOLUTE
    PLL.c                                    0x00000000   Number         0  pll.o ABSOLUTE
    UART.c                                   0x00000000   Number         0  uart.o ABSOLUTE
    UARTB2BRxInt.c                           0x00000000   Number         0  uartb2brxint.o ABSOLUTE
    USBUART.c                                0x00000000   Number         0  usbuart.o ABSOLUTE
    dc.s                                     0x00000000   Number         0  dc.o ABSOLUTE
    startup.s                                0x00000000   Number         0  startup.o ABSOLUTE
    RESET                                    0x00000000   Section      644  startup.o(RESET)
    !!!main                                  0x00000284   Section        8  __main.o(!!!main)
    !!!scatter                               0x0000028c   Section       92  __scatter.o(!!!scatter)
    !!handler_null                           0x000002e8   Section        2  __scatter.o(!!handler_null)
    !!handler_zi                             0x000002ec   Section       28  __scatter_zi.o(!!handler_zi)
    .ARM.Collect$$libinit$$00000000          0x00000308   Section        2  libinit.o(.ARM.Collect$$libinit$$00000000)
    .ARM.Collect$$libinit$$00000002          0x0000030a   Section        0  libinit2.o(.ARM.Collect$$libinit$$00000002)
    .ARM.Collect$$libinit$$00000004          0x0000030a   Section        0  libinit2.o(.ARM.Collect$$libinit$$00000004)
    .ARM.Collect$$libinit$$00000006          0x0000030a   Section        0  libinit2.o(.ARM.Collect$$libinit$$00000006)
    .ARM.Collect$$libinit$$0000000C          0x0000030a   Section        0  libinit2.o(.ARM.Collect$$libinit$$0000000C)
    .ARM.Collect$$libinit$$0000000E          0x0000030a   Section        0  libinit2.o(.ARM.Collect$$libinit$$0000000E)
    .ARM.Collect$$libinit$$00000010          0x0000030a   Section        0  libinit2.o(.ARM.Collect$$libinit$$00000010)
    .ARM.Collect$$libinit$$00000013          0x0000030a   Section        0  libinit2.o(.ARM.Collect$$libinit$$00000013)
    .ARM.Collect$$libinit$$00000015          0x0000030a   Section        0  libinit2.o(.ARM.Collect$$libinit$$00000015)
    .ARM.Collect$$libinit$$00000017          0x0000030a   Section        0  libinit2.o(.ARM.Collect$$libinit$$00000017)
    .ARM.Collect$$libinit$$00000019          0x0000030a   Section        0  libinit2.o(.ARM.Collect$$libinit$$00000019)
    .ARM.Collect$$libinit$$0000001B          0x0000030a   Section        0  libinit2.o(.ARM.Collect$$libinit$$0000001B)
    .ARM.Collect$$libinit$$0000001D          0x0000030a   Section        0  libinit2.o(.ARM.Collect$$libinit$$0000001D)
    .ARM.Collect$$libinit$$0000001F          0x0000030a   Section        0  libinit2.o(.ARM.Collect$$libinit$$0000001F)
    .ARM.Collect$$libinit$$00000021          0x0000030a   Section        0  libinit2.o(.ARM.Collect$$libinit$$00000021)
    .ARM.Collect$$libinit$$00000023          0x0000030a   Section        0  libinit2.o(.ARM.Collect$$libinit$$00000023)
    .ARM.Collect$$libinit$$00000025          0x0000030a   Section        0  libinit2.o(.ARM.Collect$$libinit$$00000025)
    .ARM.Collect$$libinit$$00000027          0x0000030a   Section        0  libinit2.o(.ARM.Collect$$libinit$$00000027)
    .ARM.Collect$$libinit$$0000002E          0x0000030a   Section        0  libinit2.o(.ARM.Collect$$libinit$$0000002E)
    .ARM.Collect$$libinit$$00000030          0x0000030a   Section        0  libinit2.o(.ARM.Collect$$libinit$$00000030)
    .ARM.Collect$$libinit$$00000032          0x0000030a   Section        0  libinit2.o(.ARM.Collect$$libinit$$00000032)
    .ARM.Collect$$libinit$$00000034          0x0000030a   Section        0  libinit2.o(.ARM.Collect$$libinit$$00000034)
    .ARM.Collect$$libinit$$00000035          0x0000030a   Section        2  libinit2.o(.ARM.Collect$$libinit$$00000035)
    .ARM.Collect$$libshutdown$$00000000      0x0000030c   Section        2  libshutdown.o(.ARM.Collect$$libshutdown$$00000000)
    .ARM.Collect$$libshutdown$$00000002      0x0000030e   Section        0  libshutdown2.o(.ARM.Collect$$libshutdown$$00000002)
    .ARM.Collect$$libshutdown$$00000004      0x0000030e   Section        0  libshutdown2.o(.ARM.Collect$$libshutdown$$00000004)
    .ARM.Collect$$libshutdown$$00000007      0x0000030e   Section        0  libshutdown2.o(.ARM.Collect$$libshutdown$$00000007)
    .ARM.Collect$$libshutdown$$0000000A      0x0000030e   Section        0  libshutdown2.o(.ARM.Collect$$libshutdown$$0000000A)
    .ARM.Collect$$libshutdown$$0000000C      0x0000030e   Section        0  libshutdown2.o(.ARM.Collect$$libshutdown$$0000000C)
    .ARM.Collect$$libshutdown$$0000000F      0x0000030e   Section        0  libshutdown2.o(.ARM.Collect$$libshutdown$$0000000F)
    .ARM.Collect$$libshutdown$$00000010      0x0000030e   Section        2  libshutdown2.o(.ARM.Collect$$libshutdown$$00000010)
    .ARM.Collect$$rtentry$$00000000          0x00000310   Section        0  __rtentry.o(.ARM.Collect$$rtentry$$00000000)
    .ARM.Collect$$rtentry$$00000002          0x00000310   Section        0  __rtentry2.o(.ARM.Collect$$rtentry$$00000002)
    .ARM.Collect$$rtentry$$00000004          0x00000310   Section        6  __rtentry4.o(.ARM.Collect$$rtentry$$00000004)
    .ARM.Collect$$rtentry$$00000009          0x00000316   Section        0  __rtentry2.o(.ARM.Collect$$rtentry$$00000009)
    .ARM.Collect$$rtentry$$0000000A          0x00000316   Section        4  __rtentry2.o(.ARM.Collect$$rtentry$$0000000A)
    .ARM.Collect$$rtentry$$0000000C          0x0000031a   Section        0  __rtentry2.o(.ARM.Collect$$rtentry$$0000000C)
    .ARM.Collect$$rtentry$$0000000D          0x0000031a   Section        8  __rtentry2.o(.ARM.Collect$$rtentry$$0000000D)
    .ARM.Collect$$rtexit$$00000000           0x00000322   Section        2  rtexit.o(.ARM.Collect$$rtexit$$00000000)
    .ARM.Collect$$rtexit$$00000002           0x00000324   Section        0  rtexit2.o(.ARM.Collect$$rtexit$$00000002)
    .ARM.Collect$$rtexit$$00000003           0x00000324   Section        4  rtexit2.o(.ARM.Collect$$rtexit$$00000003)
    .ARM.Collect$$rtexit$$00000004           0x00000328   Section        6  rtexit2.o(.ARM.Collect$$rtexit$$00000004)
    .text                                    0x00000330   Section       48  startup.o(.text)
    .text                                    0x00000360   Section        0  heapauxi.o(.text)
    .text                                    0x00000366   Section       74  sys_stackheap_outer.o(.text)
    .text                                    0x000003b0   Section        0  exit.o(.text)
    .text                                    0x000003c4   Section        8  libspace.o(.text)
    .text                                    0x000003cc   Section        0  sys_exit.o(.text)
    .text                                    0x000003d8   Section        2  use_no_semi.o(.text)
    .text                                    0x000003da   Section        0  indicate_semi.o(.text)
    [Anonymous Symbol]                       0x000003dc   Section        0  ledsw.o(.text.DisableSysTick)
    [Anonymous Symbol]                       0x000003f0   Section        0  ledsw.o(.text.EnableSysTick)
    [Anonymous Symbol]                       0x00000404   Section        0  uartb2brxint.o(.text.GPIOPortF_Handler)
    [Anonymous Symbol]                       0x00000530   Section        0  ledsw.o(.text.LEDSW_Init)
    [Anonymous Symbol]                       0x000006b0   Section        0  uartb2brxint.o(.text.LEDtoINDEX)
    [Anonymous Symbol]                       0x00000714   Section        0  uartb2brxint.o(.text.LEDtoSTR)
    [Anonymous Symbol]                       0x000007b0   Section        0  uartb2brxint.o(.text.Main_Menu)
    [Anonymous Symbol]                       0x00000828   Section        0  uartb2brxint.o(.text.Mode1)
    [Anonymous Symbol]                       0x000008dc   Section        0  uartb2brxint.o(.text.Mode1_ChangeBrightness)
    [Anonymous Symbol]                       0x000009f0   Section        0  uartb2brxint.o(.text.Mode1_ChangeLED)
    [Anonymous Symbol]                       0x00000b80   Section        0  uartb2brxint.o(.text.Mode1_Menu)
    [Anonymous Symbol]                       0x00000bd4   Section        0  uartb2brxint.o(.text.Mode2)
    [Anonymous Symbol]                       0x00000c44   Section        0  uartb2brxint.o(.text.Mode2_MenuRX)
    [Anonymous Symbol]                       0x00000c6c   Section        0  uartb2brxint.o(.text.Mode2_MenuTX)
    [Anonymous Symbol]                       0x00000ccc   Section        0  uartb2brxint.o(.text.Mode3)
    [Anonymous Symbol]                       0x00000e40   Section        0  pll.o(.text.PLL_Init)
    [Anonymous Symbol]                       0x00000ec4   Section        0  uartb2brxint.o(.text.StringToDecimal)
    [Anonymous Symbol]                       0x00000f38   Section        0  uartb2brxint.o(.text.SysTick_Handler)
    [Anonymous Symbol]                       0x00001000   Section        0  uartb2brxint.o(.text.UART0_Handler)
    [Anonymous Symbol]                       0x000010d4   Section        0  usbuart.o(.text.UART0_Init)
    [Anonymous Symbol]                       0x000011f0   Section        0  usbuart.o(.text.UART0_OutCRLF)
    [Anonymous Symbol]                       0x00001200   Section        0  usbuart.o(.text.UART0_OutChar)
    [Anonymous Symbol]                       0x00001230   Section        0  usbuart.o(.text.UART0_OutString)
    [Anonymous Symbol]                       0x00001254   Section        0  uartb2brxint.o(.text.UART2_Handler)
    [Anonymous Symbol]                       0x00001398   Section        0  uart.o(.text.UART2_Init)
    [Anonymous Symbol]                       0x000014e8   Section        0  uart.o(.text.UART2_OutChar)
    [Anonymous Symbol]                       0x00001518   Section        0  uart.o(.text.UART2_OutString)
    [Anonymous Symbol]                       0x00001544   Section        0  uartb2brxint.o(.text.main)
    .L.str.2                                 0x00001678   Data          46  uartb2brxint.o(.rodata.str1.1)
    [Anonymous Symbol]                       0x00001678   Section        0  uartb2brxint.o(.rodata.str1.1)
    .L.str.36                                0x000016a6   Data          71  uartb2brxint.o(.rodata.str1.1)
    .L.str.4                                 0x000016ed   Data          28  uartb2brxint.o(.rodata.str1.1)
    .L.str.5                                 0x00001709   Data           8  uartb2brxint.o(.rodata.str1.1)
    .L.str.6                                 0x00001711   Data           8  uartb2brxint.o(.rodata.str1.1)
    .L.str.38                                0x00001719   Data          67  uartb2brxint.o(.rodata.str1.1)
    .L.str.25                                0x0000175c   Data          16  uartb2brxint.o(.rodata.str1.1)
    .L.str.35                                0x0000176c   Data          48  uartb2brxint.o(.rodata.str1.1)
    .L.str.1                                 0x0000179c   Data          24  uartb2brxint.o(.rodata.str1.1)
    .L.str.37                                0x000017b4   Data          33  uartb2brxint.o(.rodata.str1.1)
    .L.str.3                                 0x000017d5   Data          41  uartb2brxint.o(.rodata.str1.1)
    .L.str.13                                0x000017fe   Data          55  uartb2brxint.o(.rodata.str1.1)
    .L.str.15                                0x00001835   Data          68  uartb2brxint.o(.rodata.str1.1)
    .L.str.17                                0x00001879   Data          43  uartb2brxint.o(.rodata.str1.1)
    .L.str.23                                0x000018a4   Data         125  uartb2brxint.o(.rodata.str1.1)
    .L.str.20                                0x00001921   Data          33  uartb2brxint.o(.rodata.str1.1)
    .L.str.8                                 0x0000193d   Data           5  uartb2brxint.o(.rodata.str1.1)
    .L.str.24                                0x00001942   Data          62  uartb2brxint.o(.rodata.str1.1)
    .L.str                                   0x00001980   Data          38  uartb2brxint.o(.rodata.str1.1)
    .L.str.27                                0x000019a6   Data           4  uartb2brxint.o(.rodata.str1.1)
    .L.str.32                                0x000019aa   Data           7  uartb2brxint.o(.rodata.str1.1)
    .L.str.33                                0x000019b1   Data           6  uartb2brxint.o(.rodata.str1.1)
    .L.str.29                                0x000019b7   Data           5  uartb2brxint.o(.rodata.str1.1)
    .L.str.26                                0x000019bc   Data           5  uartb2brxint.o(.rodata.str1.1)
    .L.str.34                                0x000019c1   Data           5  uartb2brxint.o(.rodata.str1.1)
    .L.str.31                                0x000019c6   Data           5  uartb2brxint.o(.rodata.str1.1)
    .L.str.28                                0x000019cb   Data           6  uartb2brxint.o(.rodata.str1.1)
    .L.str.7                                 0x000019d1   Data          37  uartb2brxint.o(.rodata.str1.1)
    .L.str.30                                0x000019f6   Data           7  uartb2brxint.o(.rodata.str1.1)
    .L.str.21                                0x000019fd   Data          39  uartb2brxint.o(.rodata.str1.1)
    .L.str.22                                0x00001a24   Data          21  uartb2brxint.o(.rodata.str1.1)
    .L.str.11                                0x00001a39   Data          29  uartb2brxint.o(.rodata.str1.1)
    .L.str.10                                0x00001a56   Data          27  uartb2brxint.o(.rodata.str1.1)
    .L.str.12                                0x00001a71   Data          43  uartb2brxint.o(.rodata.str1.1)
    .L.str.16                                0x00001a9c   Data          23  uartb2brxint.o(.rodata.str1.1)
    .L.str.18                                0x00001ab3   Data           8  uartb2brxint.o(.rodata.str1.1)
    .L.str.19                                0x00001abb   Data          29  uartb2brxint.o(.rodata.str1.1)
    .L.str.14                                0x00001ad8   Data          12  uartb2brxint.o(.rodata.str1.1)
    .L.str.9                                 0x00001ae4   Data          10  uartb2brxint.o(.rodata.str1.1)
    .bss                                     0x20000000   Section       96  libspace.o(.bss)
    HeapMem                                  0x200000a0   Data           0  startup.o(HEAP)
    StackMem                                 0x200000a0   Data           0  startup.o(STACK)
    HEAP                                     0x200000a0   Section        0  startup.o(HEAP)
    STACK                                    0x200000a0   Section     1024  startup.o(STACK)

    Global Symbols

    Symbol Name                              Value     Ov Type        Size  Object(Section)

    BuildAttributes$$THM_ISAv4$E$P$D$K$B$S$7EM$PE$A:L22UL41UL21$X:L11$S22US41US21$IEEE1$IW$~IW$USESV6$~STKCKD$USESV7$~SHL$OSPACE$ROPI$EBA8$UX$STANDARDLIB$REQ8$PRES8$EABIv2 0x00000000   Number         0  anon$$obj.o ABSOLUTE
    __Vectors                                0x00000000   Data           0  startup.o(RESET)
    __fp_init_empty                          0x00000000   Number         0  fpinit_empty.o ABSOLUTE
    __ARM_exceptions_init                     - Undefined Weak Reference
    __alloca_initialize                       - Undefined Weak Reference
    __arm_preinit_                            - Undefined Weak Reference
    __arm_relocate_pie_                       - Undefined Weak Reference
    __cpp_initialize__aeabi_                  - Undefined Weak Reference
    __cxa_finalize                            - Undefined Weak Reference
    __rt_locale                               - Undefined Weak Reference
    __sigvec_lookup                           - Undefined Weak Reference
    _atexit_init                              - Undefined Weak Reference
    _call_atexit_fns                          - Undefined Weak Reference
    _clock_init                               - Undefined Weak Reference
    _fp_trap_init                             - Undefined Weak Reference
    _fp_trap_shutdown                         - Undefined Weak Reference
    _get_lc_collate                           - Undefined Weak Reference
    _get_lc_ctype                             - Undefined Weak Reference
    _get_lc_monetary                          - Undefined Weak Reference
    _get_lc_numeric                           - Undefined Weak Reference
    _get_lc_time                              - Undefined Weak Reference
    _getenv_init                              - Undefined Weak Reference
    _handle_redirection                       - Undefined Weak Reference
    _init_alloc                               - Undefined Weak Reference
    _init_user_alloc                          - Undefined Weak Reference
    _initio                                   - Undefined Weak Reference
    _rand_init                                - Undefined Weak Reference
    _signal_finish                            - Undefined Weak Reference
    _signal_init                              - Undefined Weak Reference
    _terminate_alloc                          - Undefined Weak Reference
    _terminate_user_alloc                     - Undefined Weak Reference
    _terminateio                              - Undefined Weak Reference
    Reset_Handler                            0x0000026d   Thumb Code     0  startup.o(RESET)
    NMI_Handler                              0x00000271   Thumb Code     2  startup.o(RESET)
    HardFault_Handler                        0x00000273   Thumb Code     2  startup.o(RESET)
    MemManage_Handler                        0x00000275   Thumb Code     2  startup.o(RESET)
    BusFault_Handler                         0x00000277   Thumb Code     2  startup.o(RESET)
    UsageFault_Handler                       0x00000279   Thumb Code     2  startup.o(RESET)
    SVC_Handler                              0x0000027b   Thumb Code     2  startup.o(RESET)
    DebugMon_Handler                         0x0000027d   Thumb Code     2  startup.o(RESET)
    PendSV_Handler                           0x0000027f   Thumb Code     2  startup.o(RESET)
    ADC0Seq0_Handler                         0x00000283   Thumb Code     0  startup.o(RESET)
    ADC0Seq1_Handler                         0x00000283   Thumb Code     0  startup.o(RESET)
    ADC0Seq2_Handler                         0x00000283   Thumb Code     0  startup.o(RESET)
    ADC0Seq3_Handler                         0x00000283   Thumb Code     0  startup.o(RESET)
    ADC1Seq0_Handler                         0x00000283   Thumb Code     0  startup.o(RESET)
    ADC1Seq1_Handler                         0x00000283   Thumb Code     0  startup.o(RESET)
    ADC1Seq2_Handler                         0x00000283   Thumb Code     0  startup.o(RESET)
    ADC1Seq3_Handler                         0x00000283   Thumb Code     0  startup.o(RESET)
    CAN0_Handler                             0x00000283   Thumb Code     0  startup.o(RESET)
    CAN1_Handler                             0x00000283   Thumb Code     0  startup.o(RESET)
    CAN2_Handler                             0x00000283   Thumb Code     0  startup.o(RESET)
    Comp0_Handler                            0x00000283   Thumb Code     0  startup.o(RESET)
    Comp1_Handler                            0x00000283   Thumb Code     0  startup.o(RESET)
    Comp2_Handler                            0x00000283   Thumb Code     0  startup.o(RESET)
    Ethernet_Handler                         0x00000283   Thumb Code     0  startup.o(RESET)
    ExtBus_Handler                           0x00000283   Thumb Code     0  startup.o(RESET)
    FPU_Handler                              0x00000283   Thumb Code     0  startup.o(RESET)
    Fan0_Handler                             0x00000283   Thumb Code     0  startup.o(RESET)
    FlashCtl_Handler                         0x00000283   Thumb Code     0  startup.o(RESET)
    GPIOPortA_Handler                        0x00000283   Thumb Code     0  startup.o(RESET)
    GPIOPortB_Handler                        0x00000283   Thumb Code     0  startup.o(RESET)
    GPIOPortC_Handler                        0x00000283   Thumb Code     0  startup.o(RESET)
    GPIOPortD_Handler                        0x00000283   Thumb Code     0  startup.o(RESET)
    GPIOPortE_Handler                        0x00000283   Thumb Code     0  startup.o(RESET)
    GPIOPortG_Handler                        0x00000283   Thumb Code     0  startup.o(RESET)
    GPIOPortH_Handler                        0x00000283   Thumb Code     0  startup.o(RESET)
    GPIOPortJ_Handler                        0x00000283   Thumb Code     0  startup.o(RESET)
    GPIOPortK_Handler                        0x00000283   Thumb Code     0  startup.o(RESET)
    GPIOPortL_Handler                        0x00000283   Thumb Code     0  startup.o(RESET)
    GPIOPortM_Handler                        0x00000283   Thumb Code     0  startup.o(RESET)
    GPIOPortN_Handler                        0x00000283   Thumb Code     0  startup.o(RESET)
    GPIOPortP1_Handler                       0x00000283   Thumb Code     0  startup.o(RESET)
    GPIOPortP2_Handler                       0x00000283   Thumb Code     0  startup.o(RESET)
    GPIOPortP3_Handler                       0x00000283   Thumb Code     0  startup.o(RESET)
    GPIOPortP4_Handler                       0x00000283   Thumb Code     0  startup.o(RESET)
    GPIOPortP5_Handler                       0x00000283   Thumb Code     0  startup.o(RESET)
    GPIOPortP6_Handler                       0x00000283   Thumb Code     0  startup.o(RESET)
    GPIOPortP7_Handler                       0x00000283   Thumb Code     0  startup.o(RESET)
    GPIOPortP_Handler                        0x00000283   Thumb Code     0  startup.o(RESET)
    GPIOPortQ1_Handler                       0x00000283   Thumb Code     0  startup.o(RESET)
    GPIOPortQ2_Handler                       0x00000283   Thumb Code     0  startup.o(RESET)
    GPIOPortQ3_Handler                       0x00000283   Thumb Code     0  startup.o(RESET)
    GPIOPortQ4_Handler                       0x00000283   Thumb Code     0  startup.o(RESET)
    GPIOPortQ5_Handler                       0x00000283   Thumb Code     0  startup.o(RESET)
    GPIOPortQ6_Handler                       0x00000283   Thumb Code     0  startup.o(RESET)
    GPIOPortQ7_Handler                       0x00000283   Thumb Code     0  startup.o(RESET)
    GPIOPortQ_Handler                        0x00000283   Thumb Code     0  startup.o(RESET)
    GPIOPortR_Handler                        0x00000283   Thumb Code     0  startup.o(RESET)
    GPIOPortS_Handler                        0x00000283   Thumb Code     0  startup.o(RESET)
    Hibernate_Handler                        0x00000283   Thumb Code     0  startup.o(RESET)
    I2C0_Handler                             0x00000283   Thumb Code     0  startup.o(RESET)
    I2C1_Handler                             0x00000283   Thumb Code     0  startup.o(RESET)
    I2C2_Handler                             0x00000283   Thumb Code     0  startup.o(RESET)
    I2C3_Handler                             0x00000283   Thumb Code     0  startup.o(RESET)
    I2C4_Handler                             0x00000283   Thumb Code     0  startup.o(RESET)
    I2C5_Handler                             0x00000283   Thumb Code     0  startup.o(RESET)
    I2S0_Handler                             0x00000283   Thumb Code     0  startup.o(RESET)
    LPC0_Handler                             0x00000283   Thumb Code     0  startup.o(RESET)
    PECI0_Handler                            0x00000283   Thumb Code     0  startup.o(RESET)
    PWM0Fault_Handler                        0x00000283   Thumb Code     0  startup.o(RESET)
    PWM0Generator0_Handler                   0x00000283   Thumb Code     0  startup.o(RESET)
    PWM0Generator1_Handler                   0x00000283   Thumb Code     0  startup.o(RESET)
    PWM0Generator2_Handler                   0x00000283   Thumb Code     0  startup.o(RESET)
    PWM0Generator3_Handler                   0x00000283   Thumb Code     0  startup.o(RESET)
    PWM1Fault_Handler                        0x00000283   Thumb Code     0  startup.o(RESET)
    PWM1Generator0_Handler                   0x00000283   Thumb Code     0  startup.o(RESET)
    PWM1Generator1_Handler                   0x00000283   Thumb Code     0  startup.o(RESET)
    PWM1Generator2_Handler                   0x00000283   Thumb Code     0  startup.o(RESET)
    PWM1Generator3_Handler                   0x00000283   Thumb Code     0  startup.o(RESET)
    Quadrature0_Handler                      0x00000283   Thumb Code     0  startup.o(RESET)
    Quadrature1_Handler                      0x00000283   Thumb Code     0  startup.o(RESET)
    Quadrature2_Handler                      0x00000283   Thumb Code     0  startup.o(RESET)
    SSI0_Handler                             0x00000283   Thumb Code     0  startup.o(RESET)
    SSI1_Handler                             0x00000283   Thumb Code     0  startup.o(RESET)
    SSI2_Handler                             0x00000283   Thumb Code     0  startup.o(RESET)
    SSI3_Handler                             0x00000283   Thumb Code     0  startup.o(RESET)
    SysCtl_Handler                           0x00000283   Thumb Code     0  startup.o(RESET)
    Timer0A_Handler                          0x00000283   Thumb Code     0  startup.o(RESET)
    Timer0B_Handler                          0x00000283   Thumb Code     0  startup.o(RESET)
    Timer1A_Handler                          0x00000283   Thumb Code     0  startup.o(RESET)
    Timer1B_Handler                          0x00000283   Thumb Code     0  startup.o(RESET)
    Timer2A_Handler                          0x00000283   Thumb Code     0  startup.o(RESET)
    Timer2B_Handler                          0x00000283   Thumb Code     0  startup.o(RESET)
    Timer3A_Handler                          0x00000283   Thumb Code     0  startup.o(RESET)
    Timer3B_Handler                          0x00000283   Thumb Code     0  startup.o(RESET)
    Timer4A_Handler                          0x00000283   Thumb Code     0  startup.o(RESET)
    Timer4B_Handler                          0x00000283   Thumb Code     0  startup.o(RESET)
    Timer5A_Handler                          0x00000283   Thumb Code     0  startup.o(RESET)
    Timer5B_Handler                          0x00000283   Thumb Code     0  startup.o(RESET)
    UART1_Handler                            0x00000283   Thumb Code     0  startup.o(RESET)
    UART3_Handler                            0x00000283   Thumb Code     0  startup.o(RESET)
    UART4_Handler                            0x00000283   Thumb Code     0  startup.o(RESET)
    UART5_Handler                            0x00000283   Thumb Code     0  startup.o(RESET)
    UART6_Handler                            0x00000283   Thumb Code     0  startup.o(RESET)
    UART7_Handler                            0x00000283   Thumb Code     0  startup.o(RESET)
    USB0_Handler                             0x00000283   Thumb Code     0  startup.o(RESET)
    WDT_Handler                              0x00000283   Thumb Code     0  startup.o(RESET)
    WideTimer0A_Handler                      0x00000283   Thumb Code     0  startup.o(RESET)
    WideTimer0B_Handler                      0x00000283   Thumb Code     0  startup.o(RESET)
    WideTimer1A_Handler                      0x00000283   Thumb Code     0  startup.o(RESET)
    WideTimer1B_Handler                      0x00000283   Thumb Code     0  startup.o(RESET)
    WideTimer2A_Handler                      0x00000283   Thumb Code     0  startup.o(RESET)
    WideTimer2B_Handler                      0x00000283   Thumb Code     0  startup.o(RESET)
    WideTimer3A_Handler                      0x00000283   Thumb Code     0  startup.o(RESET)
    WideTimer3B_Handler                      0x00000283   Thumb Code     0  startup.o(RESET)
    WideTimer4A_Handler                      0x00000283   Thumb Code     0  startup.o(RESET)
    WideTimer4B_Handler                      0x00000283   Thumb Code     0  startup.o(RESET)
    WideTimer5A_Handler                      0x00000283   Thumb Code     0  startup.o(RESET)
    WideTimer5B_Handler                      0x00000283   Thumb Code     0  startup.o(RESET)
    uDMA_Error                               0x00000283   Thumb Code     0  startup.o(RESET)
    uDMA_Handler                             0x00000283   Thumb Code     0  startup.o(RESET)
    __main                                   0x00000285   Thumb Code     8  __main.o(!!!main)
    __scatterload                            0x0000028d   Thumb Code     0  __scatter.o(!!!scatter)
    __scatterload_rt2                        0x0000028d   Thumb Code    84  __scatter.o(!!!scatter)
    __scatterload_rt2_thumb_only             0x0000028d   Thumb Code     0  __scatter.o(!!!scatter)
    __scatterload_loop                       0x00000297   Thumb Code     0  __scatter.o(!!!scatter)
    __scatterload_null                       0x000002e9   Thumb Code     2  __scatter.o(!!handler_null)
    __scatterload_zeroinit                   0x000002ed   Thumb Code    28  __scatter_zi.o(!!handler_zi)
    __rt_lib_init                            0x00000309   Thumb Code     0  libinit.o(.ARM.Collect$$libinit$$00000000)
    __rt_lib_init_alloca_1                   0x0000030b   Thumb Code     0  libinit2.o(.ARM.Collect$$libinit$$00000030)
    __rt_lib_init_argv_1                     0x0000030b   Thumb Code     0  libinit2.o(.ARM.Collect$$libinit$$0000002E)
    __rt_lib_init_atexit_1                   0x0000030b   Thumb Code     0  libinit2.o(.ARM.Collect$$libinit$$0000001D)
    __rt_lib_init_clock_1                    0x0000030b   Thumb Code     0  libinit2.o(.ARM.Collect$$libinit$$00000023)
    __rt_lib_init_cpp_1                      0x0000030b   Thumb Code     0  libinit2.o(.ARM.Collect$$libinit$$00000034)
    __rt_lib_init_exceptions_1               0x0000030b   Thumb Code     0  libinit2.o(.ARM.Collect$$libinit$$00000032)
    __rt_lib_init_fp_1                       0x0000030b   Thumb Code     0  libinit2.o(.ARM.Collect$$libinit$$00000002)
    __rt_lib_init_fp_trap_1                  0x0000030b   Thumb Code     0  libinit2.o(.ARM.Collect$$libinit$$00000021)
    __rt_lib_init_getenv_1                   0x0000030b   Thumb Code     0  libinit2.o(.ARM.Collect$$libinit$$00000025)
    __rt_lib_init_heap_1                     0x0000030b   Thumb Code     0  libinit2.o(.ARM.Collect$$libinit$$0000000C)
    __rt_lib_init_lc_collate_1               0x0000030b   Thumb Code     0  libinit2.o(.ARM.Collect$$libinit$$00000013)
    __rt_lib_init_lc_ctype_1                 0x0000030b   Thumb Code     0  libinit2.o(.ARM.Collect$$libinit$$00000015)
    __rt_lib_init_lc_monetary_1              0x0000030b   Thumb Code     0  libinit2.o(.ARM.Collect$$libinit$$00000017)
    __rt_lib_init_lc_numeric_1               0x0000030b   Thumb Code     0  libinit2.o(.ARM.Collect$$libinit$$00000019)
    __rt_lib_init_lc_time_1                  0x0000030b   Thumb Code     0  libinit2.o(.ARM.Collect$$libinit$$0000001B)
    __rt_lib_init_preinit_1                  0x0000030b   Thumb Code     0  libinit2.o(.ARM.Collect$$libinit$$00000006)
    __rt_lib_init_rand_1                     0x0000030b   Thumb Code     0  libinit2.o(.ARM.Collect$$libinit$$00000010)
    __rt_lib_init_relocate_pie_1             0x0000030b   Thumb Code     0  libinit2.o(.ARM.Collect$$libinit$$00000004)
    __rt_lib_init_return                     0x0000030b   Thumb Code     0  libinit2.o(.ARM.Collect$$libinit$$00000035)
    __rt_lib_init_signal_1                   0x0000030b   Thumb Code     0  libinit2.o(.ARM.Collect$$libinit$$0000001F)
    __rt_lib_init_stdio_1                    0x0000030b   Thumb Code     0  libinit2.o(.ARM.Collect$$libinit$$00000027)
    __rt_lib_init_user_alloc_1               0x0000030b   Thumb Code     0  libinit2.o(.ARM.Collect$$libinit$$0000000E)
    __rt_lib_shutdown                        0x0000030d   Thumb Code     0  libshutdown.o(.ARM.Collect$$libshutdown$$00000000)
    __rt_lib_shutdown_cpp_1                  0x0000030f   Thumb Code     0  libshutdown2.o(.ARM.Collect$$libshutdown$$00000002)
    __rt_lib_shutdown_fp_trap_1              0x0000030f   Thumb Code     0  libshutdown2.o(.ARM.Collect$$libshutdown$$00000007)
    __rt_lib_shutdown_heap_1                 0x0000030f   Thumb Code     0  libshutdown2.o(.ARM.Collect$$libshutdown$$0000000F)
    __rt_lib_shutdown_return                 0x0000030f   Thumb Code     0  libshutdown2.o(.ARM.Collect$$libshutdown$$00000010)
    __rt_lib_shutdown_signal_1               0x0000030f   Thumb Code     0  libshutdown2.o(.ARM.Collect$$libshutdown$$0000000A)
    __rt_lib_shutdown_stdio_1                0x0000030f   Thumb Code     0  libshutdown2.o(.ARM.Collect$$libshutdown$$00000004)
    __rt_lib_shutdown_user_alloc_1           0x0000030f   Thumb Code     0  libshutdown2.o(.ARM.Collect$$libshutdown$$0000000C)
    __rt_entry                               0x00000311   Thumb Code     0  __rtentry.o(.ARM.Collect$$rtentry$$00000000)
    __rt_entry_presh_1                       0x00000311   Thumb Code     0  __rtentry2.o(.ARM.Collect$$rtentry$$00000002)
    __rt_entry_sh                            0x00000311   Thumb Code     0  __rtentry4.o(.ARM.Collect$$rtentry$$00000004)
    __rt_entry_li                            0x00000317   Thumb Code     0  __rtentry2.o(.ARM.Collect$$rtentry$$0000000A)
    __rt_entry_postsh_1                      0x00000317   Thumb Code     0  __rtentry2.o(.ARM.Collect$$rtentry$$00000009)
    __rt_entry_main                          0x0000031b   Thumb Code     0  __rtentry2.o(.ARM.Collect$$rtentry$$0000000D)
    __rt_entry_postli_1                      0x0000031b   Thumb Code     0  __rtentry2.o(.ARM.Collect$$rtentry$$0000000C)
    __rt_exit                                0x00000323   Thumb Code     0  rtexit.o(.ARM.Collect$$rtexit$$00000000)
    __rt_exit_ls                             0x00000325   Thumb Code     0  rtexit2.o(.ARM.Collect$$rtexit$$00000003)
    __rt_exit_prels_1                        0x00000325   Thumb Code     0  rtexit2.o(.ARM.Collect$$rtexit$$00000002)
    __rt_exit_exit                           0x00000329   Thumb Code     0  rtexit2.o(.ARM.Collect$$rtexit$$00000004)
    DisableInterrupts                        0x00000331   Thumb Code     0  startup.o(.text)
    EnableInterrupts                         0x00000335   Thumb Code     0  startup.o(.text)
    StartCritical                            0x00000339   Thumb Code     0  startup.o(.text)
    EndCritical                              0x00000341   Thumb Code     0  startup.o(.text)
    WaitForInterrupt                         0x00000347   Thumb Code     0  startup.o(.text)
    __user_initial_stackheap                 0x0000034b   Thumb Code     0  startup.o(.text)
    __use_two_region_memory                  0x00000361   Thumb Code     2  heapauxi.o(.text)
    __rt_heap_escrow$2region                 0x00000363   Thumb Code     2  heapauxi.o(.text)
    __rt_heap_expand$2region                 0x00000365   Thumb Code     2  heapauxi.o(.text)
    __user_setup_stackheap                   0x00000367   Thumb Code    74  sys_stackheap_outer.o(.text)
    exit                                     0x000003b1   Thumb Code    18  exit.o(.text)
    __user_libspace                          0x000003c5   Thumb Code     8  libspace.o(.text)
    __user_perproc_libspace                  0x000003c5   Thumb Code     0  libspace.o(.text)
    __user_perthread_libspace                0x000003c5   Thumb Code     0  libspace.o(.text)
    _sys_exit                                0x000003cd   Thumb Code     8  sys_exit.o(.text)
    __I$use$semihosting                      0x000003d9   Thumb Code     0  use_no_semi.o(.text)
    __use_no_semihosting_swi                 0x000003d9   Thumb Code     2  use_no_semi.o(.text)
    __semihosting_library_function           0x000003db   Thumb Code     0  indicate_semi.o(.text)
    DisableSysTick                           0x000003dd   Thumb Code    18  ledsw.o(.text.DisableSysTick)
    EnableSysTick                            0x000003f1   Thumb Code    18  ledsw.o(.text.EnableSysTick)
    GPIOPortF_Handler                        0x00000405   Thumb Code   298  uartb2brxint.o(.text.GPIOPortF_Handler)
    LEDSW_Init                               0x00000531   Thumb Code   384  ledsw.o(.text.LEDSW_Init)
    LEDtoINDEX                               0x000006b1   Thumb Code   100  uartb2brxint.o(.text.LEDtoINDEX)
    LEDtoSTR                                 0x00000715   Thumb Code   154  uartb2brxint.o(.text.LEDtoSTR)
    Main_Menu                                0x000007b1   Thumb Code   120  uartb2brxint.o(.text.Main_Menu)
    Mode1                                    0x00000829   Thumb Code   178  uartb2brxint.o(.text.Mode1)
    Mode1_ChangeBrightness                   0x000008dd   Thumb Code   274  uartb2brxint.o(.text.Mode1_ChangeBrightness)
    Mode1_ChangeLED                          0x000009f1   Thumb Code   400  uartb2brxint.o(.text.Mode1_ChangeLED)
    Mode1_Menu                               0x00000b81   Thumb Code    84  uartb2brxint.o(.text.Mode1_Menu)
    Mode2                                    0x00000bd5   Thumb Code   110  uartb2brxint.o(.text.Mode2)
    Mode2_MenuRX                             0x00000c45   Thumb Code    40  uartb2brxint.o(.text.Mode2_MenuRX)
    Mode2_MenuTX                             0x00000c6d   Thumb Code    96  uartb2brxint.o(.text.Mode2_MenuTX)
    Mode3                                    0x00000ccd   Thumb Code   372  uartb2brxint.o(.text.Mode3)
    PLL_Init                                 0x00000e41   Thumb Code   132  pll.o(.text.PLL_Init)
    StringToDecimal                          0x00000ec5   Thumb Code   114  uartb2brxint.o(.text.StringToDecimal)
    SysTick_Handler                          0x00000f39   Thumb Code   198  uartb2brxint.o(.text.SysTick_Handler)
    UART0_Handler                            0x00001001   Thumb Code   210  uartb2brxint.o(.text.UART0_Handler)
    UART0_Init                               0x000010d5   Thumb Code   282  usbuart.o(.text.UART0_Init)
    UART0_OutCRLF                            0x000011f1   Thumb Code    16  usbuart.o(.text.UART0_OutCRLF)
    UART0_OutChar                            0x00001201   Thumb Code    46  usbuart.o(.text.UART0_OutChar)
    UART0_OutString                          0x00001231   Thumb Code    36  usbuart.o(.text.UART0_OutString)
    UART2_Handler                            0x00001255   Thumb Code   322  uartb2brxint.o(.text.UART2_Handler)
    UART2_Init                               0x00001399   Thumb Code   336  uart.o(.text.UART2_Init)
    UART2_OutChar                            0x000014e9   Thumb Code    46  uart.o(.text.UART2_OutChar)
    UART2_OutString                          0x00001519   Thumb Code    42  uart.o(.text.UART2_OutString)
    main                                     0x00001545   Thumb Code   300  uartb2brxint.o(.text.main)
    color_wheel                              0x00001670   Data           8  uartb2brxint.o(.rodata.color_wheel)
    Region$$Table$$Base                      0x00001af0   Number         0  anon$$obj.o(Region$$Table)
    Region$$Table$$Limit                     0x00001b00   Number         0  anon$$obj.o(Region$$Table)
    __libspace_start                         0x20000000   Data          96  libspace.o(.bss)
    BRIGHTNESS                               0x20000060   Data           1  uartb2brxint.o(.bss.BRIGHTNESS)
    __temporary_stack_top$libspace           0x20000060   Data           0  libspace.o(.bss)
    COLOR_INDEX                              0x20000061   Data           1  uartb2brxint.o(.bss.COLOR_INDEX)
    HIGH                                     0x20000064   Data           4  ledsw.o(.bss.HIGH)
    LOW                                      0x20000068   Data           4  ledsw.o(.bss.LOW)
    MODE                                     0x2000006c   Data           1  uartb2brxint.o(.bss.MODE)
    QUIT_CHAT                                0x2000006d   Data           1  uartb2brxint.o(.bss.QUIT_CHAT)
    end_of_str                               0x2000006e   Data           1  uartb2brxint.o(.bss.end_of_str)
    in_end_of_str                            0x2000006f   Data           1  uartb2brxint.o(.bss.in_end_of_str)
    in_str_idx                               0x20000070   Data           1  uartb2brxint.o(.bss.in_str_idx)
    in_string                                0x20000071   Data          20  uartb2brxint.o(.bss.in_string)
    str_idx                                  0x20000085   Data           1  uartb2brxint.o(.bss.str_idx)
    string                                   0x20000086   Data          20  uartb2brxint.o(.bss.string)



==============================================================================

Memory Map of the image

  Image Entry point : 0x0000026d

  Load Region LR_1 (Base: 0x00000000, Size: 0x00001b00, Max: 0xffffffff, ABSOLUTE)

    Execution Region ER_RO (Exec base: 0x00000000, Load base: 0x00000000, Size: 0x00001b00, Max: 0xffffffff, ABSOLUTE)

    Exec Addr    Load Addr    Size         Type   Attr      Idx    E Section Name        Object

    0x00000000   0x00000000   0x00000284   Code   RO            3  * RESET               startup.o
    0x00000284   0x00000284   0x00000008   Code   RO          136  * !!!main             c_w.l(__main.o)
    0x0000028c   0x0000028c   0x0000005c   Code   RO          301    !!!scatter          c_w.l(__scatter.o)
    0x000002e8   0x000002e8   0x00000002   Code   RO          302    !!handler_null      c_w.l(__scatter.o)
    0x000002ea   0x000002ea   0x00000002   PAD
    0x000002ec   0x000002ec   0x0000001c   Code   RO          305    !!handler_zi        c_w.l(__scatter_zi.o)
    0x00000308   0x00000308   0x00000002   Code   RO          163    .ARM.Collect$$libinit$$00000000  c_w.l(libinit.o)
    0x0000030a   0x0000030a   0x00000000   Code   RO          170    .ARM.Collect$$libinit$$00000002  c_w.l(libinit2.o)
    0x0000030a   0x0000030a   0x00000000   Code   RO          172    .ARM.Collect$$libinit$$00000004  c_w.l(libinit2.o)
    0x0000030a   0x0000030a   0x00000000   Code   RO          174    .ARM.Collect$$libinit$$00000006  c_w.l(libinit2.o)
    0x0000030a   0x0000030a   0x00000000   Code   RO          177    .ARM.Collect$$libinit$$0000000C  c_w.l(libinit2.o)
    0x0000030a   0x0000030a   0x00000000   Code   RO          179    .ARM.Collect$$libinit$$0000000E  c_w.l(libinit2.o)
    0x0000030a   0x0000030a   0x00000000   Code   RO          181    .ARM.Collect$$libinit$$00000010  c_w.l(libinit2.o)
    0x0000030a   0x0000030a   0x00000000   Code   RO          184    .ARM.Collect$$libinit$$00000013  c_w.l(libinit2.o)
    0x0000030a   0x0000030a   0x00000000   Code   RO          186    .ARM.Collect$$libinit$$00000015  c_w.l(libinit2.o)
    0x0000030a   0x0000030a   0x00000000   Code   RO          188    .ARM.Collect$$libinit$$00000017  c_w.l(libinit2.o)
    0x0000030a   0x0000030a   0x00000000   Code   RO          190    .ARM.Collect$$libinit$$00000019  c_w.l(libinit2.o)
    0x0000030a   0x0000030a   0x00000000   Code   RO          192    .ARM.Collect$$libinit$$0000001B  c_w.l(libinit2.o)
    0x0000030a   0x0000030a   0x00000000   Code   RO          194    .ARM.Collect$$libinit$$0000001D  c_w.l(libinit2.o)
    0x0000030a   0x0000030a   0x00000000   Code   RO          196    .ARM.Collect$$libinit$$0000001F  c_w.l(libinit2.o)
    0x0000030a   0x0000030a   0x00000000   Code   RO          198    .ARM.Collect$$libinit$$00000021  c_w.l(libinit2.o)
    0x0000030a   0x0000030a   0x00000000   Code   RO          200    .ARM.Collect$$libinit$$00000023  c_w.l(libinit2.o)
    0x0000030a   0x0000030a   0x00000000   Code   RO          202    .ARM.Collect$$libinit$$00000025  c_w.l(libinit2.o)
    0x0000030a   0x0000030a   0x00000000   Code   RO          204    .ARM.Collect$$libinit$$00000027  c_w.l(libinit2.o)
    0x0000030a   0x0000030a   0x00000000   Code   RO          208    .ARM.Collect$$libinit$$0000002E  c_w.l(libinit2.o)
    0x0000030a   0x0000030a   0x00000000   Code   RO          210    .ARM.Collect$$libinit$$00000030  c_w.l(libinit2.o)
    0x0000030a   0x0000030a   0x00000000   Code   RO          212    .ARM.Collect$$libinit$$00000032  c_w.l(libinit2.o)
    0x0000030a   0x0000030a   0x00000000   Code   RO          214    .ARM.Collect$$libinit$$00000034  c_w.l(libinit2.o)
    0x0000030a   0x0000030a   0x00000002   Code   RO          215    .ARM.Collect$$libinit$$00000035  c_w.l(libinit2.o)
    0x0000030c   0x0000030c   0x00000002   Code   RO          237    .ARM.Collect$$libshutdown$$00000000  c_w.l(libshutdown.o)
    0x0000030e   0x0000030e   0x00000000   Code   RO          252    .ARM.Collect$$libshutdown$$00000002  c_w.l(libshutdown2.o)
    0x0000030e   0x0000030e   0x00000000   Code   RO          254    .ARM.Collect$$libshutdown$$00000004  c_w.l(libshutdown2.o)
    0x0000030e   0x0000030e   0x00000000   Code   RO          257    .ARM.Collect$$libshutdown$$00000007  c_w.l(libshutdown2.o)
    0x0000030e   0x0000030e   0x00000000   Code   RO          260    .ARM.Collect$$libshutdown$$0000000A  c_w.l(libshutdown2.o)
    0x0000030e   0x0000030e   0x00000000   Code   RO          262    .ARM.Collect$$libshutdown$$0000000C  c_w.l(libshutdown2.o)
    0x0000030e   0x0000030e   0x00000000   Code   RO          265    .ARM.Collect$$libshutdown$$0000000F  c_w.l(libshutdown2.o)
    0x0000030e   0x0000030e   0x00000002   Code   RO          266    .ARM.Collect$$libshutdown$$00000010  c_w.l(libshutdown2.o)
    0x00000310   0x00000310   0x00000000   Code   RO          138    .ARM.Collect$$rtentry$$00000000  c_w.l(__rtentry.o)
    0x00000310   0x00000310   0x00000000   Code   RO          140    .ARM.Collect$$rtentry$$00000002  c_w.l(__rtentry2.o)
    0x00000310   0x00000310   0x00000006   Code   RO          152    .ARM.Collect$$rtentry$$00000004  c_w.l(__rtentry4.o)
    0x00000316   0x00000316   0x00000000   Code   RO          142    .ARM.Collect$$rtentry$$00000009  c_w.l(__rtentry2.o)
    0x00000316   0x00000316   0x00000004   Code   RO          143    .ARM.Collect$$rtentry$$0000000A  c_w.l(__rtentry2.o)
    0x0000031a   0x0000031a   0x00000000   Code   RO          145    .ARM.Collect$$rtentry$$0000000C  c_w.l(__rtentry2.o)
    0x0000031a   0x0000031a   0x00000008   Code   RO          146    .ARM.Collect$$rtentry$$0000000D  c_w.l(__rtentry2.o)
    0x00000322   0x00000322   0x00000002   Code   RO          167    .ARM.Collect$$rtexit$$00000000  c_w.l(rtexit.o)
    0x00000324   0x00000324   0x00000000   Code   RO          217    .ARM.Collect$$rtexit$$00000002  c_w.l(rtexit2.o)
    0x00000324   0x00000324   0x00000004   Code   RO          218    .ARM.Collect$$rtexit$$00000003  c_w.l(rtexit2.o)
    0x00000328   0x00000328   0x00000006   Code   RO          219    .ARM.Collect$$rtexit$$00000004  c_w.l(rtexit2.o)
    0x0000032e   0x0000032e   0x00000002   PAD
    0x00000330   0x00000330   0x00000030   Code   RO            4    .text               startup.o
    0x00000360   0x00000360   0x00000006   Code   RO          134    .text               c_w.l(heapauxi.o)
    0x00000366   0x00000366   0x0000004a   Code   RO          154    .text               c_w.l(sys_stackheap_outer.o)
    0x000003b0   0x000003b0   0x00000012   Code   RO          156    .text               c_w.l(exit.o)
    0x000003c2   0x000003c2   0x00000002   PAD
    0x000003c4   0x000003c4   0x00000008   Code   RO          164    .text               c_w.l(libspace.o)
    0x000003cc   0x000003cc   0x0000000c   Code   RO          227    .text               c_w.l(sys_exit.o)
    0x000003d8   0x000003d8   0x00000002   Code   RO          242    .text               c_w.l(use_no_semi.o)
    0x000003da   0x000003da   0x00000000   Code   RO          244    .text               c_w.l(indicate_semi.o)
    0x000003da   0x000003da   0x00000002   PAD
    0x000003dc   0x000003dc   0x00000012   Code   RO          120    .text.DisableSysTick  ledsw.o
    0x000003ee   0x000003ee   0x00000002   PAD
    0x000003f0   0x000003f0   0x00000012   Code   RO          122    .text.EnableSysTick  ledsw.o
    0x00000402   0x00000402   0x00000002   PAD
    0x00000404   0x00000404   0x0000012a   Code   RO           56    .text.GPIOPortF_Handler  uartb2brxint.o
    0x0000052e   0x0000052e   0x00000002   PAD
    0x00000530   0x00000530   0x00000180   Code   RO          118    .text.LEDSW_Init    ledsw.o
    0x000006b0   0x000006b0   0x00000064   Code   RO           46    .text.LEDtoINDEX    uartb2brxint.o
    0x00000714   0x00000714   0x0000009a   Code   RO           44    .text.LEDtoSTR      uartb2brxint.o
    0x000007ae   0x000007ae   0x00000002   PAD
    0x000007b0   0x000007b0   0x00000078   Code   RO           36    .text.Main_Menu     uartb2brxint.o
    0x00000828   0x00000828   0x000000b2   Code   RO           30    .text.Mode1         uartb2brxint.o
    0x000008da   0x000008da   0x00000002   PAD
    0x000008dc   0x000008dc   0x00000112   Code   RO           50    .text.Mode1_ChangeBrightness  uartb2brxint.o
    0x000009ee   0x000009ee   0x00000002   PAD
    0x000009f0   0x000009f0   0x00000190   Code   RO           48    .text.Mode1_ChangeLED  uartb2brxint.o
    0x00000b80   0x00000b80   0x00000054   Code   RO           38    .text.Mode1_Menu    uartb2brxint.o
    0x00000bd4   0x00000bd4   0x0000006e   Code   RO           32    .text.Mode2         uartb2brxint.o
    0x00000c42   0x00000c42   0x00000002   PAD
    0x00000c44   0x00000c44   0x00000028   Code   RO           40    .text.Mode2_MenuRX  uartb2brxint.o
    0x00000c6c   0x00000c6c   0x00000060   Code   RO           42    .text.Mode2_MenuTX  uartb2brxint.o
    0x00000ccc   0x00000ccc   0x00000174   Code   RO           34    .text.Mode3         uartb2brxint.o
    0x00000e40   0x00000e40   0x00000084   Code   RO          110    .text.PLL_Init      pll.o
    0x00000ec4   0x00000ec4   0x00000072   Code   RO           52    .text.StringToDecimal  uartb2brxint.o
    0x00000f36   0x00000f36   0x00000002   PAD
    0x00000f38   0x00000f38   0x000000c6   Code   RO           54    .text.SysTick_Handler  uartb2brxint.o
    0x00000ffe   0x00000ffe   0x00000002   PAD
    0x00001000   0x00001000   0x000000d2   Code   RO           60    .text.UART0_Handler  uartb2brxint.o
    0x000010d2   0x000010d2   0x00000002   PAD
    0x000010d4   0x000010d4   0x0000011a   Code   RO           83    .text.UART0_Init    usbuart.o
    0x000011ee   0x000011ee   0x00000002   PAD
    0x000011f0   0x000011f0   0x00000010   Code   RO           85    .text.UART0_OutCRLF  usbuart.o
    0x00001200   0x00001200   0x0000002e   Code   RO           87    .text.UART0_OutChar  usbuart.o
    0x0000122e   0x0000122e   0x00000002   PAD
    0x00001230   0x00001230   0x00000024   Code   RO           91    .text.UART0_OutString  usbuart.o
    0x00001254   0x00001254   0x00000142   Code   RO           58    .text.UART2_Handler  uartb2brxint.o
    0x00001396   0x00001396   0x00000002   PAD
    0x00001398   0x00001398   0x00000150   Code   RO           13    .text.UART2_Init    uart.o
    0x000014e8   0x000014e8   0x0000002e   Code   RO           17    .text.UART2_OutChar  uart.o
    0x00001516   0x00001516   0x00000002   PAD
    0x00001518   0x00001518   0x0000002a   Code   RO           19    .text.UART2_OutString  uart.o
    0x00001542   0x00001542   0x00000002   PAD
    0x00001544   0x00001544   0x0000012c   Code   RO           28    .text.main          uartb2brxint.o
    0x00001670   0x00001670   0x00000008   Data   RO           62    .rodata.color_wheel  uartb2brxint.o
    0x00001678   0x00001678   0x00000476   Data   RO           73    .rodata.str1.1      uartb2brxint.o
    0x00001aee   0x00001aee   0x00000002   PAD
    0x00001af0   0x00001af0   0x00000010   Data   RO          300    Region$$Table       anon$$obj.o


    Execution Region ER_RW (Exec base: 0x20000000, Load base: 0x00001b00, Size: 0x00000000, Max: 0xffffffff, ABSOLUTE)

    **** No section assigned to this execution region ****


    Execution Region ER_ZI (Exec base: 0x20000000, Load base: 0x00001b00, Size: 0x000004a0, Max: 0xffffffff, ABSOLUTE)

    Exec Addr    Load Addr    Size         Type   Attr      Idx    E Section Name        Object

    0x20000000        -       0x00000060   Zero   RW          165    .bss                c_w.l(libspace.o)
    0x20000060        -       0x00000001   Zero   RW           69    .bss.BRIGHTNESS     uartb2brxint.o
    0x20000061        -       0x00000001   Zero   RW           67    .bss.COLOR_INDEX    uartb2brxint.o
    0x20000062   0x00001b00   0x00000002   PAD
    0x20000064        -       0x00000004   Zero   RW          124    .bss.HIGH           ledsw.o
    0x20000068        -       0x00000004   Zero   RW          125    .bss.LOW            ledsw.o
    0x2000006c        -       0x00000001   Zero   RW           68    .bss.MODE           uartb2brxint.o
    0x2000006d        -       0x00000001   Zero   RW           70    .bss.QUIT_CHAT      uartb2brxint.o
    0x2000006e        -       0x00000001   Zero   RW           63    .bss.end_of_str     uartb2brxint.o
    0x2000006f        -       0x00000001   Zero   RW           65    .bss.in_end_of_str  uartb2brxint.o
    0x20000070        -       0x00000001   Zero   RW           66    .bss.in_str_idx     uartb2brxint.o
    0x20000071        -       0x00000014   Zero   RW           74    .bss.in_string      uartb2brxint.o
    0x20000085        -       0x00000001   Zero   RW           64    .bss.str_idx        uartb2brxint.o
    0x20000086        -       0x00000014   Zero   RW           72    .bss.string         uartb2brxint.o
    0x2000009a   0x00001b00   0x00000006   PAD
    0x200000a0        -       0x00000000   Zero   RW            2    HEAP                startup.o
    0x200000a0        -       0x00000400   Zero   RW            1    STACK               startup.o


==============================================================================

Image component sizes


      Code (inc. data)   RO Data    RW Data    ZI Data      Debug   Object Name

       420          0          0          0          8        750   ledsw.o
       132          0          0          0          0        441   pll.o
       692        632          0          0       1024        980   startup.o
       424          0          0          0          0       1145   uart.o
      3370         56       1150          0         48       5342   uartb2brxint.o
       380          0          0          0          0       2641   usbuart.o

    ----------------------------------------------------------------------
      5448        688       1168          0       1088      11299   Object Totals
         0          0         16          0          0          0   (incl. Generated)
        30          0          2          0          8          0   (incl. Padding)

    ----------------------------------------------------------------------

      Code (inc. data)   RO Data    RW Data    ZI Data      Debug   Library Member Name

         8          0          0          0          0         68   __main.o
         0          0          0          0          0          0   __rtentry.o
        12          0          0          0          0          0   __rtentry2.o
         6          0          0          0          0          0   __rtentry4.o
        94          8          0          0          0          0   __scatter.o
        28          0          0          0          0          0   __scatter_zi.o
        18          0          0          0          0         80   exit.o
         6          0          0          0          0        152   heapauxi.o
         0          0          0          0          0          0   indicate_semi.o
         2          0          0          0          0          0   libinit.o
         2          0          0          0          0          0   libinit2.o
         2          0          0          0          0          0   libshutdown.o
         2          0          0          0          0          0   libshutdown2.o
         8          4          0          0         96         68   libspace.o
         2          0          0          0          0          0   rtexit.o
        10          0          0          0          0          0   rtexit2.o
        12          4          0          0          0         68   sys_exit.o
        74          0          0          0          0         80   sys_stackheap_outer.o
         2          0          0          0          0         68   use_no_semi.o

    ----------------------------------------------------------------------
       296         16          0          0         96        584   Library Totals
         8          0          0          0          0          0   (incl. Padding)

    ----------------------------------------------------------------------

      Code (inc. data)   RO Data    RW Data    ZI Data      Debug   Library Name

       288         16          0          0         96        584   c_w.l

    ----------------------------------------------------------------------
       296         16          0          0         96        584   Library Totals

    ----------------------------------------------------------------------

==============================================================================


      Code (inc. data)   RO Data    RW Data    ZI Data      Debug   

      5744        704       1168          0       1184      11695   Grand Totals
      5744        704       1168          0       1184      11695   ELF Image Totals
      5744        704       1168          0          0          0   ROM Totals

==============================================================================

    Total RO  Size (Code + RO Data)                 6912 (   6.75kB)
    Total RW  Size (RW Data + ZI Data)              1184 (   1.16kB)
    Total ROM Size (Code + RO Data + RW Data)       6912 (   6.75kB)

==============================================================================

