Component: Arm Compiler for Embedded 6.21 Tool: armlink [5ec1fa00]

==============================================================================

Section Cross References

    board.o(.text.initClk) refers to fpu.o(i.FPUEnable) for FPUEnable
    board.o(.text.initClk) refers to fpu.o(i.FPULazyStackingEnable) for FPULazyStackingEnable
    board.o(.text.initClk) refers to sysctl.o(i.SysCtlClockSet) for SysCtlClockSet
    board.o(.ARM.exidx.text.initClk) refers to board.o(.text.initClk) for [Anonymous Symbol]
    board.o(.ARM.exidx.text.stopWDT) refers to board.o(.text.stopWDT) for [Anonymous Symbol]
    board.o(.text.registerInterruptHandler) refers to board.o(.bss.pIrqEventHandler) for pIrqEventHandler
    board.o(.ARM.exidx.text.registerInterruptHandler) refers to board.o(.text.registerInterruptHandler) for [Anonymous Symbol]
    board.o(.text.CC3100_disable) refers to gpio.o(i.GPIOPinWrite) for GPIOPinWrite
    board.o(.ARM.exidx.text.CC3100_disable) refers to board.o(.text.CC3100_disable) for [Anonymous Symbol]
    board.o(.text.CC3100_enable) refers to gpio.o(i.GPIOPinWrite) for GPIOPinWrite
    board.o(.ARM.exidx.text.CC3100_enable) refers to board.o(.text.CC3100_enable) for [Anonymous Symbol]
    board.o(.text.CC3100_InterruptEnable) refers to gpio.o(i.GPIOIntEnable) for GPIOIntEnable
    board.o(.ARM.exidx.text.CC3100_InterruptEnable) refers to board.o(.text.CC3100_InterruptEnable) for [Anonymous Symbol]
    board.o(.text.CC3100_InterruptDisable) refers to gpio.o(i.GPIOIntDisable) for GPIOIntDisable
    board.o(.ARM.exidx.text.CC3100_InterruptDisable) refers to board.o(.text.CC3100_InterruptDisable) for [Anonymous Symbol]
    board.o(.text.MaskIntHdlr) refers to board.o(.bss.IntIsMasked) for IntIsMasked
    board.o(.ARM.exidx.text.MaskIntHdlr) refers to board.o(.text.MaskIntHdlr) for [Anonymous Symbol]
    board.o(.text.UnMaskIntHdlr) refers to board.o(.bss.IntIsMasked) for IntIsMasked
    board.o(.ARM.exidx.text.UnMaskIntHdlr) refers to board.o(.text.UnMaskIntHdlr) for [Anonymous Symbol]
    board.o(.text.Delay) refers to sysctl.o(i.SysCtlClockGet) for SysCtlClockGet
    board.o(.text.Delay) refers to sysctl.o(.emb_text) for SysCtlDelay
    board.o(.ARM.exidx.text.Delay) refers to board.o(.text.Delay) for [Anonymous Symbol]
    board.o(.text.GPIOB_intHandler) refers to gpio.o(i.GPIOIntStatus) for GPIOIntStatus
    board.o(.text.GPIOB_intHandler) refers to gpio.o(i.GPIOIntClear) for GPIOIntClear
    board.o(.text.GPIOB_intHandler) refers to board.o(.bss.pIrqEventHandler) for pIrqEventHandler
    board.o(.ARM.exidx.text.GPIOB_intHandler) refers to board.o(.text.GPIOB_intHandler) for [Anonymous Symbol]
    board.o(.text.UART1_intHandler) refers to uart.o(.text.UARTIntStatus) for UARTIntStatus
    board.o(.text.UART1_intHandler) refers to uart.o(.text.UARTIntClear) for UARTIntClear
    board.o(.ARM.exidx.text.UART1_intHandler) refers to board.o(.text.UART1_intHandler) for [Anonymous Symbol]
    led.o(.ARM.exidx.text.LED_Init) refers to led.o(.text.LED_Init) for [Anonymous Symbol]
    led.o(.ARM.exidx.text.Board_Input) refers to led.o(.text.Board_Input) for [Anonymous Symbol]
    led.o(.ARM.exidx.text.LED_RedOn) refers to led.o(.text.LED_RedOn) for [Anonymous Symbol]
    led.o(.ARM.exidx.text.LED_RedOff) refers to led.o(.text.LED_RedOff) for [Anonymous Symbol]
    led.o(.ARM.exidx.text.LED_RedToggle) refers to led.o(.text.LED_RedToggle) for [Anonymous Symbol]
    led.o(.ARM.exidx.text.LED_BlueToggle) refers to led.o(.text.LED_BlueToggle) for [Anonymous Symbol]
    led.o(.ARM.exidx.text.LED_GreenToggle) refers to led.o(.text.LED_GreenToggle) for [Anonymous Symbol]
    led.o(.ARM.exidx.text.LED_GreenOn) refers to led.o(.text.LED_GreenOn) for [Anonymous Symbol]
    led.o(.ARM.exidx.text.LED_GreenOff) refers to led.o(.text.LED_GreenOff) for [Anonymous Symbol]
    device.o(.text.sl_Task) refers to nonos.o(.text._SlNonOsMainLoopTask) for _SlNonOsMainLoopTask
    device.o(.ARM.exidx.text.sl_Task) refers to device.o(.text.sl_Task) for [Anonymous Symbol]
    device.o(.ARM.exidx.text.GetStartResponseConvert) refers to device.o(.text.GetStartResponseConvert) for [Anonymous Symbol]
    device.o(.text.sl_Start) refers to driver.o(.text._SlDrvDriverCBInit) for _SlDrvDriverCBInit
    device.o(.text.sl_Start) refers to spi.o(.text.spi_Open) for spi_Open
    device.o(.text.sl_Start) refers to driver.o(.text._SlDrvWaitForPoolObj) for _SlDrvWaitForPoolObj
    device.o(.text.sl_Start) refers to nonos.o(.text._SlNonOsSemGet) for _SlNonOsSemGet
    device.o(.text.sl_Start) refers to device.o(.text.OUTLINED_FUNCTION_2) for OUTLINED_FUNCTION_2
    device.o(.text.sl_Start) refers to board.o(.text.CC3100_disable) for CC3100_disable
    device.o(.text.sl_Start) refers to board.o(.text.registerInterruptHandler) for registerInterruptHandler
    device.o(.text.sl_Start) refers to board.o(.text.CC3100_enable) for CC3100_enable
    device.o(.text.sl_Start) refers to driver.o(.text._SlDrvReleasePoolObj) for _SlDrvReleasePoolObj
[...]
    OUTLINED_FUNCTION_10                     0x000005d3   Thumb Code    14  driver.o(.text.OUTLINED_FUNCTION_10)
    [Anonymous Symbol]                       0x000005d2   Section        0  driver.o(.text.OUTLINED_FUNCTION_10)
    OUTLINED_FUNCTION_11                     0x000005e1   Thumb Code    12  driver.o(.text.OUTLINED_FUNCTION_11)
    [Anonymous Symbol]                       0x000005e0   Section        0  driver.o(.text.OUTLINED_FUNCTION_11)
    OUTLINED_FUNCTION_12                     0x000005ed   Thumb Code     6  driver.o(.text.OUTLINED_FUNCTION_12)
    [Anonymous Symbol]                       0x000005ec   Section        0  driver.o(.text.OUTLINED_FUNCTION_12)
    OUTLINED_FUNCTION_13                     0x000005f3   Thumb Code    12  driver.o(.text.OUTLINED_FUNCTION_13)
    [Anonymous Symbol]                       0x000005f2   Section        0  driver.o(.text.OUTLINED_FUNCTION_13)
    OUTLINED_FUNCTION_14                     0x000005ff   Thumb Code     8  driver.o(.text.OUTLINED_FUNCTION_14)
    [Anonymous Symbol]                       0x000005fe   Section        0  driver.o(.text.OUTLINED_FUNCTION_14)
    OUTLINED_FUNCTION_15                     0x00000607   Thumb Code    12  driver.o(.text.OUTLINED_FUNCTION_15)
    [Anonymous Symbol]                       0x00000606   Section        0  driver.o(.text.OUTLINED_FUNCTION_15)
    OUTLINED_FUNCTION_16                     0x00000613   Thumb Code    12  driver.o(.text.OUTLINED_FUNCTION_16)
    [Anonymous Symbol]                       0x00000612   Section        0  driver.o(.text.OUTLINED_FUNCTION_16)
    OUTLINED_FUNCTION_17                     0x0000061f   Thumb Code    10  driver.o(.text.OUTLINED_FUNCTION_17)
    [Anonymous Symbol]                       0x0000061e   Section        0  driver.o(.text.OUTLINED_FUNCTION_17)
    OUTLINED_FUNCTION_18                     0x00000629   Thumb Code    14  driver.o(.text.OUTLINED_FUNCTION_18)
    [Anonymous Symbol]                       0x00000628   Section        0  driver.o(.text.OUTLINED_FUNCTION_18)
    OUTLINED_FUNCTION_19                     0x00000637   Thumb Code    14  driver.o(.text.OUTLINED_FUNCTION_19)
    [Anonymous Symbol]                       0x00000636   Section        0  driver.o(.text.OUTLINED_FUNCTION_19)
    OUTLINED_FUNCTION_2                      0x00000645   Thumb Code    16  device.o(.text.OUTLINED_FUNCTION_2)
    [Anonymous Symbol]                       0x00000644   Section        0  device.o(.text.OUTLINED_FUNCTION_2)
    OUTLINED_FUNCTION_2                      0x00000655   Thumb Code     8  driver.o(.text.OUTLINED_FUNCTION_2)
    [Anonymous Symbol]                       0x00000654   Section        0  driver.o(.text.OUTLINED_FUNCTION_2)
    OUTLINED_FUNCTION_2                      0x0000065d   Thumb Code     6  socket.o(.text.OUTLINED_FUNCTION_2)
    [Anonymous Symbol]                       0x0000065c   Section        0  socket.o(.text.OUTLINED_FUNCTION_2)
    OUTLINED_FUNCTION_2                      0x00000663   Thumb Code    14  st7735main.o(.text.OUTLINED_FUNCTION_2)
    [Anonymous Symbol]                       0x00000662   Section        0  st7735main.o(.text.OUTLINED_FUNCTION_2)
    OUTLINED_FUNCTION_3                      0x00000671   Thumb Code    10  device.o(.text.OUTLINED_FUNCTION_3)
    [Anonymous Symbol]                       0x00000670   Section        0  device.o(.text.OUTLINED_FUNCTION_3)
    OUTLINED_FUNCTION_3                      0x0000067b   Thumb Code    12  driver.o(.text.OUTLINED_FUNCTION_3)
    [Anonymous Symbol]                       0x0000067a   Section        0  driver.o(.text.OUTLINED_FUNCTION_3)
    OUTLINED_FUNCTION_3                      0x00000687   Thumb Code    10  socket.o(.text.OUTLINED_FUNCTION_3)
    [Anonymous Symbol]                       0x00000686   Section        0  socket.o(.text.OUTLINED_FUNCTION_3)
    OUTLINED_FUNCTION_4                      0x00000691   Thumb Code    24  driver.o(.text.OUTLINED_FUNCTION_4)
    [Anonymous Symbol]                       0x00000690   Section        0  driver.o(.text.OUTLINED_FUNCTION_4)
    OUTLINED_FUNCTION_4                      0x000006a9   Thumb Code    10  socket.o(.text.OUTLINED_FUNCTION_4)
    [Anonymous Symbol]                       0x000006a8   Section        0  socket.o(.text.OUTLINED_FUNCTION_4)
    OUTLINED_FUNCTION_4                      0x000006b3   Thumb Code    10  st7735.o(.text.OUTLINED_FUNCTION_4)
    [Anonymous Symbol]                       0x000006b2   Section        0  st7735.o(.text.OUTLINED_FUNCTION_4)
    OUTLINED_FUNCTION_5                      0x000006bd   Thumb Code    22  driver.o(.text.OUTLINED_FUNCTION_5)
    [Anonymous Symbol]                       0x000006bc   Section        0  driver.o(.text.OUTLINED_FUNCTION_5)
    OUTLINED_FUNCTION_6                      0x000006d3   Thumb Code    22  driver.o(.text.OUTLINED_FUNCTION_6)
    [Anonymous Symbol]                       0x000006d2   Section        0  driver.o(.text.OUTLINED_FUNCTION_6)
    OUTLINED_FUNCTION_7                      0x000006e9   Thumb Code    16  driver.o(.text.OUTLINED_FUNCTION_7)
    [Anonymous Symbol]                       0x000006e8   Section        0  driver.o(.text.OUTLINED_FUNCTION_7)
    OUTLINED_FUNCTION_8                      0x000006f9   Thumb Code    10  driver.o(.text.OUTLINED_FUNCTION_8)
    [Anonymous Symbol]                       0x000006f8   Section        0  driver.o(.text.OUTLINED_FUNCTION_8)
    OUTLINED_FUNCTION_9                      0x00000703   Thumb Code    10  driver.o(.text.OUTLINED_FUNCTION_9)
    [Anonymous Symbol]                       0x00000702   Section        0  driver.o(.text.OUTLINED_FUNCTION_9)
    [Anonymous Symbol]                       0x0000070c   Section        0  st7735.o(.text.ST7735_DrawBitmap)
    [Anonymous Symbol]                       0x000007f4   Section        0  st7735.o(.text.ST7735_DrawCharS)
    [Anonymous Symbol]                       0x000008e4   Section        0  st7735.o(.text.ST7735_DrawPixel)
    [Anonymous Symbol]                       0x0000092c   Section        0  st7735.o(.text.ST7735_DrawString)
    [Anonymous Symbol]                       0x00000998   Section        0  st7735.o(.text.ST7735_FillRect)
    [Anonymous Symbol]                       0x00000a14   Section        0  st7735.o(.text.ST7735_FillScreen)
    [Anonymous Symbol]                       0x00000a38   Section        0  st7735.o(.text.ST7735_InitR)
    __arm_cp.5_0                             0x00000a90   Number         4  st7735.o(.text.ST7735_InitR)
    __arm_cp.5_1                             0x00000a94   Number         4  st7735.o(.text.ST7735_InitR)
    __arm_cp.5_2                             0x00000a98   Number         4  st7735.o(.text.ST7735_InitR)
    __arm_cp.5_3                             0x00000a9c   Number         4  st7735.o(.text.ST7735_InitR)
    __arm_cp.5_4                             0x00000aa0   Number         4  st7735.o(.text.ST7735_InitR)
    [Anonymous Symbol]                       0x00000aa4   Section        0  st7735.o(.text.ST7735_OutChar)
    __arm_cp.36_0                            0x00000b48   Number         4  st7735.o(.text.ST7735_OutChar)
    __arm_cp.36_1                            0x00000b4c   Number         4  st7735.o(.text.ST7735_OutChar)
    __arm_cp.36_2                            0x00000b50   Number         4  st7735.o(.text.ST7735_OutChar)
    __arm_cp.36_4                            0x00000b6c   Number         4  st7735.o(.text.ST7735_OutChar)
    [Anonymous Symbol]                       0x00000b70   Section        0  st7735.o(.text.ST7735_OutString)
    [Anonymous Symbol]                       0x00000b84   Section        0  st7735main.o(.text.SimpleLinkHttpServerCallback)
    [Anonymous Symbol]                       0x00000bb0   Section        0  st7735main.o(.text.SimpleLinkNetAppEventHandler)
    [Anonymous Symbol]                       0x00000bec   Section        0  st7735main.o(.text.SimpleLinkWlanEventHandler)
    __arm_cp.7_0                             0x00000c24   Number         4  st7735main.o(.text.SimpleLinkWlanEventHandler)
    __arm_cp.7_3                             0x00000c9c   Number         4  st7735main.o(.text.SimpleLinkWlanEventHandler)
    UARTPrimeTransmit                        0x00000ca1   Thumb Code   100  uartstdio.o(.text.UARTPrimeTransmit)
    [Anonymous Symbol]                       0x00000ca0   Section        0  uartstdio.o(.text.UARTPrimeTransmit)
    __arm_cp.4_1                             0x00000d04   Number         4  uartstdio.o(.text.UARTPrimeTransmit)
    [Anonymous Symbol]                       0x00000d08   Section        0  uartstdio.o(.text.UARTStdioIntHandler)
    __arm_cp.14_0                            0x00000e1c   Number         4  uartstdio.o(.text.UARTStdioIntHandler)
    __arm_cp.14_1                            0x00000e20   Number         4  uartstdio.o(.text.UARTStdioIntHandler)
    __arm_cp.14_4                            0x00000e2c   Number         4  uartstdio.o(.text.UARTStdioIntHandler)
    [Anonymous Symbol]                       0x00000e30   Section        0  st7735main.o(.text.UART_InChar)
    [Anonymous Symbol]                       0x00000e40   Section        0  st7735main.o(.text.UART_InString)
    [Anonymous Symbol]                       0x00000e84   Section        0  st7735main.o(.text.UART_Init)
    __arm_cp.0_0                             0x00000edc   Number         4  st7735main.o(.text.UART_Init)
    __arm_cp.0_1                             0x00000ee0   Number         4  st7735main.o(.text.UART_Init)
    __arm_cp.0_2                             0x00000ee4   Number         4  st7735main.o(.text.UART_Init)
    [Anonymous Symbol]                       0x00000ee8   Section        0  st7735main.o(.text.UART_OutChar)
    [Anonymous Symbol]                       0x00000ef4   Section        0  st7735main.o(.text.UART_OutString)
    __arm_cp.1_0                             0x00000f08   Number         4  st7735main.o(.text.UART_OutString)
    [Anonymous Symbol]                       0x00000f0c   Section        0  uartstdio.o(.text.UARTwrite)
    __arm_cp.3_0                             0x00000f70   Number         4  uartstdio.o(.text.UARTwrite)
    __arm_cp.3_1                             0x00000f74   Number         4  uartstdio.o(.text.UARTwrite)
    __arm_cp.3_2                             0x00000f78   Number         4  uartstdio.o(.text.UARTwrite)
    [Anonymous Symbol]                       0x00000f7c   Section        0  driver.o(.text._SlAsyncEventGenericHandler)
    [Anonymous Symbol]                       0x000011b0   Section        0  driver.o(.text._SlDrvBasicCmd)
    [Anonymous Symbol]                       0x000011d4   Section        0  driver.o(.text._SlDrvClassifyRxMsg)
    __arm_cp.16_1                            0x00001248   Number         4  driver.o(.text._SlDrvClassifyRxMsg)
    __arm_cp.16_2                            0x0000124c   Number         4  driver.o(.text._SlDrvClassifyRxMsg)
    __arm_cp.16_3                            0x00001250   Number         4  driver.o(.text._SlDrvClassifyRxMsg)
    __arm_cp.16_4                            0x00001254   Number         4  driver.o(.text._SlDrvClassifyRxMsg)
    [Anonymous Symbol]                       0x00001258   Section        0  driver.o(.text._SlDrvCmdOp)
    [Anonymous Symbol]                       0x00001290   Section        0  driver.o(.text._SlDrvCmdSend)
    __arm_cp.9_0                             0x000012ac   Number         4  driver.o(.text._SlDrvCmdSend)
    [Anonymous Symbol]                       0x000012b0   Section        0  driver.o(.text._SlDrvDataReadOp)
    __arm_cp.10_0                            0x000013b8   Number         4  driver.o(.text._SlDrvDataReadOp)
    [Anonymous Symbol]                       0x000013bc   Section        0  driver.o(.text._SlDrvDataWriteOp)
    [Anonymous Symbol]                       0x000014a4   Section        0  device.o(.text._SlDrvDeviceEventHandler)
    [Anonymous Symbol]                       0x000014c0   Section        0  driver.o(.text._SlDrvDriverCBDeinit)
    [Anonymous Symbol]                       0x00001520   Section        0  driver.o(.text._SlDrvDriverCBInit)
    __arm_cp.0_1                             0x00001594   Number         4  driver.o(.text._SlDrvDriverCBInit)
    [Anonymous Symbol]                       0x00001598   Section        0  flowcont.o(.text._SlDrvFlowContDeinit)
    [Anonymous Symbol]                       0x000015c0   Section        0  flowcont.o(.text._SlDrvFlowContInit)
    __arm_cp.0_0                             0x000015e8   Number         4  flowcont.o(.text._SlDrvFlowContInit)
    [Anonymous Symbol]                       0x000015ec   Section        0  driver.o(.text._SlDrvMsgRead)
    __arm_cp.14_0                            0x000018f0   Number         4  driver.o(.text._SlDrvMsgRead)
    __arm_cp.14_1                            0x000018f4   Number         4  driver.o(.text._SlDrvMsgRead)
    [Anonymous Symbol]                       0x000018f8   Section        0  driver.o(.text._SlDrvMsgReadCmdCtx)
    __arm_cp.8_0                             0x00001988   Number         4  driver.o(.text._SlDrvMsgReadCmdCtx)
    __arm_cp.8_1                             0x0000198c   Number         4  driver.o(.text._SlDrvMsgReadCmdCtx)
    [Anonymous Symbol]                       0x00001990   Section        0  driver.o(.text._SlDrvMsgReadSpawnCtx)
    __arm_cp.5_0                             0x00001a08   Number         4  driver.o(.text._SlDrvMsgReadSpawnCtx)
    [Anonymous Symbol]                       0x00001a0c   Section        0  driver.o(.text._SlDrvMsgWrite)
    __arm_cp.7_1                             0x00001adc   Number         4  driver.o(.text._SlDrvMsgWrite)
    [Anonymous Symbol]                       0x00001ae0   Section        0  netapp.o(.text._SlDrvNetAppEventHandler)
    [Anonymous Symbol]                       0x00001bb0   Section        0  driver.o(.text._SlDrvObjInit)
    [Anonymous Symbol]                       0x00001be4   Section        0  driver.o(.text._SlDrvReleasePoolObj)
    __arm_cp.12_0                            0x00001cc0   Number         4  driver.o(.text._SlDrvReleasePoolObj)
    [Anonymous Symbol]                       0x00001cc4   Section        0  driver.o(.text._SlDrvRxHdrRead)
    __arm_cp.15_0                            0x00001dd8   Number         4  driver.o(.text._SlDrvRxHdrRead)
    __arm_cp.15_1                            0x00001ddc   Number         4  driver.o(.text._SlDrvRxHdrRead)
    __arm_cp.15_2                            0x00001de0   Number         4  driver.o(.text._SlDrvRxHdrRead)
    __arm_cp.15_3                            0x00001de4   Number         4  driver.o(.text._SlDrvRxHdrRead)
    [Anonymous Symbol]                       0x00001de8   Section        0  driver.o(.text._SlDrvRxIrqHandler)
    __arm_cp.4_1                             0x00001e1c   Number         4  driver.o(.text._SlDrvRxIrqHandler)
    [Anonymous Symbol]                       0x00001e20   Section        0  driver.o(.text._SlDrvShiftDWord)
    [Anonymous Symbol]                       0x00001e38   Section        0  driver.o(.text._SlDrvWaitForPoolObj)
    [Anonymous Symbol]                       0x00001f14   Section        0  driver.o(.text._SlFindAndSetActiveObj)
    __arm_cp.17_0                            0x00001fa0   Number         4  driver.o(.text._SlFindAndSetActiveObj)
    __arm_cp.17_1                            0x00001fa4   Number         4  driver.o(.text._SlFindAndSetActiveObj)
    __arm_cp.17_2                            0x00001fa8   Number         4  driver.o(.text._SlFindAndSetActiveObj)
    [Anonymous Symbol]                       0x00001fac   Section        0  nonos.o(.text._SlNonOsMainLoopTask)
    [Anonymous Symbol]                       0x00001fe4   Section        0  nonos.o(.text._SlNonOsSemGet)
    [Anonymous Symbol]                       0x00002014   Section        0  nonos.o(.text._SlNonOsSemSet)
    [Anonymous Symbol]                       0x0000201c   Section        0  nonos.o(.text._SlNonOsSpawn)
    __arm_cp.3_0                             0x00002040   Number         4  nonos.o(.text._SlNonOsSpawn)
    [Anonymous Symbol]                       0x00002044   Section        0  driver.o(.text._SlRemoveFromList)
    __arm_cp.21_0                            0x00002084   Number         4  driver.o(.text._SlRemoveFromList)
    [Anonymous Symbol]                       0x00002088   Section        0  socket.o(.text._sl_BuildAddress)
    [Anonymous Symbol]                       0x000020b0   Section        0  socket.o(.text._sl_HandleAsync_Accept)
    [Anonymous Symbol]                       0x000020f8   Section        0  socket.o(.text._sl_HandleAsync_Connect)
    [Anonymous Symbol]                       0x00002140   Section        0  netapp.o(.text._sl_HandleAsync_DnsGetHostByName)
    __arm_cp.10_0                            0x00002198   Number         4  netapp.o(.text._sl_HandleAsync_DnsGetHostByName)
    [Anonymous Symbol]                       0x0000219c   Section        0  netapp.o(.text._sl_HandleAsync_DnsGetHostByService)
    __arm_cp.7_0                             0x000021ec   Number         4  netapp.o(.text._sl_HandleAsync_DnsGetHostByService)
    [Anonymous Symbol]                       0x000021f0   Section        0  device.o(.text._sl_HandleAsync_InitComplete)
    [Anonymous Symbol]                       0x00002230   Section        0  netapp.o(.text._sl_HandleAsync_PingResponse)
    __arm_cp.12_0                            0x0000229c   Number         4  netapp.o(.text._sl_HandleAsync_PingResponse)
    __arm_cp.12_1                            0x000022a0   Number         4  netapp.o(.text._sl_HandleAsync_PingResponse)
    [Anonymous Symbol]                       0x000022a4   Section        0  socket.o(.text._sl_HandleAsync_Select)
    [Anonymous Symbol]                       0x000022dc   Section        0  device.o(.text._sl_HandleAsync_Stop)
    __arm_cp.4_0                             0x000022fc   Number         4  device.o(.text._sl_HandleAsync_Stop)
    [Anonymous Symbol]                       0x00002300   Section        0  socket.o(.text._sl_TruncatePayloadByProtocol)
    commandList                              0x0000234d   Thumb Code    74  st7735.o(.text.commandList)
    [Anonymous Symbol]                       0x0000234c   Section        0  st7735.o(.text.commandList)
    commonInit                               0x00002399   Thumb Code   248  st7735.o(.text.commonInit)
    [Anonymous Symbol]                       0x00002398   Section        0  st7735.o(.text.commonInit)
    __arm_cp.2_0                             0x00002490   Number         4  st7735.o(.text.commonInit)
    __arm_cp.2_1                             0x00002494   Number         4  st7735.o(.text.commonInit)
    __arm_cp.2_2                             0x00002498   Number         4  st7735.o(.text.commonInit)
    __arm_cp.2_3                             0x0000249c   Number         4  st7735.o(.text.commonInit)
    __arm_cp.2_4                             0x000024a0   Number         4  st7735.o(.text.commonInit)
    __arm_cp.2_5                             0x000024a4   Number         4  st7735.o(.text.commonInit)
    __arm_cp.2_6                             0x000024a8   Number         4  st7735.o(.text.commonInit)
    __arm_cp.2_7                             0x000024ac   Number         4  st7735.o(.text.commonInit)
    __arm_cp.2_8                             0x000024b0   Number         4  st7735.o(.text.commonInit)
    __arm_cp.2_9                             0x000024b4   Number         4  st7735.o(.text.commonInit)
    __arm_cp.2_10                            0x000024b8   Number         4  st7735.o(.text.commonInit)
    __arm_cp.2_11                            0x000024bc   Number         4  st7735.o(.text.commonInit)
    [Anonymous Symbol]                       0x000024c0   Section        0  board.o(.text.initClk)
    __arm_cp.0_0                             0x000024d4   Number         4  board.o(.text.initClk)
    [Anonymous Symbol]                       0x000024d8   Section        0  st7735main.o(.text.main)
    __arm_cp.6_67                            0x00002b88   Number         4  st7735main.o(.text.main)
    __arm_cp.6_0                             0x00002ea4   Number         4  st7735main.o(.text.main)
    __arm_cp.6_1                             0x00002ea8   Number         4  st7735main.o(.text.main)
    __arm_cp.6_2                             0x00002eac   Number         4  st7735main.o(.text.main)
    __arm_cp.6_3                             0x00002eb0   Number         4  st7735main.o(.text.main)
    __arm_cp.6_6                             0x00002ed0   Number         4  st7735main.o(.text.main)
    __arm_cp.6_7                             0x00002ed4   Number         4  st7735main.o(.text.main)
    __arm_cp.6_9                             0x00002ef4   Number         4  st7735main.o(.text.main)
    __arm_cp.6_10                            0x00002ef8   Number         4  st7735main.o(.text.main)
    __arm_cp.6_11                            0x00002efc   Number         4  st7735main.o(.text.main)
    __arm_cp.6_12                            0x00002f00   Number         4  st7735main.o(.text.main)
    __arm_cp.6_13                            0x00002f04   Number         4  st7735main.o(.text.main)
    __arm_cp.6_16                            0x00002f38   Number         4  st7735main.o(.text.main)
    __arm_cp.6_17                            0x00002f3c   Number         4  st7735main.o(.text.main)
    __arm_cp.6_21                            0x00002f70   Number         4  st7735main.o(.text.main)
    __arm_cp.6_22                            0x00002f74   Number         4  st7735main.o(.text.main)
    __arm_cp.6_23                            0x00002f78   Number         4  st7735main.o(.text.main)
    __arm_cp.6_24                            0x00002f7c   Number         4  st7735main.o(.text.main)
    __arm_cp.6_25                            0x00002f80   Number         4  st7735main.o(.text.main)
    __arm_cp.6_26                            0x00002f84   Number         4  st7735main.o(.text.main)
    __arm_cp.6_27                            0x00002f88   Number         4  st7735main.o(.text.main)
    __arm_cp.6_29                            0x00002f90   Number         4  st7735main.o(.text.main)
    __arm_cp.6_30                            0x00002f94   Number         4  st7735main.o(.text.main)
    __arm_cp.6_31                            0x00002f98   Number         4  st7735main.o(.text.main)
    __arm_cp.6_32                            0x00002f9c   Number         4  st7735main.o(.text.main)
    __arm_cp.6_33                            0x00002fa0   Number         4  st7735main.o(.text.main)
    __arm_cp.6_34                            0x00002fa4   Number         4  st7735main.o(.text.main)
    __arm_cp.6_35                            0x00002fa8   Number         4  st7735main.o(.text.main)
    __arm_cp.6_36                            0x00002fac   Number         4  st7735main.o(.text.main)
    __arm_cp.6_37                            0x00002fb0   Number         4  st7735main.o(.text.main)
    __arm_cp.6_38                            0x00002fb4   Number         4  st7735main.o(.text.main)
    __arm_cp.6_39                            0x00002fb8   Number         4  st7735main.o(.text.main)
    __arm_cp.6_40                            0x00002fbc   Number         4  st7735main.o(.text.main)
    __arm_cp.6_41                            0x00002fc0   Number         4  st7735main.o(.text.main)
    __arm_cp.6_42                            0x00002fc4   Number         4  st7735main.o(.text.main)
    __arm_cp.6_43                            0x00002fc8   Number         4  st7735main.o(.text.main)
    __arm_cp.6_44                            0x00002fcc   Number         4  st7735main.o(.text.main)
    __arm_cp.6_45                            0x00002fd0   Number         4  st7735main.o(.text.main)
    __arm_cp.6_46                            0x00002fd4   Number         4  st7735main.o(.text.main)
    __arm_cp.6_47                            0x00002fd8   Number         4  st7735main.o(.text.main)
    __arm_cp.6_48                            0x00002fdc   Number         4  st7735main.o(.text.main)
    __arm_cp.6_49                            0x00002fe0   Number         4  st7735main.o(.text.main)
    __arm_cp.6_50                            0x00002fe4   Number         4  st7735main.o(.text.main)
    __arm_cp.6_51                            0x00002fe8   Number         4  st7735main.o(.text.main)
    __arm_cp.6_52                            0x00002fec   Number         4  st7735main.o(.text.main)
    __arm_cp.6_53                            0x00002ff0   Number         4  st7735main.o(.text.main)
    __arm_cp.6_54                            0x00002ff4   Number         4  st7735main.o(.text.main)
    __arm_cp.6_55                            0x00002ff8   Number         4  st7735main.o(.text.main)
    __arm_cp.6_56                            0x00002ffc   Number         4  st7735main.o(.text.main)
    __arm_cp.6_57                            0x00003000   Number         4  st7735main.o(.text.main)
    __arm_cp.6_58                            0x00003004   Number         4  st7735main.o(.text.main)
    __arm_cp.6_59                            0x00003008   Number         4  st7735main.o(.text.main)
    __arm_cp.6_60                            0x0000300c   Number         4  st7735main.o(.text.main)
    __arm_cp.6_61                            0x00003010   Number         4  st7735main.o(.text.main)
    __arm_cp.6_62                            0x00003014   Number         4  st7735main.o(.text.main)
    __arm_cp.6_65                            0x00003020   Number         4  st7735main.o(.text.main)
    pushColor                                0x00003025   Thumb Code    20  st7735.o(.text.pushColor)
    [Anonymous Symbol]                       0x00003024   Section        0  st7735.o(.text.pushColor)
    [Anonymous Symbol]                       0x00003038   Section        0  board.o(.text.registerInterruptHandler)
    __arm_cp.2_0                             0x00003040   Number         4  board.o(.text.registerInterruptHandler)
    setAddrWindow                            0x00003045   Thumb Code    96  st7735.o(.text.setAddrWindow)
    [Anonymous Symbol]                       0x00003044   Section        0  st7735.o(.text.setAddrWindow)
    __arm_cp.10_0                            0x000030a4   Number         4  st7735.o(.text.setAddrWindow)
    __arm_cp.10_1                            0x000030a8   Number         4  st7735.o(.text.setAddrWindow)
    __arm_cp.10_2                            0x000030ac   Number         4  st7735.o(.text.setAddrWindow)
    [Anonymous Symbol]                       0x000030b0   Section        0  socket.o(.text.sl_Close)
    __arm_cp.4_0                             0x000030c8   Number         4  socket.o(.text.sl_Close)
    [Anonymous Symbol]                       0x000030cc   Section        0  socket.o(.text.sl_Connect)
    [Anonymous Symbol]                       0x000031a8   Section        0  device.o(.text.sl_DevGet)
    __arm_cp.8_0                             0x0000320c   Number         4  device.o(.text.sl_DevGet)
    __arm_cp.8_1                             0x00003210   Number         4  device.o(.text.sl_DevGet)
    [Anonymous Symbol]                       0x00003214   Section        0  socket.o(.text.sl_Htonl)
    [Anonymous Symbol]                       0x00003218   Section        0  socket.o(.text.sl_Htons)
    [Anonymous Symbol]                       0x0000321c   Section        0  netapp.o(.text.sl_NetAppDnsGetHostByName)
    __arm_cp.9_0                             0x000032ec   Number         4  netapp.o(.text.sl_NetAppDnsGetHostByName)
    __arm_cp.9_2                             0x000032f0   Number         4  netapp.o(.text.sl_NetAppDnsGetHostByName)
    [Anonymous Symbol]                       0x000032f4   Section        0  netapp.o(.text.sl_NetAppMDNSRegisterUnregisterService)
    __arm_cp.3_0                             0x00003374   Number         4  netapp.o(.text.sl_NetAppMDNSRegisterUnregisterService)
    [Anonymous Symbol]                       0x00003378   Section        0  netapp.o(.text.sl_NetAppMDNSUnRegisterService)
    [Anonymous Symbol]                       0x0000338c   Section        0  netapp.o(.text.sl_NetAppSendTokenValue)
    __arm_cp.15_0                            0x000033d4   Number         4  netapp.o(.text.sl_NetAppSendTokenValue)
    [Anonymous Symbol]                       0x000033d8   Section        0  netcfg.o(.text.sl_NetCfgSet)
    __arm_cp.0_0                             0x00003410   Number         4  netcfg.o(.text.sl_NetCfgSet)
    [Anonymous Symbol]                       0x00003414   Section        0  socket.o(.text.sl_Recv)
    __arm_cp.16_0                            0x00003450   Number         4  socket.o(.text.sl_Recv)
    [Anonymous Symbol]                       0x00003454   Section        0  socket.o(.text.sl_Send)
    __arm_cp.10_0                            0x000034e8   Number         4  socket.o(.text.sl_Send)
    __arm_cp.10_1                            0x000034ec   Number         4  socket.o(.text.sl_Send)
    [Anonymous Symbol]                       0x000034f0   Section        0  socket.o(.text.sl_Socket)
    __arm_cp.3_0                             0x0000351c   Number         4  socket.o(.text.sl_Socket)
    [Anonymous Symbol]                       0x00003520   Section        0  device.o(.text.sl_Start)
    __arm_cp.2_0                             0x000035bc   Number         4  device.o(.text.sl_Start)
    __arm_cp.2_1                             0x000035c0   Number         4  device.o(.text.sl_Start)
    __arm_cp.2_2                             0x000035c4   Number         4  device.o(.text.sl_Start)
    [Anonymous Symbol]                       0x000035c8   Section        0  device.o(.text.sl_Stop)
    __arm_cp.5_0                             0x00003678   Number         4  device.o(.text.sl_Stop)
    __arm_cp.5_1                             0x0000367c   Number         4  device.o(.text.sl_Stop)
    __arm_cp.5_2                             0x00003680   Number         4  device.o(.text.sl_Stop)
    [Anonymous Symbol]                       0x00003684   Section        0  wlan.o(.text.sl_WlanConnect)
    __arm_cp.0_0                             0x00003804   Number         4  wlan.o(.text.sl_WlanConnect)
    [Anonymous Symbol]                       0x00003808   Section        0  wlan.o(.text.sl_WlanDisconnect)
    [Anonymous Symbol]                       0x00003810   Section        0  wlan.o(.text.sl_WlanPolicySet)
    __arm_cp.2_0                             0x00003844   Number         4  wlan.o(.text.sl_WlanPolicySet)
    [Anonymous Symbol]                       0x00003848   Section        0  wlan.o(.text.sl_WlanProfileDel)
    __arm_cp.6_0                             0x00003860   Number         4  wlan.o(.text.sl_WlanProfileDel)
    [Anonymous Symbol]                       0x00003864   Section        0  wlan.o(.text.sl_WlanSet)
    __arm_cp.17_0                            0x0000389c   Number         4  wlan.o(.text.sl_WlanSet)
    [Anonymous Symbol]                       0x000038a0   Section        0  wlan.o(.text.sl_WlanSetMode)
    __arm_cp.16_0                            0x000038b8   Number         4  wlan.o(.text.sl_WlanSetMode)
    [Anonymous Symbol]                       0x000038bc   Section        0  spi.o(.text.spi_Close)
    [Anonymous Symbol]                       0x000038c8   Section        0  spi.o(.text.spi_Open)
    __arm_cp.1_0                             0x0000398c   Number         4  spi.o(.text.spi_Open)
    __arm_cp.1_1                             0x00003990   Number         4  spi.o(.text.spi_Open)
    __arm_cp.1_2                             0x00003994   Number         4  spi.o(.text.spi_Open)
    __arm_cp.1_3                             0x00003998   Number         4  spi.o(.text.spi_Open)
    __arm_cp.1_4                             0x0000399c   Number         4  spi.o(.text.spi_Open)
    __arm_cp.1_5                             0x000039a0   Number         4  spi.o(.text.spi_Open)
    __arm_cp.1_6                             0x000039a4   Number         4  spi.o(.text.spi_Open)
    [Anonymous Symbol]                       0x000039a8   Section        0  spi.o(.text.spi_Read)
    [Anonymous Symbol]                       0x000039f4   Section        0  spi.o(.text.spi_Write)
    __arm_cp.2_0                             0x00003a3c   Number         4  spi.o(.text.spi_Write)
    writecommand                             0x00003a41   Thumb Code    24  st7735.o(.text.writecommand)
    [Anonymous Symbol]                       0x00003a40   Section        0  st7735.o(.text.writecommand)
    writedata                                0x00003a59   Thumb Code    20  st7735.o(.text.writedata)
    [Anonymous Symbol]                       0x00003a58   Section        0  st7735.o(.text.writedata)
    __arm_cp.8_0                             0x00003a6c   Number         4  st7735.o(.text.writedata)
    __arm_cp.8_1                             0x00003a70   Number         4  st7735.o(.text.writedata)
    i.FPUEnable                              0x00003a74   Section        0  fpu.o(i.FPUEnable)
    i.FPULazyStackingEnable                  0x00003a84   Section        0  fpu.o(i.FPULazyStackingEnable)
    i.GPIODirModeSet                         0x00003a94   Section        0  gpio.o(i.GPIODirModeSet)
    i.GPIOIntClear                           0x00003abc   Section        0  gpio.o(i.GPIOIntClear)
    i.GPIOIntDisable                         0x00003ac2   Section        0  gpio.o(i.GPIOIntDisable)
    i.GPIOIntEnable                          0x00003ad0   Section        0  gpio.o(i.GPIOIntEnable)
    i.GPIOIntStatus                          0x00003ade   Section        0  gpio.o(i.GPIOIntStatus)
    i.GPIOIntTypeSet                         0x00003aec   Section        0  gpio.o(i.GPIOIntTypeSet)
    i.GPIOPadConfigSet                       0x00003b3c   Section        0  gpio.o(i.GPIOPadConfigSet)
    i.GPIOPinConfigure                       0x00003c78   Section        0  gpio.o(i.GPIOPinConfigure)
    i.GPIOPinTypeGPIOInput                   0x00003cc0   Section        0  gpio.o(i.GPIOPinTypeGPIOInput)
    i.GPIOPinTypeGPIOOutput                  0x00003cdc   Section        0  gpio.o(i.GPIOPinTypeGPIOOutput)
    i.GPIOPinTypeSSI                         0x00003cf8   Section        0  gpio.o(i.GPIOPinTypeSSI)
    i.GPIOPinWrite                           0x00003d14   Section        0  gpio.o(i.GPIOPinWrite)
    i.IntEnable                              0x00003d1c   Section        0  interrupt.o(i.IntEnable)
    i.IntMasterEnable                        0x00003d80   Section        0  interrupt.o(i.IntMasterEnable)
    i.SSIConfigSetExpClk                     0x00003d8e   Section        0  ssi.o(i.SSIConfigSetExpClk)
    i.SSIDataGetNonBlocking                  0x00003dd8   Section        0  ssi.o(i.SSIDataGetNonBlocking)
    i.SSIDataPutNonBlocking                  0x00003dec   Section        0  ssi.o(i.SSIDataPutNonBlocking)
    i.SSIEnable                              0x00003dfc   Section        0  ssi.o(i.SSIEnable)
    i.SysCtlClockGet                         0x00003e08   Section        0  sysctl.o(i.SysCtlClockGet)
    i.SysCtlClockSet                         0x00003f6c   Section        0  sysctl.o(i.SysCtlClockSet)
    i.SysCtlPeripheralEnable                 0x0000408c   Section        0  sysctl.o(i.SysCtlPeripheralEnable)
    i.__scatterload_copy                     0x000040b4   Section       14  handlers.o(i.__scatterload_copy)
    i.__scatterload_null                     0x000040c2   Section        2  handlers.o(i.__scatterload_null)
    i.__scatterload_zeroinit                 0x000040c4   Section       14  handlers.o(i.__scatterload_zeroinit)
    g_ppui32GPIOIntMapBlizzard               0x000040d4   Data         192  gpio.o(.constdata)
    .constdata                               0x000040d4   Section      528  gpio.o(.constdata)
    g_ppui32GPIOIntMapSnowflake              0x00004194   Data         192  gpio.o(.constdata)
    g_pui32GPIOBaseAddrs                     0x00004254   Data         144  gpio.o(.constdata)
    g_pui32Priority                          0x000042e4   Data          32  interrupt.o(.constdata)
    .constdata                               0x000042e4   Section      268  interrupt.o(.constdata)
    g_pui32Regs                              0x00004304   Data         156  interrupt.o(.constdata)
    g_pui32EnRegs                            0x000043a0   Data          20  interrupt.o(.constdata)
    g_pui32Dii16Regs                         0x000043b4   Data          20  interrupt.o(.constdata)
    g_pui32PendRegs                          0x000043c8   Data          20  interrupt.o(.constdata)
    g_pui32UnpendRegs                        0x000043dc   Data          20  interrupt.o(.constdata)
    g_pui32VCOFrequencies                    0x000043f0   Data           8  sysctl.o(.constdata)
    .constdata                               0x000043f0   Section      452  sysctl.o(.constdata)
    g_pui32Xtals                             0x000043f8   Data         108  sysctl.o(.constdata)
    g_pppui32XTALtoVCO                       0x00004464   Data         288  sysctl.o(.constdata)
    g_sXTALtoMEMTIM                          0x00004584   Data          48  sysctl.o(.constdata)
    Font                                     0x000045b4   Data        1275  st7735.o(.rodata.Font)
    [Anonymous Symbol]                       0x000045b4   Section        0  st7735.o(.rodata.Font)
    Rcmd1                                    0x00004aaf   Data          59  st7735.o(.rodata.Rcmd1)
    [Anonymous Symbol]                       0x00004aaf   Section        0  st7735.o(.rodata.Rcmd1)
    Rcmd2green                               0x00004aea   Data          13  st7735.o(.rodata.Rcmd2green)
    [Anonymous Symbol]                       0x00004aea   Section        0  st7735.o(.rodata.Rcmd2green)
    Rcmd2red                                 0x00004af7   Data          13  st7735.o(.rodata.Rcmd2red)
    [Anonymous Symbol]                       0x00004af7   Section        0  st7735.o(.rodata.Rcmd2red)
    Rcmd3                                    0x00004b04   Data          43  st7735.o(.rodata.Rcmd3)
    [Anonymous Symbol]                       0x00004b04   Section        0  st7735.o(.rodata.Rcmd3)
    g_ui32UARTInt                            0x00006bb0   Data          12  uartstdio.o(.rodata.g_ui32UARTInt)
    [Anonymous Symbol]                       0x00006bb0   Section        0  uartstdio.o(.rodata.g_ui32UARTInt)
    [Anonymous Symbol]                       0x00007bbc   Section        0  st7735main.o(.rodata.str1.1)
    [Anonymous Symbol]                       0x00007e20   Section        0  st7735main.o(.rodata.str1.4)
    ColStart                                 0x20000008   Data           1  st7735.o(.bss..L_MergedGlobals)
    [Anonymous Symbol]                       0x20000008   Section        0  st7735.o(.bss..L_MergedGlobals)
    RowStart                                 0x20000009   Data           1  st7735.o(.bss..L_MergedGlobals)
    TabColor                                 0x2000000a   Data           1  st7735.o(.bss..L_MergedGlobals)
    _width                                   0x2000000c   Data           1  st7735.o(.bss..L_MergedGlobals)
    _height                                  0x2000000e   Data           1  st7735.o(.bss..L_MergedGlobals)
    g_bDisableEcho                           0x2000003c   Data           1  uartstdio.o(.bss..L_MergedGlobals)
    [Anonymous Symbol]                       0x2000003c   Section        0  uartstdio.o(.bss..L_MergedGlobals)
    UARTStdioIntHandler.bLastWasCR           0x2000003d   Data           1  uartstdio.o(.bss..L_MergedGlobals)
    g_ui32Base                               0x20000040   Data           4  uartstdio.o(.bss..L_MergedGlobals)
    g_ui32PortNum                            0x20000044   Data           4  uartstdio.o(.bss..L_MergedGlobals)
    g_ui32UARTTxReadIndex                    0x20000048   Data           4  uartstdio.o(.bss..L_MergedGlobals)
    g_ui32UARTTxWriteIndex                   0x2000004c   Data           4  uartstdio.o(.bss..L_MergedGlobals)
    g_ui32UARTRxReadIndex                    0x20000050   Data           4  uartstdio.o(.bss..L_MergedGlobals)
    g_ui32UARTRxWriteIndex                   0x20000054   Data           4  uartstdio.o(.bss..L_MergedGlobals)
    [Anonymous Symbol]                       0x20000058   Section        0  st7735main.o(.bss..L_MergedGlobals)
    g_pcUARTRxBuffer                         0x2000081c   Data         128  uartstdio.o(.bss.g_pcUARTRxBuffer)
    [Anonymous Symbol]                       0x2000081c   Section        0  uartstdio.o(.bss.g_pcUARTRxBuffer)
    g_pcUARTTxBuffer                         0x2000089c   Data        1024  uartstdio.o(.bss.g_pcUARTTxBuffer)
    [Anonymous Symbol]                       0x2000089c   Section        0  uartstdio.o(.bss.g_pcUARTTxBuffer)
    StackMem                                 0x20000ca8   Data           0  startup_rvmdk.o(STACK)
    STACK                                    0x20000ca8   Section    16384  startup_rvmdk.o(STACK)

    Global Symbols

    Symbol Name                              Value     Ov Type        Size  Object(Section)

    BuildAttributes$$THM_ISAv4$E$P$D$K$B$S$7EM$VFPi3$EXTD16$VFPS$VFMA$PE$A:L22UL41UL21$X:L11$S22US41US21$IEEE1$IW$~IW$USESV6$~STKCKD$USESV7$~SHL$OTIME$EBA8$MICROLIB$REQ8$PRES8$EABIv2 0x00000000   Number         0  anon$$obj.o ABSOLUTE
    __Vectors                                0x00000000   Data           0  startup_rvmdk.o(RESET)
    __cpp_initialize__aeabi_                  - Undefined Weak Reference
    __cxa_finalize                            - Undefined Weak Reference
    __decompress                              - Undefined Weak Reference
    _clock_init                               - Undefined Weak Reference
    _microlib_exit                            - Undefined Weak Reference
    Reset_Handler                            0x0000026d   Thumb Code     0  startup_rvmdk.o(RESET)
    __main                                   0x00000289   Thumb Code     0  entry.o(.ARM.Collect$$$$00000000)
    _main_stk                                0x00000289   Thumb Code     0  entry2.o(.ARM.Collect$$$$00000001)
    _main_scatterload                        0x0000028d   Thumb Code     0  entry5.o(.ARM.Collect$$$$00000004)
    __main_after_scatterload                 0x00000291   Thumb Code     0  entry5.o(.ARM.Collect$$$$00000004)
    _main_clock                              0x00000291   Thumb Code     0  entry7b.o(.ARM.Collect$$$$00000008)
    _main_cpp_init                           0x00000291   Thumb Code     0  entry8b.o(.ARM.Collect$$$$0000000A)
    _main_init                               0x00000291   Thumb Code     0  entry9a.o(.ARM.Collect$$$$0000000B)
    __rt_final_cpp                           0x00000299   Thumb Code     0  entry10a.o(.ARM.Collect$$$$0000000D)
    __rt_final_exit                          0x00000299   Thumb Code     0  entry11a.o(.ARM.Collect$$$$0000000F)
    SysCtlDelay                              0x0000029d   Thumb Code     6  sysctl.o(.emb_text)
    CPUcpsid                                 0x000002a5   Thumb Code     8  cpu.o(.emb_text)
    CPUprimask                               0x000002ad   Thumb Code     6  cpu.o(.emb_text)
    CPUcpsie                                 0x000002b3   Thumb Code     8  cpu.o(.emb_text)
    CPUwfi                                   0x000002bb   Thumb Code     4  cpu.o(.emb_text)
    CPUbasepriSet                            0x000002bf   Thumb Code     6  cpu.o(.emb_text)
    CPUbasepriGet                            0x000002c5   Thumb Code     6  cpu.o(.emb_text)
    __aeabi_memcpy                           0x000002cb   Thumb Code    36  memcpya.o(.text)
    __aeabi_memcpy4                          0x000002cb   Thumb Code     0  memcpya.o(.text)
    __aeabi_memcpy8                          0x000002cb   Thumb Code     0  memcpya.o(.text)
    __aeabi_memset                           0x000002ef   Thumb Code    14  memseta.o(.text)
    __aeabi_memset4                          0x000002ef   Thumb Code     0  memseta.o(.text)
    __aeabi_memset8                          0x000002ef   Thumb Code     0  memseta.o(.text)
    __aeabi_memclr                           0x000002fd   Thumb Code     4  memseta.o(.text)
    __aeabi_memclr4                          0x000002fd   Thumb Code     0  memseta.o(.text)
    __aeabi_memclr8                          0x000002fd   Thumb Code     0  memseta.o(.text)
    _memset$wrapper                          0x00000301   Thumb Code    18  memseta.o(.text)
    strcat                                   0x00000313   Thumb Code    24  strcat.o(.text)
    strstr                                   0x0000032b   Thumb Code    36  strstr.o(.text)
    strlen                                   0x0000034f   Thumb Code    14  strlen.o(.text)
    strcpy                                   0x0000035d   Thumb Code    18  strcpy.o(.text)
    __scatterload                            0x00000371   Thumb Code    38  init.o(.text)
    __scatterload_rt2                        0x00000371   Thumb Code     0  init.o(.text)
    CC3100_InterruptDisable                  0x000003a1   Thumb Code     8  board.o(.text.CC3100_InterruptDisable)
    CC3100_InterruptEnable                   0x000003a9   Thumb Code     8  board.o(.text.CC3100_InterruptEnable)
    CC3100_disable                           0x000003b1   Thumb Code    12  board.o(.text.CC3100_disable)
    CC3100_enable                            0x000003bd   Thumb Code    12  board.o(.text.CC3100_enable)
    Crash                                    0x000003cd   Thumb Code     6  st7735main.o(.text.Crash)
    Delay                                    0x000003d3   Thumb Code    26  board.o(.text.Delay)
    Delay1ms                                 0x000003ed   Thumb Code    30  st7735.o(.text.Delay1ms)
    GPIOB_intHandler                         0x0000040d   Thumb Code    44  board.o(.text.GPIOB_intHandler)
    GetStartResponseConvert                  0x00000441   Thumb Code    68  device.o(.text.GetStartResponseConvert)
    LED_GreenOn                              0x00000485   Thumb Code     8  led.o(.text.LED_GreenOn)
    LED_Init                                 0x00000491   Thumb Code    60  led.o(.text.LED_Init)
    LED_RedToggle                            0x000004dd   Thumb Code    12  led.o(.text.LED_RedToggle)
    ST7735_DrawBitmap                        0x0000070d   Thumb Code   232  st7735.o(.text.ST7735_DrawBitmap)
    ST7735_DrawCharS                         0x000007f5   Thumb Code   240  st7735.o(.text.ST7735_DrawCharS)
    ST7735_DrawPixel                         0x000008e5   Thumb Code    72  st7735.o(.text.ST7735_DrawPixel)
    ST7735_DrawString                        0x0000092d   Thumb Code   108  st7735.o(.text.ST7735_DrawString)
    ST7735_FillRect                          0x00000999   Thumb Code   124  st7735.o(.text.ST7735_FillRect)
    ST7735_FillScreen                        0x00000a15   Thumb Code    36  st7735.o(.text.ST7735_FillScreen)
    ST7735_InitR                             0x00000a39   Thumb Code    88  st7735.o(.text.ST7735_InitR)
    ST7735_OutChar                           0x00000aa5   Thumb Code   164  st7735.o(.text.ST7735_OutChar)
    ST7735_OutString                         0x00000b71   Thumb Code    18  st7735.o(.text.ST7735_OutString)
    SimpleLinkHttpServerCallback             0x00000b85   Thumb Code     8  st7735main.o(.text.SimpleLinkHttpServerCallback)
    SimpleLinkNetAppEventHandler             0x00000bb1   Thumb Code    24  st7735main.o(.text.SimpleLinkNetAppEventHandler)
    SimpleLinkWlanEventHandler               0x00000bed   Thumb Code    56  st7735main.o(.text.SimpleLinkWlanEventHandler)
    UARTStdioIntHandler                      0x00000d09   Thumb Code   276  uartstdio.o(.text.UARTStdioIntHandler)
    UART_InChar                              0x00000e31   Thumb Code    16  st7735main.o(.text.UART_InChar)
    UART_InString                            0x00000e41   Thumb Code    66  st7735main.o(.text.UART_InString)
    UART_Init                                0x00000e85   Thumb Code    88  st7735main.o(.text.UART_Init)
    UART_OutChar                             0x00000ee9   Thumb Code    12  st7735main.o(.text.UART_OutChar)
    UART_OutString                           0x00000ef5   Thumb Code    20  st7735main.o(.text.UART_OutString)
    UARTwrite                                0x00000f0d   Thumb Code   100  uartstdio.o(.text.UARTwrite)
    _SlAsyncEventGenericHandler              0x00000f7d   Thumb Code   564  driver.o(.text._SlAsyncEventGenericHandler)
    _SlDrvBasicCmd                           0x000011b1   Thumb Code    34  driver.o(.text._SlDrvBasicCmd)
    _SlDrvClassifyRxMsg                      0x000011d5   Thumb Code   116  driver.o(.text._SlDrvClassifyRxMsg)
    _SlDrvCmdOp                              0x00001259   Thumb Code    56  driver.o(.text._SlDrvCmdOp)
    _SlDrvCmdSend                            0x00001291   Thumb Code    28  driver.o(.text._SlDrvCmdSend)
    _SlDrvDataReadOp                         0x000012b1   Thumb Code   264  driver.o(.text._SlDrvDataReadOp)
    _SlDrvDataWriteOp                        0x000013bd   Thumb Code   232  driver.o(.text._SlDrvDataWriteOp)
    _SlDrvDeviceEventHandler                 0x000014a5   Thumb Code    26  device.o(.text._SlDrvDeviceEventHandler)
    _SlDrvDriverCBDeinit                     0x000014c1   Thumb Code    96  driver.o(.text._SlDrvDriverCBDeinit)
    _SlDrvDriverCBInit                       0x00001521   Thumb Code   116  driver.o(.text._SlDrvDriverCBInit)
    _SlDrvFlowContDeinit                     0x00001599   Thumb Code    40  flowcont.o(.text._SlDrvFlowContDeinit)
    _SlDrvFlowContInit                       0x000015c1   Thumb Code    40  flowcont.o(.text._SlDrvFlowContInit)
    _SlDrvMsgRead                            0x000015ed   Thumb Code   772  driver.o(.text._SlDrvMsgRead)
    _SlDrvMsgReadCmdCtx                      0x000018f9   Thumb Code   144  driver.o(.text._SlDrvMsgReadCmdCtx)
    _SlDrvMsgReadSpawnCtx                    0x00001991   Thumb Code   120  driver.o(.text._SlDrvMsgReadSpawnCtx)
    _SlDrvMsgWrite                           0x00001a0d   Thumb Code   208  driver.o(.text._SlDrvMsgWrite)
    _SlDrvNetAppEventHandler                 0x00001ae1   Thumb Code   208  netapp.o(.text._SlDrvNetAppEventHandler)
    _SlDrvObjInit                            0x00001bb1   Thumb Code    52  driver.o(.text._SlDrvObjInit)
    _SlDrvReleasePoolObj                     0x00001be5   Thumb Code   220  driver.o(.text._SlDrvReleasePoolObj)
    _SlDrvRxHdrRead                          0x00001cc5   Thumb Code   276  driver.o(.text._SlDrvRxHdrRead)
    _SlDrvRxIrqHandler                       0x00001de9   Thumb Code    52  driver.o(.text._SlDrvRxIrqHandler)
    _SlDrvShiftDWord                         0x00001e21   Thumb Code    22  driver.o(.text._SlDrvShiftDWord)
    _SlDrvWaitForPoolObj                     0x00001e39   Thumb Code   220  driver.o(.text._SlDrvWaitForPoolObj)
    _SlFindAndSetActiveObj                   0x00001f15   Thumb Code   140  driver.o(.text._SlFindAndSetActiveObj)
    _SlNonOsMainLoopTask                     0x00001fad   Thumb Code    56  nonos.o(.text._SlNonOsMainLoopTask)
    _SlNonOsSemGet                           0x00001fe5   Thumb Code    48  nonos.o(.text._SlNonOsSemGet)
    _SlNonOsSemSet                           0x00002015   Thumb Code     6  nonos.o(.text._SlNonOsSemSet)
    _SlNonOsSpawn                            0x0000201d   Thumb Code    36  nonos.o(.text._SlNonOsSpawn)
    _SlRemoveFromList                        0x00002045   Thumb Code    64  driver.o(.text._SlRemoveFromList)
    _sl_BuildAddress                         0x00002089   Thumb Code    38  socket.o(.text._sl_BuildAddress)
    _sl_HandleAsync_Accept                   0x000020b1   Thumb Code    72  socket.o(.text._sl_HandleAsync_Accept)
    _sl_HandleAsync_Connect                  0x000020f9   Thumb Code    72  socket.o(.text._sl_HandleAsync_Connect)
    _sl_HandleAsync_DnsGetHostByName         0x00002141   Thumb Code    88  netapp.o(.text._sl_HandleAsync_DnsGetHostByName)
    _sl_HandleAsync_DnsGetHostByService      0x0000219d   Thumb Code    80  netapp.o(.text._sl_HandleAsync_DnsGetHostByService)
    _sl_HandleAsync_InitComplete             0x000021f1   Thumb Code    64  device.o(.text._sl_HandleAsync_InitComplete)
    _sl_HandleAsync_PingResponse             0x00002231   Thumb Code   108  netapp.o(.text._sl_HandleAsync_PingResponse)
    _sl_HandleAsync_Select                   0x000022a5   Thumb Code    56  socket.o(.text._sl_HandleAsync_Select)
    _sl_HandleAsync_Stop                     0x000022dd   Thumb Code    32  device.o(.text._sl_HandleAsync_Stop)
    _sl_TruncatePayloadByProtocol            0x00002301   Thumb Code    32  socket.o(.text._sl_TruncatePayloadByProtocol)
    initClk                                  0x000024c1   Thumb Code    20  board.o(.text.initClk)
    main                                     0x000024d9   Thumb Code  2508  st7735main.o(.text.main)
    registerInterruptHandler                 0x00003039   Thumb Code     8  board.o(.text.registerInterruptHandler)
    sl_Close                                 0x000030b1   Thumb Code    24  socket.o(.text.sl_Close)
    sl_Connect                               0x000030cd   Thumb Code   220  socket.o(.text.sl_Connect)
    sl_DevGet                                0x000031a9   Thumb Code   100  device.o(.text.sl_DevGet)
    sl_Htonl                                 0x00003215   Thumb Code     4  socket.o(.text.sl_Htonl)
    sl_Htons                                 0x00003219   Thumb Code     4  socket.o(.text.sl_Htons)
    sl_NetAppDnsGetHostByName                0x0000321d   Thumb Code   208  netapp.o(.text.sl_NetAppDnsGetHostByName)
    sl_NetAppMDNSRegisterUnregisterService   0x000032f5   Thumb Code   128  netapp.o(.text.sl_NetAppMDNSRegisterUnregisterService)
    sl_NetAppMDNSUnRegisterService           0x00003379   Thumb Code    20  netapp.o(.text.sl_NetAppMDNSUnRegisterService)
    sl_NetAppSendTokenValue                  0x0000338d   Thumb Code    72  netapp.o(.text.sl_NetAppSendTokenValue)
    sl_NetCfgSet                             0x000033d9   Thumb Code    56  netcfg.o(.text.sl_NetCfgSet)
    sl_Recv                                  0x00003415   Thumb Code    60  socket.o(.text.sl_Recv)
    sl_Send                                  0x00003455   Thumb Code   148  socket.o(.text.sl_Send)
    sl_Socket                                0x000034f1   Thumb Code    44  socket.o(.text.sl_Socket)
    sl_Start                                 0x00003521   Thumb Code   156  device.o(.text.sl_Start)
    sl_Stop                                  0x000035c9   Thumb Code   176  device.o(.text.sl_Stop)
    sl_WlanConnect                           0x00003685   Thumb Code   384  wlan.o(.text.sl_WlanConnect)
    sl_WlanDisconnect                        0x00003809   Thumb Code     8  wlan.o(.text.sl_WlanDisconnect)
    sl_WlanPolicySet                         0x00003811   Thumb Code    52  wlan.o(.text.sl_WlanPolicySet)
    sl_WlanProfileDel                        0x00003849   Thumb Code    24  wlan.o(.text.sl_WlanProfileDel)
    sl_WlanSet                               0x00003865   Thumb Code    56  wlan.o(.text.sl_WlanSet)
    sl_WlanSetMode                           0x000038a1   Thumb Code    24  wlan.o(.text.sl_WlanSetMode)
    spi_Close                                0x000038bd   Thumb Code    10  spi.o(.text.spi_Close)
    spi_Open                                 0x000038c9   Thumb Code   196  spi.o(.text.spi_Open)
    spi_Read                                 0x000039a9   Thumb Code    76  spi.o(.text.spi_Read)
    spi_Write                                0x000039f5   Thumb Code    72  spi.o(.text.spi_Write)
    FPUEnable                                0x00003a75   Thumb Code    12  fpu.o(i.FPUEnable)
    FPULazyStackingEnable                    0x00003a85   Thumb Code    12  fpu.o(i.FPULazyStackingEnable)
    GPIODirModeSet                           0x00003a95   Thumb Code    40  gpio.o(i.GPIODirModeSet)
    GPIOIntClear                             0x00003abd   Thumb Code     6  gpio.o(i.GPIOIntClear)
    GPIOIntDisable                           0x00003ac3   Thumb Code    14  gpio.o(i.GPIOIntDisable)
    GPIOIntEnable                            0x00003ad1   Thumb Code    14  gpio.o(i.GPIOIntEnable)
    GPIOIntStatus                            0x00003adf   Thumb Code    14  gpio.o(i.GPIOIntStatus)
    GPIOIntTypeSet                           0x00003aed   Thumb Code    80  gpio.o(i.GPIOIntTypeSet)
    GPIOPadConfigSet                         0x00003b3d   Thumb Code   314  gpio.o(i.GPIOPadConfigSet)
    GPIOPinConfigure                         0x00003c79   Thumb Code    64  gpio.o(i.GPIOPinConfigure)
    GPIOPinTypeGPIOInput                     0x00003cc1   Thumb Code    28  gpio.o(i.GPIOPinTypeGPIOInput)
    GPIOPinTypeGPIOOutput                    0x00003cdd   Thumb Code    28  gpio.o(i.GPIOPinTypeGPIOOutput)
    GPIOPinTypeSSI                           0x00003cf9   Thumb Code    28  gpio.o(i.GPIOPinTypeSSI)
    GPIOPinWrite                             0x00003d15   Thumb Code     6  gpio.o(i.GPIOPinWrite)
    IntEnable                                0x00003d1d   Thumb Code    92  interrupt.o(i.IntEnable)
    IntMasterEnable                          0x00003d81   Thumb Code    14  interrupt.o(i.IntMasterEnable)
    SSIConfigSetExpClk                       0x00003d8f   Thumb Code    74  ssi.o(i.SSIConfigSetExpClk)
    SSIDataGetNonBlocking                    0x00003dd9   Thumb Code    20  ssi.o(i.SSIDataGetNonBlocking)
    SSIDataPutNonBlocking                    0x00003ded   Thumb Code    16  ssi.o(i.SSIDataPutNonBlocking)
    SSIEnable                                0x00003dfd   Thumb Code    10  ssi.o(i.SSIEnable)
    SysCtlClockGet                           0x00003e09   Thumb Code   314  sysctl.o(i.SysCtlClockGet)
    SysCtlClockSet                           0x00003f6d   Thumb Code   270  sysctl.o(i.SysCtlClockSet)
    SysCtlPeripheralEnable                   0x0000408d   Thumb Code    36  sysctl.o(i.SysCtlPeripheralEnable)
    __scatterload_copy                       0x000040b5   Thumb Code    14  handlers.o(i.__scatterload_copy)
    __scatterload_null                       0x000040c3   Thumb Code     2  handlers.o(i.__scatterload_null)
    __scatterload_zeroinit                   0x000040c5   Thumb Code    14  handlers.o(i.__scatterload_zeroinit)
    _SlActionLookupTable                     0x00004b30   Data          56  driver.o(.rodata._SlActionLookupTable)
    _SlDeviceGetCmdCtrl                      0x00004b68   Data           4  device.o(.rodata._SlDeviceGetCmdCtrl)
    _SlGetHostByNameCtrl                     0x00004b6c   Data           4  netapp.o(.rodata._SlGetHostByNameCtrl)
    _SlNetAppSendTokenValueCmdCtrl           0x00004b70   Data           4  netapp.o(.rodata._SlNetAppSendTokenValueCmdCtrl)
    _SlNetCfgSetCmdCtrl                      0x00004b74   Data           4  netcfg.o(.rodata._SlNetCfgSetCmdCtrl)
    _SlPolicySetCmdCtrl                      0x00004b78   Data           4  wlan.o(.rodata._SlPolicySetCmdCtrl)
    _SlProfileDelCmdCtrl                     0x00004b7c   Data           4  wlan.o(.rodata._SlProfileDelCmdCtrl)
    _SlRecvCmdCtrl                           0x00004b80   Data           4  socket.o(.rodata._SlRecvCmdCtrl)
    _SlRegisterServiceCtrl                   0x00004b84   Data           4  netapp.o(.rodata._SlRegisterServiceCtrl)
    _SlSendCmdCtrl                           0x00004b88   Data           4  socket.o(.rodata._SlSendCmdCtrl)
    _SlSockCloseCmdCtrl                      0x00004b8c   Data           4  socket.o(.rodata._SlSockCloseCmdCtrl)
    _SlSockSocketCmdCtrl                     0x00004b90   Data           4  socket.o(.rodata._SlSockSocketCmdCtrl)
    _SlStopCmdCtrl                           0x00004b94   Data           4  device.o(.rodata._SlStopCmdCtrl)
    _SlWlanCfgSetCmdCtrl                     0x00004b98   Data           4  wlan.o(.rodata._SlWlanCfgSetCmdCtrl)
    _SlWlanSetModeCmdCtrl                    0x00004b9c   Data           4  wlan.o(.rodata._SlWlanSetModeCmdCtrl)
    clear_bmp                                0x00004ba0   Data        4096  st7735main.o(.rodata.clear_bmp)
    cloudy_bmp                               0x00005ba0   Data        4096  st7735main.o(.rodata.cloudy_bmp)
    g_H2NCnysPattern                         0x00006ba0   Data           8  driver.o(.rodata.g_H2NCnysPattern)
    g_H2NSyncPattern                         0x00006ba8   Data           8  driver.o(.rodata.g_H2NSyncPattern)
    rainy_bmp                                0x00006bbc   Data        4096  st7735main.o(.rodata.rainy_bmp)
    Region$$Table$$Base                      0x00007f18   Number         0  anon$$obj.o(Region$$Table)
    Region$$Table$$Limit                     0x00007f38   Number         0  anon$$obj.o(Region$$Table)
    StTextColor                              0x20000000   Data           2  st7735.o(.data.StTextColor)
    StX                                      0x20000010   Data           4  st7735.o(.bss..L_MergedGlobals)
    StY                                      0x20000014   Data           4  st7735.o(.bss..L_MergedGlobals)
    Messageindex                             0x20000018   Data           4  st7735.o(.bss..L_MergedGlobals)
    Ymax                                     0x2000001c   Data           4  st7735.o(.bss..L_MergedGlobals)
    Ymin                                     0x20000020   Data           4  st7735.o(.bss..L_MergedGlobals)
    Yrange                                   0x20000024   Data           4  st7735.o(.bss..L_MergedGlobals)
    X                                        0x20000028   Data           4  st7735.o(.bss..L_MergedGlobals)
    lastj                                    0x2000002c   Data           4  st7735.o(.bss..L_MergedGlobals)
    Message                                  0x20000030   Data          12  st7735.o(.bss..L_MergedGlobals)
    g_Status                                 0x20000058   Data           4  st7735main.o(.bss..L_MergedGlobals)
    DestinationIP                            0x2000005c   Data           4  st7735main.o(.bss..L_MergedGlobals)
    SockID                                   0x20000060   Data           4  st7735main.o(.bss..L_MergedGlobals)
    HostName                                 0x20000064   Data          40  st7735main.o(.bss..L_MergedGlobals)
    Recvbuff                                 0x2000008c   Data        1024  st7735main.o(.bss.Recvbuff)
    SendBuff                                 0x2000048c   Data         512  st7735main.o(.bss.SendBuff)
    g_StatMem                                0x2000068c   Data         356  driver.o(.bss.g_StatMem)
    g__SlNonOsCB                             0x200007f0   Data          40  nonos.o(.bss.g__SlNonOsCB)
    g_pCB                                    0x20000818   Data           4  driver.o(.bss.g_pCB)
    pIrqEventHandler                         0x20000c9c   Data           4  board.o(.bss.pIrqEventHandler)
    pPingCallBackFunc                        0x20000ca0   Data           4  driver.o(.bss.pPingCallBackFunc)
    __initial_sp                             0x20004ca8   Data           0  startup_rvmdk.o(STACK)



==============================================================================

Memory Map of the image

  Image Entry point : 0x0000026d

  Load Region LR_IROM (Base: 0x00000000, Size: 0x00007f40, Max: 0x00040000, ABSOLUTE)

    Execution Region ER_IROM (Exec base: 0x00000000, Load base: 0x00000000, Size: 0x00007f38, Max: 0x00040000, ABSOLUTE)

    Exec Addr    Load Addr    Size         Type   Attr      Idx    E Section Name        Object

    0x00000000   0x00000000   0x00000288   Code   RO          437  * RESET               startup_rvmdk.o
    0x00000288   0x00000288   0x00000000   Code   RO         1876  * .ARM.Collect$$$$00000000  mc_w.l(entry.o)
    0x00000288   0x00000288   0x00000004   Code   RO         1893    .ARM.Collect$$$$00000001  mc_w.l(entry2.o)
    0x0000028c   0x0000028c   0x00000004   Code   RO         1896    .ARM.Collect$$$$00000004  mc_w.l(entry5.o)
    0x00000290   0x00000290   0x00000000   Code   RO         1898    .ARM.Collect$$$$00000008  mc_w.l(entry7b.o)
    0x00000290   0x00000290   0x00000000   Code   RO         1900    .ARM.Collect$$$$0000000A  mc_w.l(entry8b.o)
    0x00000290   0x00000290   0x00000008   Code   RO         1901    .ARM.Collect$$$$0000000B  mc_w.l(entry9a.o)
    0x00000298   0x00000298   0x00000000   Code   RO         1903    .ARM.Collect$$$$0000000D  mc_w.l(entry10a.o)
    0x00000298   0x00000298   0x00000000   Code   RO         1905    .ARM.Collect$$$$0000000F  mc_w.l(entry11a.o)
    0x00000298   0x00000298   0x00000004   Code   RO         1894    .ARM.Collect$$$$00002712  mc_w.l(entry2.o)
    0x0000029c   0x0000029c   0x00000006   Code   RO         1524    .emb_text           driverlib.lib(sysctl.o)
    0x000002a2   0x000002a2   0x00000002   PAD
    0x000002a4   0x000002a4   0x00000026   Code   RO         1866    .emb_text           driverlib.lib(cpu.o)
    0x000002ca   0x000002ca   0x00000024   Code   RO         1879    .text               mc_w.l(memcpya.o)
    0x000002ee   0x000002ee   0x00000024   Code   RO         1881    .text               mc_w.l(memseta.o)
    0x00000312   0x00000312   0x00000018   Code   RO         1883    .text               mc_w.l(strcat.o)
    0x0000032a   0x0000032a   0x00000024   Code   RO         1885    .text               mc_w.l(strstr.o)
    0x0000034e   0x0000034e   0x0000000e   Code   RO         1887    .text               mc_w.l(strlen.o)
    0x0000035c   0x0000035c   0x00000012   Code   RO         1889    .text               mc_w.l(strcpy.o)
    0x0000036e   0x0000036e   0x00000002   PAD
    0x00000370   0x00000370   0x00000030   Code   RO         1907    .text               mc_w.l(init.o)
    0x000003a0   0x000003a0   0x00000008   Code   RO           14    .text.CC3100_InterruptDisable  board.o
    0x000003a8   0x000003a8   0x00000008   Code   RO           12    .text.CC3100_InterruptEnable  board.o
    0x000003b0   0x000003b0   0x0000000c   Code   RO            8    .text.CC3100_disable  board.o
    0x000003bc   0x000003bc   0x00000010   Code   RO           10    .text.CC3100_enable  board.o
    0x000003cc   0x000003cc   0x00000006   Code   RO          830    .text.Crash         st7735main.o
    0x000003d2   0x000003d2   0x0000001a   Code   RO           20    .text.Delay         board.o
    0x000003ec   0x000003ec   0x0000001e   Code   RO          549    .text.Delay1ms      st7735.o
    0x0000040a   0x0000040a   0x00000002   PAD
    0x0000040c   0x0000040c   0x00000034   Code   RO           22    .text.GPIOB_intHandler  board.o
    0x00000440   0x00000440   0x00000044   Code   RO           63    .text.GetStartResponseConvert  device.o
    0x00000484   0x00000484   0x0000000c   Code   RO           50    .text.LED_GreenOn   led.o
    0x00000490   0x00000490   0x0000004c   Code   RO           36    .text.LED_Init      led.o
    0x000004dc   0x000004dc   0x00000010   Code   RO           44    .text.LED_RedToggle  led.o
    0x000004ec   0x000004ec   0x00000028   Code   RO           83    .text.OUTLINED_FUNCTION_0  device.o
    0x00000514   0x00000514   0x00000006   Code   RO          148    .text.OUTLINED_FUNCTION_0  driver.o
    0x0000051a   0x0000051a   0x00000014   Code   RO          286    .text.OUTLINED_FUNCTION_0  netapp.o
    0x0000052e   0x0000052e   0x0000000e   Code   RO          389    .text.OUTLINED_FUNCTION_0  socket.o
    0x0000053c   0x0000053c   0x00000008   Code   RO          426    .text.OUTLINED_FUNCTION_0  spi.o
    0x00000544   0x00000544   0x00000006   Code   RO          482    .text.OUTLINED_FUNCTION_0  wlan.o
    0x0000054a   0x0000054a   0x0000000e   Code   RO          702    .text.OUTLINED_FUNCTION_0  uartstdio.o
    0x00000558   0x00000558   0x0000000a   Code   RO          844    .text.OUTLINED_FUNCTION_0  st7735main.o
    0x00000562   0x00000562   0x00000010   Code   RO           85    .text.OUTLINED_FUNCTION_1  device.o
    0x00000572   0x00000572   0x0000001c   Code   RO          150    .text.OUTLINED_FUNCTION_1  driver.o
    0x0000058e   0x0000058e   0x0000000e   Code   RO          288    .text.OUTLINED_FUNCTION_1  netapp.o
    0x0000059c   0x0000059c   0x00000016   Code   RO          391    .text.OUTLINED_FUNCTION_1  socket.o
    0x000005b2   0x000005b2   0x0000000e   Code   RO          645    .text.OUTLINED_FUNCTION_1  st7735.o
    0x000005c0   0x000005c0   0x00000012   Code   RO          846    .text.OUTLINED_FUNCTION_1  st7735main.o
    0x000005d2   0x000005d2   0x0000000e   Code   RO          168    .text.OUTLINED_FUNCTION_10  driver.o
    0x000005e0   0x000005e0   0x0000000c   Code   RO          170    .text.OUTLINED_FUNCTION_11  driver.o
    0x000005ec   0x000005ec   0x00000006   Code   RO          172    .text.OUTLINED_FUNCTION_12  driver.o
    0x000005f2   0x000005f2   0x0000000c   Code   RO          174    .text.OUTLINED_FUNCTION_13  driver.o
    0x000005fe   0x000005fe   0x00000008   Code   RO          176    .text.OUTLINED_FUNCTION_14  driver.o
    0x00000606   0x00000606   0x0000000c   Code   RO          178    .text.OUTLINED_FUNCTION_15  driver.o
    0x00000612   0x00000612   0x0000000c   Code   RO          180    .text.OUTLINED_FUNCTION_16  driver.o
    0x0000061e   0x0000061e   0x0000000a   Code   RO          182    .text.OUTLINED_FUNCTION_17  driver.o
    0x00000628   0x00000628   0x0000000e   Code   RO          184    .text.OUTLINED_FUNCTION_18  driver.o
    0x00000636   0x00000636   0x0000000e   Code   RO          186    .text.OUTLINED_FUNCTION_19  driver.o
    0x00000644   0x00000644   0x00000010   Code   RO           87    .text.OUTLINED_FUNCTION_2  device.o
    0x00000654   0x00000654   0x00000008   Code   RO          152    .text.OUTLINED_FUNCTION_2  driver.o
    0x0000065c   0x0000065c   0x00000006   Code   RO          393    .text.OUTLINED_FUNCTION_2  socket.o
    0x00000662   0x00000662   0x0000000e   Code   RO          848    .text.OUTLINED_FUNCTION_2  st7735main.o
    0x00000670   0x00000670   0x0000000a   Code   RO           89    .text.OUTLINED_FUNCTION_3  device.o
    0x0000067a   0x0000067a   0x0000000c   Code   RO          154    .text.OUTLINED_FUNCTION_3  driver.o
    0x00000686   0x00000686   0x0000000a   Code   RO          395    .text.OUTLINED_FUNCTION_3  socket.o
    0x00000690   0x00000690   0x00000018   Code   RO          156    .text.OUTLINED_FUNCTION_4  driver.o
    0x000006a8   0x000006a8   0x0000000a   Code   RO          397    .text.OUTLINED_FUNCTION_4  socket.o
    0x000006b2   0x000006b2   0x0000000a   Code   RO          651    .text.OUTLINED_FUNCTION_4  st7735.o
    0x000006bc   0x000006bc   0x00000016   Code   RO          158    .text.OUTLINED_FUNCTION_5  driver.o
    0x000006d2   0x000006d2   0x00000016   Code   RO          160    .text.OUTLINED_FUNCTION_6  driver.o
    0x000006e8   0x000006e8   0x00000010   Code   RO          162    .text.OUTLINED_FUNCTION_7  driver.o
    0x000006f8   0x000006f8   0x0000000a   Code   RO          164    .text.OUTLINED_FUNCTION_8  driver.o
    0x00000702   0x00000702   0x0000000a   Code   RO          166    .text.OUTLINED_FUNCTION_9  driver.o
    0x0000070c   0x0000070c   0x000000e8   Code   RO          589    .text.ST7735_DrawBitmap  st7735.o
    0x000007f4   0x000007f4   0x000000f0   Code   RO          591    .text.ST7735_DrawCharS  st7735.o
    0x000008e4   0x000008e4   0x00000048   Code   RO          567    .text.ST7735_DrawPixel  st7735.o
    0x0000092c   0x0000092c   0x0000006c   Code   RO          595    .text.ST7735_DrawString  st7735.o
    0x00000998   0x00000998   0x0000007c   Code   RO          583    .text.ST7735_FillRect  st7735.o
    0x00000a14   0x00000a14   0x00000024   Code   RO          557    .text.ST7735_FillScreen  st7735.o
    0x00000a38   0x00000a38   0x0000006c   Code   RO          559    .text.ST7735_InitR  st7735.o
    0x00000aa4   0x00000aa4   0x000000cc   Code   RO          621    .text.ST7735_OutChar  st7735.o
    0x00000b70   0x00000b70   0x00000012   Code   RO          623    .text.ST7735_OutString  st7735.o
    0x00000b82   0x00000b82   0x00000002   PAD
    0x00000b84   0x00000b84   0x0000002c   Code   RO          838    .text.SimpleLinkHttpServerCallback  st7735main.o
    0x00000bb0   0x00000bb0   0x0000003c   Code   RO          836    .text.SimpleLinkNetAppEventHandler  st7735main.o
    0x00000bec   0x00000bec   0x000000b4   Code   RO          834    .text.SimpleLinkWlanEventHandler  st7735main.o
    0x00000ca0   0x00000ca0   0x00000068   Code   RO          680    .text.UARTPrimeTransmit  uartstdio.o
    0x00000d08   0x00000d08   0x00000128   Code   RO          700    .text.UARTStdioIntHandler  uartstdio.o
    0x00000e30   0x00000e30   0x00000010   Code   RO          824    .text.UART_InChar   st7735main.o
    0x00000e40   0x00000e40   0x00000042   Code   RO          828    .text.UART_InString  st7735main.o
    0x00000e82   0x00000e82   0x00000002   PAD
    0x00000e84   0x00000e84   0x00000064   Code   RO          820    .text.UART_Init     st7735main.o
    0x00000ee8   0x00000ee8   0x0000000c   Code   RO          826    .text.UART_OutChar  st7735main.o
    0x00000ef4   0x00000ef4   0x00000018   Code   RO          822    .text.UART_OutString  st7735main.o
    0x00000f0c   0x00000f0c   0x00000070   Code   RO          678    .text.UARTwrite     uartstdio.o
    0x00000f7c   0x00000f7c   0x00000234   Code   RO          140    .text._SlAsyncEventGenericHandler  driver.o
    0x000011b0   0x000011b0   0x00000022   Code   RO          144    .text._SlDrvBasicCmd  driver.o
    0x000011d2   0x000011d2   0x00000002   PAD
    0x000011d4   0x000011d4   0x00000084   Code   RO          136    .text._SlDrvClassifyRxMsg  driver.o
    0x00001258   0x00001258   0x00000038   Code   RO          116    .text._SlDrvCmdOp   driver.o
    0x00001290   0x00001290   0x00000020   Code   RO          122    .text._SlDrvCmdSend  driver.o
    0x000012b0   0x000012b0   0x0000010c   Code   RO          124    .text._SlDrvDataReadOp  driver.o
    0x000013bc   0x000013bc   0x000000e8   Code   RO          130    .text._SlDrvDataWriteOp  driver.o
    0x000014a4   0x000014a4   0x0000001a   Code   RO           81    .text._SlDrvDeviceEventHandler  device.o
    0x000014be   0x000014be   0x00000002   PAD
    0x000014c0   0x000014c0   0x00000060   Code   RO          108    .text._SlDrvDriverCBDeinit  driver.o
    0x00001520   0x00001520   0x00000078   Code   RO          104    .text._SlDrvDriverCBInit  driver.o
    0x00001598   0x00001598   0x00000028   Code   RO          204    .text._SlDrvFlowContDeinit  flowcont.o
    0x000015c0   0x000015c0   0x0000002c   Code   RO          202    .text._SlDrvFlowContInit  flowcont.o
    0x000015ec   0x000015ec   0x0000030c   Code   RO          132    .text._SlDrvMsgRead  driver.o
    0x000018f8   0x000018f8   0x00000098   Code   RO          120    .text._SlDrvMsgReadCmdCtx  driver.o
    0x00001990   0x00001990   0x0000007c   Code   RO          114    .text._SlDrvMsgReadSpawnCtx  driver.o
    0x00001a0c   0x00001a0c   0x000000d4   Code   RO          118    .text._SlDrvMsgWrite  driver.o
    0x00001ae0   0x00001ae0   0x000000d0   Code   RO          284    .text._SlDrvNetAppEventHandler  netapp.o
    0x00001bb0   0x00001bb0   0x00000034   Code   RO          106    .text._SlDrvObjInit  driver.o
    0x00001be4   0x00001be4   0x000000e0   Code   RO          128    .text._SlDrvReleasePoolObj  driver.o
    0x00001cc4   0x00001cc4   0x00000124   Code   RO          134    .text._SlDrvRxHdrRead  driver.o
    0x00001de8   0x00001de8   0x00000038   Code   RO          112    .text._SlDrvRxIrqHandler  driver.o
    0x00001e20   0x00001e20   0x00000016   Code   RO          142    .text._SlDrvShiftDWord  driver.o
    0x00001e36   0x00001e36   0x00000002   PAD
    0x00001e38   0x00001e38   0x000000dc   Code   RO          126    .text._SlDrvWaitForPoolObj  driver.o
    0x00001f14   0x00001f14   0x00000098   Code   RO          138    .text._SlFindAndSetActiveObj  driver.o
    0x00001fac   0x00001fac   0x00000038   Code   RO          326    .text._SlNonOsMainLoopTask  nonos.o
    0x00001fe4   0x00001fe4   0x00000030   Code   RO          324    .text._SlNonOsSemGet  nonos.o
    0x00002014   0x00002014   0x00000006   Code   RO          322    .text._SlNonOsSemSet  nonos.o
    0x0000201a   0x0000201a   0x00000002   PAD
    0x0000201c   0x0000201c   0x00000028   Code   RO          328    .text._SlNonOsSpawn  nonos.o
    0x00002044   0x00002044   0x00000044   Code   RO          146    .text._SlRemoveFromList  driver.o
    0x00002088   0x00002088   0x00000026   Code   RO          339    .text._sl_BuildAddress  socket.o
    0x000020ae   0x000020ae   0x00000002   PAD
    0x000020b0   0x000020b0   0x00000048   Code   RO          369    .text._sl_HandleAsync_Accept  socket.o
    0x000020f8   0x000020f8   0x00000048   Code   RO          357    .text._sl_HandleAsync_Connect  socket.o
    0x00002140   0x00002140   0x0000005c   Code   RO          270    .text._sl_HandleAsync_DnsGetHostByName  netapp.o
    0x0000219c   0x0000219c   0x00000054   Code   RO          264    .text._sl_HandleAsync_DnsGetHostByService  netapp.o
    0x000021f0   0x000021f0   0x00000040   Code   RO           67    .text._sl_HandleAsync_InitComplete  device.o
    0x00002230   0x00002230   0x00000074   Code   RO          274    .text._sl_HandleAsync_PingResponse  netapp.o
    0x000022a4   0x000022a4   0x00000038   Code   RO          387    .text._sl_HandleAsync_Select  socket.o
    0x000022dc   0x000022dc   0x00000024   Code   RO           69    .text._sl_HandleAsync_Stop  device.o
    0x00002300   0x00002300   0x0000004c   Code   RO          341    .text._sl_TruncatePayloadByProtocol  socket.o
    0x0000234c   0x0000234c   0x0000004a   Code   RO          561    .text.commandList   st7735.o
    0x00002396   0x00002396   0x00000002   PAD
    0x00002398   0x00002398   0x00000128   Code   RO          553    .text.commonInit    st7735.o
    0x000024c0   0x000024c0   0x00000018   Code   RO            2    .text.initClk       board.o
    0x000024d8   0x000024d8   0x00000b4c   Code   RO          832    .text.main          st7735main.o
    0x00003024   0x00003024   0x00000014   Code   RO          571    .text.pushColor     st7735.o
    0x00003038   0x00003038   0x0000000c   Code   RO            6    .text.registerInterruptHandler  board.o
    0x00003044   0x00003044   0x0000006c   Code   RO          569    .text.setAddrWindow  st7735.o
    0x000030b0   0x000030b0   0x0000001c   Code   RO          347    .text.sl_Close      socket.o
    0x000030cc   0x000030cc   0x000000dc   Code   RO          355    .text.sl_Connect    socket.o
    0x000031a8   0x000031a8   0x0000006c   Code   RO           77    .text.sl_DevGet     device.o
    0x00003214   0x00003214   0x00000004   Code   RO          365    .text.sl_Htonl      socket.o
    0x00003218   0x00003218   0x00000004   Code   RO          367    .text.sl_Htons      socket.o
    0x0000321c   0x0000321c   0x000000d8   Code   RO          268    .text.sl_NetAppDnsGetHostByName  netapp.o
    0x000032f4   0x000032f4   0x00000084   Code   RO          256    .text.sl_NetAppMDNSRegisterUnregisterService  netapp.o
    0x00003378   0x00003378   0x00000014   Code   RO          260    .text.sl_NetAppMDNSUnRegisterService  netapp.o
    0x0000338c   0x0000338c   0x0000004c   Code   RO          280    .text.sl_NetAppSendTokenValue  netapp.o
    0x000033d8   0x000033d8   0x0000003c   Code   RO          308    .text.sl_NetCfgSet  netcfg.o
    0x00003414   0x00003414   0x00000040   Code   RO          371    .text.sl_Recv       socket.o
    0x00003454   0x00003454   0x0000009c   Code   RO          359    .text.sl_Send       socket.o
    0x000034f0   0x000034f0   0x00000030   Code   RO          345    .text.sl_Socket     socket.o
    0x00003520   0x00003520   0x000000a8   Code   RO           65    .text.sl_Start      device.o
    0x000035c8   0x000035c8   0x000000bc   Code   RO           71    .text.sl_Stop       device.o
    0x00003684   0x00003684   0x00000184   Code   RO          444    .text.sl_WlanConnect  wlan.o
    0x00003808   0x00003808   0x00000008   Code   RO          446    .text.sl_WlanDisconnect  wlan.o
    0x00003810   0x00003810   0x00000038   Code   RO          448    .text.sl_WlanPolicySet  wlan.o
    0x00003848   0x00003848   0x0000001c   Code   RO          456    .text.sl_WlanProfileDel  wlan.o
    0x00003864   0x00003864   0x0000003c   Code   RO          478    .text.sl_WlanSet    wlan.o
    0x000038a0   0x000038a0   0x0000001c   Code   RO          476    .text.sl_WlanSetMode  wlan.o
    0x000038bc   0x000038bc   0x0000000a   Code   RO          418    .text.spi_Close     spi.o
    0x000038c6   0x000038c6   0x00000002   PAD
    0x000038c8   0x000038c8   0x000000e0   Code   RO          420    .text.spi_Open      spi.o
    0x000039a8   0x000039a8   0x0000004c   Code   RO          424    .text.spi_Read      spi.o
    0x000039f4   0x000039f4   0x0000004c   Code   RO          422    .text.spi_Write     spi.o
    0x00003a40   0x00003a40   0x00000018   Code   RO          563    .text.writecommand  st7735.o
    0x00003a58   0x00003a58   0x0000001c   Code   RO          565    .text.writedata     st7735.o
    0x00003a74   0x00003a74   0x00000010   Code   RO          867    i.FPUEnable         driverlib.lib(fpu.o)
    0x00003a84   0x00003a84   0x00000010   Code   RO          870    i.FPULazyStackingEnable  driverlib.lib(fpu.o)
    0x00003a94   0x00003a94   0x00000028   Code   RO          944    i.GPIODirModeSet    driverlib.lib(gpio.o)
    0x00003abc   0x00003abc   0x00000006   Code   RO          945    i.GPIOIntClear      driverlib.lib(gpio.o)
    0x00003ac2   0x00003ac2   0x0000000e   Code   RO          946    i.GPIOIntDisable    driverlib.lib(gpio.o)
    0x00003ad0   0x00003ad0   0x0000000e   Code   RO          947    i.GPIOIntEnable     driverlib.lib(gpio.o)
    0x00003ade   0x00003ade   0x0000000e   Code   RO          949    i.GPIOIntStatus     driverlib.lib(gpio.o)
    0x00003aec   0x00003aec   0x00000050   Code   RO          951    i.GPIOIntTypeSet    driverlib.lib(gpio.o)
    0x00003b3c   0x00003b3c   0x0000013a   Code   RO          954    i.GPIOPadConfigSet  driverlib.lib(gpio.o)
    0x00003c76   0x00003c76   0x00000002   PAD
    0x00003c78   0x00003c78   0x00000048   Code   RO          955    i.GPIOPinConfigure  driverlib.lib(gpio.o)
    0x00003cc0   0x00003cc0   0x0000001c   Code   RO          964    i.GPIOPinTypeGPIOInput  driverlib.lib(gpio.o)
    0x00003cdc   0x00003cdc   0x0000001c   Code   RO          965    i.GPIOPinTypeGPIOOutput  driverlib.lib(gpio.o)
    0x00003cf8   0x00003cf8   0x0000001c   Code   RO          978    i.GPIOPinTypeSSI    driverlib.lib(gpio.o)
    0x00003d14   0x00003d14   0x00000006   Code   RO          986    i.GPIOPinWrite      driverlib.lib(gpio.o)
    0x00003d1a   0x00003d1a   0x00000002   PAD
    0x00003d1c   0x00003d1c   0x00000064   Code   RO         1260    i.IntEnable         driverlib.lib(interrupt.o)
    0x00003d80   0x00003d80   0x0000000e   Code   RO         1263    i.IntMasterEnable   driverlib.lib(interrupt.o)
    0x00003d8e   0x00003d8e   0x0000004a   Code   RO         1380    i.SSIConfigSetExpClk  driverlib.lib(ssi.o)
    0x00003dd8   0x00003dd8   0x00000014   Code   RO         1384    i.SSIDataGetNonBlocking  driverlib.lib(ssi.o)
    0x00003dec   0x00003dec   0x00000010   Code   RO         1386    i.SSIDataPutNonBlocking  driverlib.lib(ssi.o)
    0x00003dfc   0x00003dfc   0x0000000a   Code   RO         1388    i.SSIEnable         driverlib.lib(ssi.o)
    0x00003e06   0x00003e06   0x00000002   PAD
    0x00003e08   0x00003e08   0x00000164   Code   RO         1527    i.SysCtlClockGet    driverlib.lib(sysctl.o)
    0x00003f6c   0x00003f6c   0x00000120   Code   RO         1529    i.SysCtlClockSet    driverlib.lib(sysctl.o)
    0x0000408c   0x0000408c   0x00000028   Code   RO         1558    i.SysCtlPeripheralEnable  driverlib.lib(sysctl.o)
    0x000040b4   0x000040b4   0x0000000e   Code   RO         1911    i.__scatterload_copy  mc_w.l(handlers.o)
    0x000040c2   0x000040c2   0x00000002   Code   RO         1912    i.__scatterload_null  mc_w.l(handlers.o)
    0x000040c4   0x000040c4   0x0000000e   Code   RO         1913    i.__scatterload_zeroinit  mc_w.l(handlers.o)
    0x000040d2   0x000040d2   0x00000002   PAD
    0x000040d4   0x000040d4   0x00000210   Data   RO          987    .constdata          driverlib.lib(gpio.o)
    0x000042e4   0x000042e4   0x0000010c   Data   RO         1276    .constdata          driverlib.lib(interrupt.o)
    0x000043f0   0x000043f0   0x000001c4   Data   RO         1579    .constdata          driverlib.lib(sysctl.o)
    0x000045b4   0x000045b4   0x000004fb   Data   RO          661    .rodata.Font        st7735.o
    0x00004aaf   0x00004aaf   0x0000003b   Data   RO          657    .rodata.Rcmd1       st7735.o
    0x00004aea   0x00004aea   0x0000000d   Data   RO          658    .rodata.Rcmd2green  st7735.o
    0x00004af7   0x00004af7   0x0000000d   Data   RO          659    .rodata.Rcmd2red    st7735.o
    0x00004b04   0x00004b04   0x0000002b   Data   RO          660    .rodata.Rcmd3       st7735.o
    0x00004b2f   0x00004b2f   0x00000001   PAD
    0x00004b30   0x00004b30   0x00000038   Data   RO          192    .rodata._SlActionLookupTable  driver.o
    0x00004b68   0x00004b68   0x00000004   Data   RO           94    .rodata._SlDeviceGetCmdCtrl  device.o
    0x00004b6c   0x00004b6c   0x00000004   Data   RO          295    .rodata._SlGetHostByNameCtrl  netapp.o
    0x00004b70   0x00004b70   0x00000004   Data   RO          297    .rodata._SlNetAppSendTokenValueCmdCtrl  netapp.o
    0x00004b74   0x00004b74   0x00000004   Data   RO          312    .rodata._SlNetCfgSetCmdCtrl  netcfg.o
    0x00004b78   0x00004b78   0x00000004   Data   RO          484    .rodata._SlPolicySetCmdCtrl  wlan.o
    0x00004b7c   0x00004b7c   0x00000004   Data   RO          487    .rodata._SlProfileDelCmdCtrl  wlan.o
    0x00004b80   0x00004b80   0x00000004   Data   RO          405    .rodata._SlRecvCmdCtrl  socket.o
    0x00004b84   0x00004b84   0x00000004   Data   RO          293    .rodata._SlRegisterServiceCtrl  netapp.o
    0x00004b88   0x00004b88   0x00000004   Data   RO          402    .rodata._SlSendCmdCtrl  socket.o
    0x00004b8c   0x00004b8c   0x00000004   Data   RO          400    .rodata._SlSockCloseCmdCtrl  socket.o
    0x00004b90   0x00004b90   0x00000004   Data   RO          399    .rodata._SlSockSocketCmdCtrl  socket.o
    0x00004b94   0x00004b94   0x00000004   Data   RO           91    .rodata._SlStopCmdCtrl  device.o
    0x00004b98   0x00004b98   0x00000004   Data   RO          494    .rodata._SlWlanCfgSetCmdCtrl  wlan.o
    0x00004b9c   0x00004b9c   0x00000004   Data   RO          493    .rodata._SlWlanSetModeCmdCtrl  wlan.o
    0x00004ba0   0x00004ba0   0x00001000   Data   RO          850    .rodata.clear_bmp   st7735main.o
    0x00005ba0   0x00005ba0   0x00001000   Data   RO          851    .rodata.cloudy_bmp  st7735main.o
    0x00006ba0   0x00006ba0   0x00000008   Data   RO          191    .rodata.g_H2NCnysPattern  driver.o
    0x00006ba8   0x00006ba8   0x00000008   Data   RO          190    .rodata.g_H2NSyncPattern  driver.o
    0x00006bb0   0x00006bb0   0x0000000c   Data   RO          704    .rodata.g_ui32UARTInt  uartstdio.o
    0x00006bbc   0x00006bbc   0x00001000   Data   RO          852    .rodata.rainy_bmp   st7735main.o
    0x00007bbc   0x00007bbc   0x00000264   Data   RO          853    .rodata.str1.1      st7735main.o
    0x00007e20   0x00007e20   0x000000f7   Data   RO          854    .rodata.str1.4      st7735main.o
    0x00007f17   0x00007f17   0x00000001   PAD
    0x00007f18   0x00007f18   0x00000020   Data   RO         1910    Region$$Table       anon$$obj.o


    Execution Region RW_IRAM (Exec base: 0x20000000, Load base: 0x00007f38, Size: 0x00004ca8, Max: 0x00008000, ABSOLUTE)

    Exec Addr    Load Addr    Size         Type   Attr      Idx    E Section Name        Object

    0x20000000   0x00007f38   0x00000002   Data   RW          655    .data.StTextColor   st7735.o
    0x20000002   0x00007f3a   0x00000006   PAD
    0x20000008        -       0x00000034   Zero   RW          663    .bss..L_MergedGlobals  st7735.o
    0x2000003c        -       0x0000001c   Zero   RW          707    .bss..L_MergedGlobals  uartstdio.o
    0x20000058        -       0x00000034   Zero   RW          858    .bss..L_MergedGlobals  st7735main.o
    0x2000008c        -       0x00000400   Zero   RW          855    .bss.Recvbuff       st7735main.o
    0x2000048c        -       0x00000200   Zero   RW          856    .bss.SendBuff       st7735main.o
    0x2000068c        -       0x00000164   Zero   RW          193    .bss.g_StatMem      driver.o
    0x200007f0        -       0x00000028   Zero   RW          330    .bss.g__SlNonOsCB   nonos.o
    0x20000818        -       0x00000004   Zero   RW          188    .bss.g_pCB          driver.o
    0x2000081c        -       0x00000080   Zero   RW          706    .bss.g_pcUARTRxBuffer  uartstdio.o
    0x2000089c        -       0x00000400   Zero   RW          705    .bss.g_pcUARTTxBuffer  uartstdio.o
    0x20000c9c        -       0x00000004   Zero   RW           26    .bss.pIrqEventHandler  board.o
    0x20000ca0        -       0x00000004   Zero   RW          189    .bss.pPingCallBackFunc  driver.o
    0x20000ca4   0x00007f3a   0x00000004   PAD
    0x20000ca8        -       0x00004000   Zero   RW          435    STACK               startup_rvmdk.o


==============================================================================

Image component sizes


      Code (inc. data)   RO Data    RW Data    ZI Data      Debug   Object Name

       158         20          0          0          4       2581   board.o
       740         36          8          0          0       8270   device.o
      4160         98         72          0        364      23848   driver.o
        84          4          0          0          0        975   flowcont.o
       104         24          0          0          0       1279   led.o
       978         32         12          0          0      16809   netapp.o
        60          4          4          0          0       2529   netcfg.o
       150          4          0          0         40       2256   nonos.o
       900         64         16          0          0      18529   socket.o
       394         32          0          0          0       1894   spi.o
      1746        128       1403          2         52      17753   st7735.o
      3442        604      13147          0       1588      13266   st7735main.o
       648        622          0          0      16384        324   startup_rvmdk.o
       526         36         12          0       1180       8903   uartstdio.o
       574         20         16          0          0      17305   wlan.o

    ----------------------------------------------------------------------
     14684       1728      14724          4      19620     136521   Object Totals
         0          0         32          0          0          0   (incl. Generated)
        20          0          2          2          8          0   (incl. Padding)

    ----------------------------------------------------------------------

      Code (inc. data)   RO Data    RW Data    ZI Data      Debug   Library Member Name

        38          0          0          0          0        504   cpu.o
        32          8          0          0          0       4992   fpu.o
       644          8        528          0          0       6811   gpio.o
       114          8        268          0          0       1774   interrupt.o
       120          0          0          0          0       2749   ssi.o
       690         64        452          0          0       3951   sysctl.o
         0          0          0          0          0          0   entry.o
         0          0          0          0          0          0   entry10a.o
         0          0          0          0          0          0   entry11a.o
         8          4          0          0          0          0   entry2.o
         4          0          0          0          0          0   entry5.o
         0          0          0          0          0          0   entry7b.o
         0          0          0          0          0          0   entry8b.o
         8          4          0          0          0          0   entry9a.o
        30          0          0          0          0          0   handlers.o
        48         10          0          0          0         68   init.o
        36          0          0          0          0         68   memcpya.o
        36          0          0          0          0        108   memseta.o
        24          0          0          0          0         68   strcat.o
        18          0          0          0          0         68   strcpy.o
        14          0          0          0          0         68   strlen.o
        36          0          0          0          0         80   strstr.o

    ----------------------------------------------------------------------
      1912        106       1248          0          0      21309   Library Totals
        12          0          0          0          0          0   (incl. Padding)

    ----------------------------------------------------------------------

      Code (inc. data)   RO Data    RW Data    ZI Data      Debug   Library Name

      1638         88       1248          0          0      20781   driverlib.lib
       262         18          0          0          0        528   mc_w.l

    ----------------------------------------------------------------------
      1912        106       1248          0          0      21309   Library Totals

    ----------------------------------------------------------------------

==============================================================================


      Code (inc. data)   RO Data    RW Data    ZI Data      Debug   

     16596       1834      15972          4      19620     155666   Grand Totals
     16596       1834      15972          4      19620     155666   ELF Image Totals
     16596       1834      15972          4          0          0   ROM Totals

==============================================================================

    Total RO  Size (Code + RO Data)                32568 (  31.80kB)
    Total RW  Size (RW Data + ZI Data)             19624 (  19.16kB)
    Total ROM Size (Code + RO Data + RW Data)      32572 (  31.81kB)

==============================================================================

